Archive member included to satisfy reference by file (symbol)

c:/st/stm32cubeide_1.9.0/stm32cubeide/plugins/com.st.stm32cube.ide.mcu.externaltools.gnu-tools-for-stm32.10.3-2021.10.win32_1.0.0.202111181127/tools/bin/../lib/gcc/arm-none-eabi/10.3.1/../../../../arm-none-eabi/lib/thumb/v7e-m+dp/hard\libc_nano.a(lib_a-errno.o)
                              ./Core/Src/syscalls.o (__errno)
c:/st/stm32cubeide_1.9.0/stm32cubeide/plugins/com.st.stm32cube.ide.mcu.externaltools.gnu-tools-for-stm32.10.3-2021.10.win32_1.0.0.202111181127/tools/bin/../lib/gcc/arm-none-eabi/10.3.1/../../../../arm-none-eabi/lib/thumb/v7e-m+dp/hard\libc_nano.a(lib_a-exit.o)
                              c:/st/stm32cubeide_1.9.0/stm32cubeide/plugins/com.st.stm32cube.ide.mcu.externaltools.gnu-tools-for-stm32.10.3-2021.10.win32_1.0.0.202111181127/tools/bin/../lib/gcc/arm-none-eabi/10.3.1/../../../../arm-none-eabi/lib/thumb/v7e-m+dp/hard/crt0.o (exit)
c:/st/stm32cubeide_1.9.0/stm32cubeide/plugins/com.st.stm32cube.ide.mcu.externaltools.gnu-tools-for-stm32.10.3-2021.10.win32_1.0.0.202111181127/tools/bin/../lib/gcc/arm-none-eabi/10.3.1/../../../../arm-none-eabi/lib/thumb/v7e-m+dp/hard\libc_nano.a(lib_a-impure.o)
                              c:/st/stm32cubeide_1.9.0/stm32cubeide/plugins/com.st.stm32cube.ide.mcu.externaltools.gnu-tools-for-stm32.10.3-2021.10.win32_1.0.0.202111181127/tools/bin/../lib/gcc/arm-none-eabi/10.3.1/../../../../arm-none-eabi/lib/thumb/v7e-m+dp/hard\libc_nano.a(lib_a-exit.o) (_global_impure_ptr)
c:/st/stm32cubeide_1.9.0/stm32cubeide/plugins/com.st.stm32cube.ide.mcu.externaltools.gnu-tools-for-stm32.10.3-2021.10.win32_1.0.0.202111181127/tools/bin/../lib/gcc/arm-none-eabi/10.3.1/../../../../arm-none-eabi/lib/thumb/v7e-m+dp/hard\libc_nano.a(lib_a-init.o)
                              c:/st/stm32cubeide_1.9.0/stm32cubeide/plugins/com.st.stm32cube.ide.mcu.externaltools.gnu-tools-for-stm32.10.3-2021.10.win32_1.0.0.202111181127/tools/bin/../lib/gcc/arm-none-eabi/10.3.1/../../../../arm-none-eabi/lib/thumb/v7e-m+dp/hard/crt0.o (__libc_init_array)
c:/st/stm32cubeide_1.9.0/stm32cubeide/plugins/com.st.stm32cube.ide.mcu.externaltools.gnu-tools-for-stm32.10.3-2021.10.win32_1.0.0.202111181127/tools/bin/../lib/gcc/arm-none-eabi/10.3.1/../../../../arm-none-eabi/lib/thumb/v7e-m+dp/hard\libc_nano.a(lib_a-malloc.o)
                              ./Core/Src/cQueue.o (malloc)
c:/st/stm32cubeide_1.9.0/stm32cubeide/plugins/com.st.stm32cube.ide.mcu.externaltools.gnu-tools-for-stm32.10.3-2021.10.win32_1.0.0.202111181127/tools/bin/../lib/gcc/arm-none-eabi/10.3.1/../../../../arm-none-eabi/lib/thumb/v7e-m+dp/hard\libc_nano.a(lib_a-memset.o)
                              c:/st/stm32cubeide_1.9.0/stm32cubeide/plugins/com.st.stm32cube.ide.mcu.externaltools.gnu-tools-for-stm32.10.3-2021.10.win32_1.0.0.202111181127/tools/bin/../lib/gcc/arm-none-eabi/10.3.1/../../../../arm-none-eabi/lib/thumb/v7e-m+dp/hard/crt0.o (memset)
c:/st/stm32cubeide_1.9.0/stm32cubeide/plugins/com.st.stm32cube.ide.mcu.externaltools.gnu-tools-for-stm32.10.3-2021.10.win32_1.0.0.202111181127/tools/bin/../lib/gcc/arm-none-eabi/10.3.1/../../../../arm-none-eabi/lib/thumb/v7e-m+dp/hard\libc_nano.a(lib_a-nano-freer.o)
                              c:/st/stm32cubeide_1.9.0/stm32cubeide/plugins/com.st.stm32cube.ide.mcu.externaltools.gnu-tools-for-stm32.10.3-2021.10.win32_1.0.0.202111181127/tools/bin/../lib/gcc/arm-none-eabi/10.3.1/../../../../arm-none-eabi/lib/thumb/v7e-m+dp/hard\libc_nano.a(lib_a-malloc.o) (_free_r)
c:/st/stm32cubeide_1.9.0/stm32cubeide/plugins/com.st.stm32cube.ide.mcu.externaltools.gnu-tools-for-stm32.10.3-2021.10.win32_1.0.0.202111181127/tools/bin/../lib/gcc/arm-none-eabi/10.3.1/../../../../arm-none-eabi/lib/thumb/v7e-m+dp/hard\libc_nano.a(lib_a-nano-mallocr.o)
                              c:/st/stm32cubeide_1.9.0/stm32cubeide/plugins/com.st.stm32cube.ide.mcu.externaltools.gnu-tools-for-stm32.10.3-2021.10.win32_1.0.0.202111181127/tools/bin/../lib/gcc/arm-none-eabi/10.3.1/../../../../arm-none-eabi/lib/thumb/v7e-m+dp/hard\libc_nano.a(lib_a-malloc.o) (_malloc_r)
c:/st/stm32cubeide_1.9.0/stm32cubeide/plugins/com.st.stm32cube.ide.mcu.externaltools.gnu-tools-for-stm32.10.3-2021.10.win32_1.0.0.202111181127/tools/bin/../lib/gcc/arm-none-eabi/10.3.1/../../../../arm-none-eabi/lib/thumb/v7e-m+dp/hard\libc_nano.a(lib_a-printf.o)
                              ./Core/Src/main.o (printf)
c:/st/stm32cubeide_1.9.0/stm32cubeide/plugins/com.st.stm32cube.ide.mcu.externaltools.gnu-tools-for-stm32.10.3-2021.10.win32_1.0.0.202111181127/tools/bin/../lib/gcc/arm-none-eabi/10.3.1/../../../../arm-none-eabi/lib/thumb/v7e-m+dp/hard\libc_nano.a(lib_a-puts.o)
                              ./Core/Src/main.o (puts)
c:/st/stm32cubeide_1.9.0/stm32cubeide/plugins/com.st.stm32cube.ide.mcu.externaltools.gnu-tools-for-stm32.10.3-2021.10.win32_1.0.0.202111181127/tools/bin/../lib/gcc/arm-none-eabi/10.3.1/../../../../arm-none-eabi/lib/thumb/v7e-m+dp/hard\libc_nano.a(lib_a-sbrkr.o)
[...]
Memory Configuration

Name             Origin             Length             Attributes
FLASH            0x0000000008000000 0x0000000000020000 xr
DTCMRAM          0x0000000020000000 0x0000000000020000 xrw
RAM_D1           0x0000000024000000 0x0000000000080000 xrw
RAM_D2           0x0000000030000000 0x0000000000048000 xrw
RAM_D3           0x0000000038000000 0x0000000000010000 xrw
ITCMRAM          0x0000000000000000 0x0000000000010000 xrw
*default*        0x0000000000000000 0xffffffffffffffff

Linker script and memory map

LOAD c:/st/stm32cubeide_1.9.0/stm32cubeide/plugins/com.st.stm32cube.ide.mcu.externaltools.gnu-tools-for-stm32.10.3-2021.10.win32_1.0.0.202111181127/tools/bin/../lib/gcc/arm-none-eabi/10.3.1/thumb/v7e-m+dp/hard/crti.o
LOAD c:/st/stm32cubeide_1.9.0/stm32cubeide/plugins/com.st.stm32cube.ide.mcu.externaltools.gnu-tools-for-stm32.10.3-2021.10.win32_1.0.0.202111181127/tools/bin/../lib/gcc/arm-none-eabi/10.3.1/thumb/v7e-m+dp/hard/crtbegin.o
LOAD c:/st/stm32cubeide_1.9.0/stm32cubeide/plugins/com.st.stm32cube.ide.mcu.externaltools.gnu-tools-for-stm32.10.3-2021.10.win32_1.0.0.202111181127/tools/bin/../lib/gcc/arm-none-eabi/10.3.1/../../../../arm-none-eabi/lib/thumb/v7e-m+dp/hard/crt0.o
LOAD ./Core/Src/cQueue.o
LOAD ./Core/Src/gpio.o
LOAD ./Core/Src/icm209482.o
LOAD ./Core/Src/main.o
LOAD ./Core/Src/sdmmc.o
LOAD ./Core/Src/spi.o
LOAD ./Core/Src/stm32h7xx_hal_msp.o
LOAD ./Core/Src/stm32h7xx_it.o
LOAD ./Core/Src/syscalls.o
LOAD ./Core/Src/sysmem.o
LOAD ./Core/Src/system_stm32h7xx.o
LOAD ./Core/Src/tim.o
LOAD ./Core/Src/usart.o
LOAD ./Core/Startup/startup_stm32h750xbhx.o
LOAD ./Drivers/STM32H7xx_HAL_Driver/Src/stm32h7xx_hal.o
LOAD ./Drivers/STM32H7xx_HAL_Driver/Src/stm32h7xx_hal_cortex.o
LOAD ./Drivers/STM32H7xx_HAL_Driver/Src/stm32h7xx_hal_dma.o
LOAD ./Drivers/STM32H7xx_HAL_Driver/Src/stm32h7xx_hal_dma_ex.o
LOAD ./Drivers/STM32H7xx_HAL_Driver/Src/stm32h7xx_hal_exti.o
LOAD ./Drivers/STM32H7xx_HAL_Driver/Src/stm32h7xx_hal_flash.o
LOAD ./Drivers/STM32H7xx_HAL_Driver/Src/stm32h7xx_hal_flash_ex.o
LOAD ./Drivers/STM32H7xx_HAL_Driver/Src/stm32h7xx_hal_gpio.o
LOAD ./Drivers/STM32H7xx_HAL_Driver/Src/stm32h7xx_hal_hsem.o
LOAD ./Drivers/STM32H7xx_HAL_Driver/Src/stm32h7xx_hal_i2c.o
LOAD ./Drivers/STM32H7xx_HAL_Driver/Src/stm32h7xx_hal_i2c_ex.o
LOAD ./Drivers/STM32H7xx_HAL_Driver/Src/stm32h7xx_hal_mdma.o
LOAD ./Drivers/STM32H7xx_HAL_Driver/Src/stm32h7xx_hal_pwr.o
LOAD ./Drivers/STM32H7xx_HAL_Driver/Src/stm32h7xx_hal_pwr_ex.o
LOAD ./Drivers/STM32H7xx_HAL_Driver/Src/stm32h7xx_hal_rcc.o
LOAD ./Drivers/STM32H7xx_HAL_Driver/Src/stm32h7xx_hal_rcc_ex.o
LOAD ./Drivers/STM32H7xx_HAL_Driver/Src/stm32h7xx_hal_sd.o
LOAD ./Drivers/STM32H7xx_HAL_Driver/Src/stm32h7xx_hal_sd_ex.o
LOAD ./Drivers/STM32H7xx_HAL_Driver/Src/stm32h7xx_hal_spi.o
LOAD ./Drivers/STM32H7xx_HAL_Driver/Src/stm32h7xx_hal_spi_ex.o
LOAD ./Drivers/STM32H7xx_HAL_Driver/Src/stm32h7xx_hal_tim.o
LOAD ./Drivers/STM32H7xx_HAL_Driver/Src/stm32h7xx_hal_tim_ex.o
LOAD ./Drivers/STM32H7xx_HAL_Driver/Src/stm32h7xx_hal_uart.o
LOAD ./Drivers/STM32H7xx_HAL_Driver/Src/stm32h7xx_hal_uart_ex.o
LOAD ./Drivers/STM32H7xx_HAL_Driver/Src/stm32h7xx_ll_delayblock.o
LOAD ./Drivers/STM32H7xx_HAL_Driver/Src/stm32h7xx_ll_sdmmc.o
LOAD ./FATFS/App/fatfs.o
LOAD ./FATFS/Target/bsp_driver_sd.o
LOAD ./FATFS/Target/sd_diskio.o
LOAD ./Middlewares/Third_Party/FatFs/src/diskio.o
LOAD ./Middlewares/Third_Party/FatFs/src/ff.o
LOAD ./Middlewares/Third_Party/FatFs/src/ff_gen_drv.o
LOAD ./Middlewares/Third_Party/FatFs/src/option/ccsbcs.o
LOAD ./Middlewares/Third_Party/FatFs/src/option/syscall.o
START GROUP
LOAD c:/st/stm32cubeide_1.9.0/stm32cubeide/plugins/com.st.stm32cube.ide.mcu.externaltools.gnu-tools-for-stm32.10.3-2021.10.win32_1.0.0.202111181127/tools/bin/../lib/gcc/arm-none-eabi/10.3.1/../../../../arm-none-eabi/lib/thumb/v7e-m+dp/hard\libc_nano.a
LOAD c:/st/stm32cubeide_1.9.0/stm32cubeide/plugins/com.st.stm32cube.ide.mcu.externaltools.gnu-tools-for-stm32.10.3-2021.10.win32_1.0.0.202111181127/tools/bin/../lib/gcc/arm-none-eabi/10.3.1/../../../../arm-none-eabi/lib/thumb/v7e-m+dp/hard\libm.a
END GROUP
START GROUP
LOAD c:/st/stm32cubeide_1.9.0/stm32cubeide/plugins/com.st.stm32cube.ide.mcu.externaltools.gnu-tools-for-stm32.10.3-2021.10.win32_1.0.0.202111181127/tools/bin/../lib/gcc/arm-none-eabi/10.3.1/thumb/v7e-m+dp/hard\libgcc.a
LOAD c:/st/stm32cubeide_1.9.0/stm32cubeide/plugins/com.st.stm32cube.ide.mcu.externaltools.gnu-tools-for-stm32.10.3-2021.10.win32_1.0.0.202111181127/tools/bin/../lib/gcc/arm-none-eabi/10.3.1/../../../../arm-none-eabi/lib/thumb/v7e-m+dp/hard\libc_nano.a
END GROUP
START GROUP
LOAD c:/st/stm32cubeide_1.9.0/stm32cubeide/plugins/com.st.stm32cube.ide.mcu.externaltools.gnu-tools-for-stm32.10.3-2021.10.win32_1.0.0.202111181127/tools/bin/../lib/gcc/arm-none-eabi/10.3.1/thumb/v7e-m+dp/hard\libgcc.a
LOAD c:/st/stm32cubeide_1.9.0/stm32cubeide/plugins/com.st.stm32cube.ide.mcu.externaltools.gnu-tools-for-stm32.10.3-2021.10.win32_1.0.0.202111181127/tools/bin/../lib/gcc/arm-none-eabi/10.3.1/../../../../arm-none-eabi/lib/thumb/v7e-m+dp/hard\libc_nano.a
LOAD c:/st/stm32cubeide_1.9.0/stm32cubeide/plugins/com.st.stm32cube.ide.mcu.externaltools.gnu-tools-for-stm32.10.3-2021.10.win32_1.0.0.202111181127/tools/bin/../lib/gcc/arm-none-eabi/10.3.1/../../../../arm-none-eabi/lib/thumb/v7e-m+dp/hard\libnosys.a
END GROUP
START GROUP
LOAD c:/st/stm32cubeide_1.9.0/stm32cubeide/plugins/com.st.stm32cube.ide.mcu.externaltools.gnu-tools-for-stm32.10.3-2021.10.win32_1.0.0.202111181127/tools/bin/../lib/gcc/arm-none-eabi/10.3.1/thumb/v7e-m+dp/hard\libgcc.a
LOAD c:/st/stm32cubeide_1.9.0/stm32cubeide/plugins/com.st.stm32cube.ide.mcu.externaltools.gnu-tools-for-stm32.10.3-2021.10.win32_1.0.0.202111181127/tools/bin/../lib/gcc/arm-none-eabi/10.3.1/../../../../arm-none-eabi/lib/thumb/v7e-m+dp/hard\libc_nano.a
LOAD c:/st/stm32cubeide_1.9.0/stm32cubeide/plugins/com.st.stm32cube.ide.mcu.externaltools.gnu-tools-for-stm32.10.3-2021.10.win32_1.0.0.202111181127/tools/bin/../lib/gcc/arm-none-eabi/10.3.1/../../../../arm-none-eabi/lib/thumb/v7e-m+dp/hard\libnosys.a
END GROUP
LOAD c:/st/stm32cubeide_1.9.0/stm32cubeide/plugins/com.st.stm32cube.ide.mcu.externaltools.gnu-tools-for-stm32.10.3-2021.10.win32_1.0.0.202111181127/tools/bin/../lib/gcc/arm-none-eabi/10.3.1/thumb/v7e-m+dp/hard/crtend.o
LOAD c:/st/stm32cubeide_1.9.0/stm32cubeide/plugins/com.st.stm32cube.ide.mcu.externaltools.gnu-tools-for-stm32.10.3-2021.10.win32_1.0.0.202111181127/tools/bin/../lib/gcc/arm-none-eabi/10.3.1/thumb/v7e-m+dp/hard/crtn.o
                0x0000000024080000                _estack = (ORIGIN (RAM_D1) + LENGTH (RAM_D1))
                0x0000000000000200                _Min_Heap_Size = 0x200
                0x0000000000000400                _Min_Stack_Size = 0x400

.isr_vector     0x0000000008000000      0x298
                0x0000000008000000                . = ALIGN (0x4)
 *(.isr_vector)
 .isr_vector    0x0000000008000000      0x298 ./Core/Startup/startup_stm32h750xbhx.o
                0x0000000008000000                g_pfnVectors
                0x0000000008000298                . = ALIGN (0x4)

.text           0x00000000080002a0    0x11a10
                0x00000000080002a0                . = ALIGN (0x4)
 *(.text)
 .text          0x00000000080002a0       0x40 c:/st/stm32cubeide_1.9.0/stm32cubeide/plugins/com.st.stm32cube.ide.mcu.externaltools.gnu-tools-for-stm32.10.3-2021.10.win32_1.0.0.202111181127/tools/bin/../lib/gcc/arm-none-eabi/10.3.1/thumb/v7e-m+dp/hard/crtbegin.o
 .text          0x00000000080002e0       0xa0 c:/st/stm32cubeide_1.9.0/stm32cubeide/plugins/com.st.stm32cube.ide.mcu.externaltools.gnu-tools-for-stm32.10.3-2021.10.win32_1.0.0.202111181127/tools/bin/../lib/gcc/arm-none-eabi/10.3.1/../../../../arm-none-eabi/lib/thumb/v7e-m+dp/hard\libc_nano.a(lib_a-memchr.o)
                0x00000000080002e0                memchr
 .text          0x0000000008000380       0x30 c:/st/stm32cubeide_1.9.0/stm32cubeide/plugins/com.st.stm32cube.ide.mcu.externaltools.gnu-tools-for-stm32.10.3-2021.10.win32_1.0.0.202111181127/tools/bin/../lib/gcc/arm-none-eabi/10.3.1/thumb/v7e-m+dp/hard\libgcc.a(_aeabi_uldivmod.o)
                0x0000000008000380                __aeabi_uldivmod
 .text          0x00000000080003b0      0x2d0 c:/st/stm32cubeide_1.9.0/stm32cubeide/plugins/com.st.stm32cube.ide.mcu.externaltools.gnu-tools-for-stm32.10.3-2021.10.win32_1.0.0.202111181127/tools/bin/../lib/gcc/arm-none-eabi/10.3.1/thumb/v7e-m+dp/hard\libgcc.a(_udivmoddi4.o)
                0x00000000080003b0                __udivmoddi4
 .text          0x0000000008000680        0x4 c:/st/stm32cubeide_1.9.0/stm32cubeide/plugins/com.st.stm32cube.ide.mcu.externaltools.gnu-tools-for-stm32.10.3-2021.10.win32_1.0.0.202111181127/tools/bin/../lib/gcc/arm-none-eabi/10.3.1/thumb/v7e-m+dp/hard\libgcc.a(_dvmd_tls.o)
                0x0000000008000680                __aeabi_idiv0
                0x0000000008000680                __aeabi_ldiv0
 *(.text*)
 .text.MX_GPIO_Init
                0x0000000008000684      0x160 ./Core/Src/gpio.o
                0x0000000008000684                MX_GPIO_Init
 .text.icm20948_init
                0x00000000080007e4       0x62 ./Core/Src/icm209482.o
                0x00000000080007e4                icm20948_init
 .text.ak09916_init
                0x0000000008000846       0x32 ./Core/Src/icm209482.o
                0x0000000008000846                ak09916_init
 .text.icm20948_gyro_read
                0x0000000008000878       0x68 ./Core/Src/icm209482.o
                0x0000000008000878                icm20948_gyro_read
 .text.icm20948_accel_read
                0x00000000080008e0       0x68 ./Core/Src/icm209482.o
                0x00000000080008e0                icm20948_accel_read
 .text.icm20948_accel_gyro_read
                0x0000000008000948       0xb6 ./Core/Src/icm209482.o
                0x0000000008000948                icm20948_accel_gyro_read
 .text.ak09916_mag_read
                0x00000000080009fe       0x98 ./Core/Src/icm209482.o
                0x00000000080009fe                ak09916_mag_read
 .text.icm20948_who_am_i
                0x0000000008000a96       0x26 ./Core/Src/icm209482.o
                0x0000000008000a96                icm20948_who_am_i
 .text.ak09916_who_am_i
                0x0000000008000abc       0x24 ./Core/Src/icm209482.o
                0x0000000008000abc                ak09916_who_am_i
 .text.icm20948_device_reset
                0x0000000008000ae0       0x18 ./Core/Src/icm209482.o
                0x0000000008000ae0                icm20948_device_reset
 .text.ak09916_soft_reset
                0x0000000008000af8       0x16 ./Core/Src/icm209482.o
                0x0000000008000af8                ak09916_soft_reset
 .text.icm20948_wakeup
                0x0000000008000b0e       0x34 ./Core/Src/icm209482.o
                0x0000000008000b0e                icm20948_wakeup
 .text.icm20948_spi_slave_enable
                0x0000000008000b42       0x2e ./Core/Src/icm209482.o
                0x0000000008000b42                icm20948_spi_slave_enable
 .text.icm20948_i2c_master_reset
                0x0000000008000b70       0x2e ./Core/Src/icm209482.o
                0x0000000008000b70                icm20948_i2c_master_reset
 .text.icm20948_i2c_master_enable
                0x0000000008000b9e       0x34 ./Core/Src/icm209482.o
                0x0000000008000b9e                icm20948_i2c_master_enable
 .text.icm20948_i2c_master_clk_frq
                0x0000000008000bd2       0x32 ./Core/Src/icm209482.o
                0x0000000008000bd2                icm20948_i2c_master_clk_frq
 .text.icm20948_clock_source
                0x0000000008000c04       0x32 ./Core/Src/icm209482.o
                0x0000000008000c04                icm20948_clock_source
 .text.icm20948_odr_align_enable
                0x0000000008000c36       0x12 ./Core/Src/icm209482.o
                0x0000000008000c36                icm20948_odr_align_enable
 .text.icm20948_gyro_low_pass_filter
                0x0000000008000c48       0x3a ./Core/Src/icm209482.o
                0x0000000008000c48                icm20948_gyro_low_pass_filter
 .text.icm20948_accel_low_pass_filter
                0x0000000008000c82       0x3a ./Core/Src/icm209482.o
                0x0000000008000c82                icm20948_accel_low_pass_filter
 .text.icm20948_gyro_sample_rate_divider
                0x0000000008000cbc       0x1e ./Core/Src/icm209482.o
                0x0000000008000cbc                icm20948_gyro_sample_rate_divider
 .text.icm20948_data_ready_int_enable
                0x0000000008000cda       0x1e ./Core/Src/icm209482.o
                0x0000000008000cda                icm20948_data_ready_int_enable
 .text.icm20948_accel_sample_rate_divider
                0x0000000008000cf8       0x3c ./Core/Src/icm209482.o
                0x0000000008000cf8                icm20948_accel_sample_rate_divider
 .text.ak09916_operation_mode_setting
                0x0000000008000d34       0x22 ./Core/Src/icm209482.o
                0x0000000008000d34                ak09916_operation_mode_setting
 *fill*         0x0000000008000d56        0x2 
 .text.icm20948_gyro_calibration
                0x0000000008000d58      0x104 ./Core/Src/icm209482.o
                0x0000000008000d58                icm20948_gyro_calibration
 .text.icm20948_accel_calibration
                0x0000000008000e5c      0x1ec ./Core/Src/icm209482.o
                0x0000000008000e5c                icm20948_accel_calibration
 .text.icm20948_gyro_full_scale_select
                0x0000000008001048       0x94 ./Core/Src/icm209482.o
                0x0000000008001048                icm20948_gyro_full_scale_select
 .text.icm20948_accel_full_scale_select
                0x00000000080010dc       0x8c ./Core/Src/icm209482.o
                0x00000000080010dc                icm20948_accel_full_scale_select
 .text.cs_high  0x0000000008001168       0x18 ./Core/Src/icm209482.o
 .text.cs_low   0x0000000008001180       0x18 ./Core/Src/icm209482.o
 .text.select_user_bank
                0x0000000008001198       0x34 ./Core/Src/icm209482.o
 .text.read_single_icm20948_reg
                0x00000000080011cc       0x58 ./Core/Src/icm209482.o
 .text.write_single_icm20948_reg
                0x0000000008001224       0x48 ./Core/Src/icm209482.o
 .text.read_multiple_icm20948_reg
                0x000000000800126c       0x60 ./Core/Src/icm209482.o
 .text.write_multiple_icm20948_reg
                0x00000000080012cc       0x58 ./Core/Src/icm209482.o
 .text.read_single_ak09916_reg
                0x0000000008001324       0x42 ./Core/Src/icm209482.o
 .text.write_single_ak09916_reg
                0x0000000008001366       0x44 ./Core/Src/icm209482.o
 .text.read_multiple_ak09916_reg
                0x00000000080013aa       0x54 ./Core/Src/icm209482.o
 *fill*         0x00000000080013fe        0x2 
 .text.HAL_GPIO_EXTI_Callback
                0x0000000008001400       0x4c ./Core/Src/main.o
                0x0000000008001400                HAL_GPIO_EXTI_Callback
 .text.main     0x000000000800144c      0x28c ./Core/Src/main.o
                0x000000000800144c                main
 .text.SystemClock_Config
                0x00000000080016d8      0x108 ./Core/Src/main.o
                0x00000000080016d8                SystemClock_Config
 .text.__io_putchar
                0x00000000080017e0       0x24 ./Core/Src/main.o
                0x00000000080017e0                __io_putchar
 .text.Error_Handler
                0x0000000008001804        0xa ./Core/Src/main.o
                0x0000000008001804                Error_Handler
 *fill*         0x000000000800180e        0x2 
 .text.MX_SDMMC1_SD_Init
                0x0000000008001810       0x3c ./Core/Src/sdmmc.o
                0x0000000008001810                MX_SDMMC1_SD_Init
 .text.HAL_SD_MspInit
                0x000000000800184c      0x148 ./Core/Src/sdmmc.o
                0x000000000800184c                HAL_SD_MspInit
 .text.MX_SPI2_Init
                0x0000000008001994       0xb0 ./Core/Src/spi.o
                0x0000000008001994                MX_SPI2_Init
 .text.HAL_SPI_MspInit
                0x0000000008001a44       0xec ./Core/Src/spi.o
                0x0000000008001a44                HAL_SPI_MspInit
 .text.HAL_MspInit
                0x0000000008001b30       0x34 ./Core/Src/stm32h7xx_hal_msp.o
                0x0000000008001b30                HAL_MspInit
 .text.NMI_Handler
                0x0000000008001b64        0x6 ./Core/Src/stm32h7xx_it.o
                0x0000000008001b64                NMI_Handler
 .text.HardFault_Handler
                0x0000000008001b6a        0x6 ./Core/Src/stm32h7xx_it.o
                0x0000000008001b6a                HardFault_Handler
 .text.MemManage_Handler
                0x0000000008001b70        0x6 ./Core/Src/stm32h7xx_it.o
                0x0000000008001b70                MemManage_Handler
 .text.BusFault_Handler
                0x0000000008001b76        0x6 ./Core/Src/stm32h7xx_it.o
                0x0000000008001b76                BusFault_Handler
 .text.UsageFault_Handler
                0x0000000008001b7c        0x6 ./Core/Src/stm32h7xx_it.o
                0x0000000008001b7c                UsageFault_Handler
 .text.SVC_Handler
                0x0000000008001b82        0xe ./Core/Src/stm32h7xx_it.o
                0x0000000008001b82                SVC_Handler
 .text.DebugMon_Handler
                0x0000000008001b90        0xe ./Core/Src/stm32h7xx_it.o
                0x0000000008001b90                DebugMon_Handler
 .text.PendSV_Handler
                0x0000000008001b9e        0xe ./Core/Src/stm32h7xx_it.o
                0x0000000008001b9e                PendSV_Handler
 .text.SysTick_Handler
                0x0000000008001bac        0xc ./Core/Src/stm32h7xx_it.o
                0x0000000008001bac                SysTick_Handler
 .text.EXTI4_IRQHandler
                0x0000000008001bb8        0xe ./Core/Src/stm32h7xx_it.o
                0x0000000008001bb8                EXTI4_IRQHandler
 *fill*         0x0000000008001bc6        0x2 
 .text.SDMMC1_IRQHandler
                0x0000000008001bc8       0x14 ./Core/Src/stm32h7xx_it.o
                0x0000000008001bc8                SDMMC1_IRQHandler
 .text.UART4_IRQHandler
                0x0000000008001bdc       0x14 ./Core/Src/stm32h7xx_it.o
                0x0000000008001bdc                UART4_IRQHandler
 .text.TIM7_IRQHandler
                0x0000000008001bf0       0x14 ./Core/Src/stm32h7xx_it.o
                0x0000000008001bf0                TIM7_IRQHandler
 .text._read    0x0000000008001c04       0x3a ./Core/Src/syscalls.o
                0x0000000008001c04                _read
 .text._write   0x0000000008001c3e       0x38 ./Core/Src/syscalls.o
                0x0000000008001c3e                _write
 .text._close   0x0000000008001c76       0x18 ./Core/Src/syscalls.o
                0x0000000008001c76                _close
 .text._fstat   0x0000000008001c8e       0x20 ./Core/Src/syscalls.o
                0x0000000008001c8e                _fstat
 .text._isatty  0x0000000008001cae       0x16 ./Core/Src/syscalls.o
                0x0000000008001cae                _isatty
 .text._lseek   0x0000000008001cc4       0x1a ./Core/Src/syscalls.o
                0x0000000008001cc4                _lseek
 *fill*         0x0000000008001cde        0x2 
 .text._sbrk    0x0000000008001ce0       0x6c ./Core/Src/sysmem.o
                0x0000000008001ce0                _sbrk
 .text.SystemInit
                0x0000000008001d4c      0x110 ./Core/Src/system_stm32h7xx.o
                0x0000000008001d4c                SystemInit
 .text.MX_TIM7_Init
                0x0000000008001e5c       0x70 ./Core/Src/tim.o
                0x0000000008001e5c                MX_TIM7_Init
 .text.HAL_TIM_Base_MspInit
                0x0000000008001ecc       0x50 ./Core/Src/tim.o
                0x0000000008001ecc                HAL_TIM_Base_MspInit
 .text.MX_UART4_Init
                0x0000000008001f1c       0x98 ./Core/Src/usart.o
                0x0000000008001f1c                MX_UART4_Init
 .text.HAL_UART_MspInit
                0x0000000008001fb4      0x128 ./Core/Src/usart.o
                0x0000000008001fb4                HAL_UART_MspInit
 .text.Reset_Handler
                0x00000000080020dc       0x50 ./Core/Startup/startup_stm32h750xbhx.o
                0x00000000080020dc                Reset_Handler
 .text.Default_Handler
                0x000000000800212c        0x2 ./Core/Startup/startup_stm32h750xbhx.o
                0x000000000800212c                RTC_Alarm_IRQHandler
                0x000000000800212c                HASH_RNG_IRQHandler
                0x000000000800212c                EXTI2_IRQHandler
                0x000000000800212c                TIM8_CC_IRQHandler
                0x000000000800212c                HRTIM1_Master_IRQHandler
                0x000000000800212c                UART8_IRQHandler
                0x000000000800212c                SPI4_IRQHandler
                0x000000000800212c                TIM1_CC_IRQHandler
                0x000000000800212c                BDMA_Channel6_IRQHandler
                0x000000000800212c                DMA2_Stream5_IRQHandler
                0x000000000800212c                HRTIM1_FLT_IRQHandler
                0x000000000800212c                JPEG_IRQHandler
                0x000000000800212c                DMA1_Stream5_IRQHandler
                0x000000000800212c                BDMA_Channel1_IRQHandler
                0x000000000800212c                HRTIM1_TIMD_IRQHandler
                0x000000000800212c                TAMP_STAMP_IRQHandler
                0x000000000800212c                EXTI3_IRQHandler
                0x000000000800212c                LPTIM4_IRQHandler
                0x000000000800212c                TIM8_TRG_COM_TIM14_IRQHandler
                0x000000000800212c                LPTIM2_IRQHandler
                0x000000000800212c                DFSDM1_FLT1_IRQHandler
                0x000000000800212c                DMAMUX2_OVR_IRQHandler
                0x000000000800212c                TIM8_UP_TIM13_IRQHandler
                0x000000000800212c                I2C3_ER_IRQHandler
                0x000000000800212c                DFSDM1_FLT2_IRQHandler
                0x000000000800212c                MDMA_IRQHandler
                0x000000000800212c                LPTIM3_IRQHandler
                0x000000000800212c                HSEM1_IRQHandler
                0x000000000800212c                EXTI0_IRQHandler
                0x000000000800212c                I2C2_EV_IRQHandler
                0x000000000800212c                DMA1_Stream2_IRQHandler
                0x000000000800212c                FPU_IRQHandler
                0x000000000800212c                OTG_HS_WKUP_IRQHandler
                0x000000000800212c                FDCAN1_IT1_IRQHandler
                0x000000000800212c                LTDC_ER_IRQHandler
                0x000000000800212c                DMA2_Stream2_IRQHandler
                0x000000000800212c                HRTIM1_TIME_IRQHandler
                0x000000000800212c                SPI1_IRQHandler
                0x000000000800212c                TIM6_DAC_IRQHandler
                0x000000000800212c                DCMI_IRQHandler
                0x000000000800212c                HRTIM1_TIMC_IRQHandler
                0x000000000800212c                DMA2_Stream3_IRQHandler
                0x000000000800212c                SAI2_IRQHandler
                0x000000000800212c                DFSDM1_FLT3_IRQHandler
                0x000000000800212c                USART6_IRQHandler
                0x000000000800212c                TIM17_IRQHandler
                0x000000000800212c                USART3_IRQHandler
                0x000000000800212c                BDMA_Channel7_IRQHandler
                0x000000000800212c                CRYP_IRQHandler
                0x000000000800212c                LPTIM5_IRQHandler
                0x000000000800212c                UART5_IRQHandler
                0x000000000800212c                ADC3_IRQHandler
                0x000000000800212c                DMA2_Stream0_IRQHandler
                0x000000000800212c                TIM4_IRQHandler
                0x000000000800212c                BDMA_Channel2_IRQHandler
                0x000000000800212c                QUADSPI_IRQHandler
                0x000000000800212c                I2C1_EV_IRQHandler
                0x000000000800212c                DMA1_Stream6_IRQHandler
                0x000000000800212c                DMAMUX1_OVR_IRQHandler
                0x000000000800212c                DMA1_Stream1_IRQHandler
                0x000000000800212c                TIM16_IRQHandler
                0x000000000800212c                BDMA_Channel5_IRQHandler
                0x000000000800212c                TIM3_IRQHandler
                0x000000000800212c                RCC_IRQHandler
                0x000000000800212c                TIM8_BRK_TIM12_IRQHandler
                0x000000000800212c                TIM1_TRG_COM_IRQHandler
                0x000000000800212c                Default_Handler
                0x000000000800212c                ECC_IRQHandler
                0x000000000800212c                CEC_IRQHandler
                0x000000000800212c                EXTI15_10_IRQHandler
                0x000000000800212c                BDMA_Channel0_IRQHandler
                0x000000000800212c                ADC_IRQHandler
                0x000000000800212c                DMA1_Stream7_IRQHandler
                0x000000000800212c                HRTIM1_TIMA_IRQHandler
                0x000000000800212c                SPI5_IRQHandler
                0x000000000800212c                TIM5_IRQHandler
                0x000000000800212c                DMA2_Stream7_IRQHandler
                0x000000000800212c                TIM15_IRQHandler
                0x000000000800212c                PVD_AVD_IRQHandler
                0x000000000800212c                I2C3_EV_IRQHandler
                0x000000000800212c                EXTI9_5_IRQHandler
                0x000000000800212c                RTC_WKUP_IRQHandler
                0x000000000800212c                LTDC_IRQHandler
                0x000000000800212c                SAI3_IRQHandler
                0x000000000800212c                ETH_WKUP_IRQHandler
                0x000000000800212c                SPDIF_RX_IRQHandler
                0x000000000800212c                SPI2_IRQHandler
                0x000000000800212c                OTG_HS_EP1_IN_IRQHandler
                0x000000000800212c                DMA1_Stream0_IRQHandler
                0x000000000800212c                CRS_IRQHandler
                0x000000000800212c                HRTIM1_TIMB_IRQHandler
                0x000000000800212c                FDCAN2_IT1_IRQHandler
                0x000000000800212c                ETH_IRQHandler
                0x000000000800212c                TIM1_UP_IRQHandler
                0x000000000800212c                BDMA_Channel4_IRQHandler
                0x000000000800212c                OTG_HS_EP1_OUT_IRQHandler
                0x000000000800212c                WWDG_IRQHandler
                0x000000000800212c                SPI6_IRQHandler
                0x000000000800212c                MDIOS_IRQHandler
                0x000000000800212c                I2C4_EV_IRQHandler
                0x000000000800212c                FDCAN2_IT0_IRQHandler
                0x000000000800212c                LPUART1_IRQHandler
                0x000000000800212c                FDCAN1_IT0_IRQHandler
                0x000000000800212c                TIM2_IRQHandler
                0x000000000800212c                OTG_FS_WKUP_IRQHandler
                0x000000000800212c                OTG_HS_IRQHandler
                0x000000000800212c                DMA2D_IRQHandler
                0x000000000800212c                TIM1_BRK_IRQHandler
                0x000000000800212c                EXTI1_IRQHandler
                0x000000000800212c                SDMMC2_IRQHandler
                0x000000000800212c                OTG_FS_EP1_OUT_IRQHandler
                0x000000000800212c                BDMA_Channel3_IRQHandler
                0x000000000800212c                UART7_IRQHandler
                0x000000000800212c                MDIOS_WKUP_IRQHandler
                0x000000000800212c                USART2_IRQHandler
                0x000000000800212c                DFSDM1_FLT0_IRQHandler
                0x000000000800212c                SAI4_IRQHandler
                0x000000000800212c                I2C2_ER_IRQHandler
                0x000000000800212c                DMA2_Stream1_IRQHandler
                0x000000000800212c                FLASH_IRQHandler
                0x000000000800212c                DMA2_Stream4_IRQHandler
                0x000000000800212c                USART1_IRQHandler
                0x000000000800212c                OTG_FS_IRQHandler
                0x000000000800212c                SPI3_IRQHandler
                0x000000000800212c                WAKEUP_PIN_IRQHandler
                0x000000000800212c                DMA1_Stream4_IRQHandler
                0x000000000800212c                OTG_FS_EP1_IN_IRQHandler
                0x000000000800212c                I2C1_ER_IRQHandler
                0x000000000800212c                FMC_IRQHandler
                0x000000000800212c                FDCAN_CAL_IRQHandler
                0x000000000800212c                SWPMI1_IRQHandler
                0x000000000800212c                COMP1_IRQHandler
                0x000000000800212c                LPTIM1_IRQHandler
                0x000000000800212c                I2C4_ER_IRQHandler
                0x000000000800212c                DMA2_Stream6_IRQHandler
                0x000000000800212c                SAI1_IRQHandler
                0x000000000800212c                DMA1_Stream3_IRQHandler
 *fill*         0x000000000800212e        0x2 
 .text.HAL_Init
                0x0000000008002130       0x78 ./Drivers/STM32H7xx_HAL_Driver/Src/stm32h7xx_hal.o
                0x0000000008002130                HAL_Init
 .text.HAL_InitTick
                0x00000000080021a8       0x6c ./Drivers/STM32H7xx_HAL_Driver/Src/stm32h7xx_hal.o
                0x00000000080021a8                HAL_InitTick
 .text.HAL_IncTick
                0x0000000008002214       0x28 ./Drivers/STM32H7xx_HAL_Driver/Src/stm32h7xx_hal.o
                0x0000000008002214                HAL_IncTick
 .text.HAL_GetTick
                0x000000000800223c       0x18 ./Drivers/STM32H7xx_HAL_Driver/Src/stm32h7xx_hal.o
                0x000000000800223c                HAL_GetTick
 .text.HAL_Delay
                0x0000000008002254       0x48 ./Drivers/STM32H7xx_HAL_Driver/Src/stm32h7xx_hal.o
                0x0000000008002254                HAL_Delay
 .text.HAL_GetREVID
                0x000000000800229c       0x18 ./Drivers/STM32H7xx_HAL_Driver/Src/stm32h7xx_hal.o
                0x000000000800229c                HAL_GetREVID
 .text.__NVIC_SetPriorityGrouping
                0x00000000080022b4       0x48 ./Drivers/STM32H7xx_HAL_Driver/Src/stm32h7xx_hal_cortex.o
 .text.__NVIC_GetPriorityGrouping
                0x00000000080022fc       0x1c ./Drivers/STM32H7xx_HAL_Driver/Src/stm32h7xx_hal_cortex.o
 .text.__NVIC_EnableIRQ
                0x0000000008002318       0x3c ./Drivers/STM32H7xx_HAL_Driver/Src/stm32h7xx_hal_cortex.o
 .text.__NVIC_SetPriority
                0x0000000008002354       0x54 ./Drivers/STM32H7xx_HAL_Driver/Src/stm32h7xx_hal_cortex.o
 .text.NVIC_EncodePriority
                0x00000000080023a8       0x66 ./Drivers/STM32H7xx_HAL_Driver/Src/stm32h7xx_hal_cortex.o
 *fill*         0x000000000800240e        0x2 
 .text.SysTick_Config
                0x0000000008002410       0x44 ./Drivers/STM32H7xx_HAL_Driver/Src/stm32h7xx_hal_cortex.o
 .text.HAL_NVIC_SetPriorityGrouping
                0x0000000008002454       0x16 ./Drivers/STM32H7xx_HAL_Driver/Src/stm32h7xx_hal_cortex.o
                0x0000000008002454                HAL_NVIC_SetPriorityGrouping
 .text.HAL_NVIC_SetPriority
                0x000000000800246a       0x34 ./Drivers/STM32H7xx_HAL_Driver/Src/stm32h7xx_hal_cortex.o
                0x000000000800246a                HAL_NVIC_SetPriority
 .text.HAL_NVIC_EnableIRQ
                0x000000000800249e       0x1c ./Drivers/STM32H7xx_HAL_Driver/Src/stm32h7xx_hal_cortex.o
                0x000000000800249e                HAL_NVIC_EnableIRQ
 .text.HAL_SYSTICK_Config
                0x00000000080024ba       0x18 ./Drivers/STM32H7xx_HAL_Driver/Src/stm32h7xx_hal_cortex.o
                0x00000000080024ba                HAL_SYSTICK_Config
 *fill*         0x00000000080024d2        0x2 
 .text.HAL_DMA_Abort
                0x00000000080024d4      0x63c ./Drivers/STM32H7xx_HAL_Driver/Src/stm32h7xx_hal_dma.o
                0x00000000080024d4                HAL_DMA_Abort
 .text.HAL_DMA_Abort_IT
                0x0000000008002b10      0x48c ./Drivers/STM32H7xx_HAL_Driver/Src/stm32h7xx_hal_dma.o
                0x0000000008002b10                HAL_DMA_Abort_IT
 .text.HAL_GPIO_Init
                0x0000000008002f9c      0x360 ./Drivers/STM32H7xx_HAL_Driver/Src/stm32h7xx_hal_gpio.o
                0x0000000008002f9c                HAL_GPIO_Init
 .text.HAL_GPIO_WritePin
                0x00000000080032fc       0x32 ./Drivers/STM32H7xx_HAL_Driver/Src/stm32h7xx_hal_gpio.o
                0x00000000080032fc                HAL_GPIO_WritePin
 .text.HAL_GPIO_TogglePin
                0x000000000800332e       0x34 ./Drivers/STM32H7xx_HAL_Driver/Src/stm32h7xx_hal_gpio.o
                0x000000000800332e                HAL_GPIO_TogglePin
 .text.HAL_GPIO_EXTI_IRQHandler
                0x0000000008003362       0x34 ./Drivers/STM32H7xx_HAL_Driver/Src/stm32h7xx_hal_gpio.o
                0x0000000008003362                HAL_GPIO_EXTI_IRQHandler
 *fill*         0x0000000008003396        0x2 
 .text.HAL_PWREx_ConfigSupply
                0x0000000008003398       0x74 ./Drivers/STM32H7xx_HAL_Driver/Src/stm32h7xx_hal_pwr_ex.o
                0x0000000008003398                HAL_PWREx_ConfigSupply
 .text.HAL_RCC_OscConfig
                0x000000000800340c      0x85c ./Drivers/STM32H7xx_HAL_Driver/Src/stm32h7xx_hal_rcc.o
                0x000000000800340c                HAL_RCC_OscConfig
 .text.HAL_RCC_ClockConfig
                0x0000000008003c68      0x36c ./Drivers/STM32H7xx_HAL_Driver/Src/stm32h7xx_hal_rcc.o
                0x0000000008003c68                HAL_RCC_ClockConfig
 .text.HAL_RCC_GetSysClockFreq
                0x0000000008003fd4      0x2f4 ./Drivers/STM32H7xx_HAL_Driver/Src/stm32h7xx_hal_rcc.o
                0x0000000008003fd4                HAL_RCC_GetSysClockFreq
 .text.HAL_RCC_GetHCLKFreq
                0x00000000080042c8       0x60 ./Drivers/STM32H7xx_HAL_Driver/Src/stm32h7xx_hal_rcc.o
                0x00000000080042c8                HAL_RCC_GetHCLKFreq
 .text.HAL_RCC_GetPCLK1Freq
                0x0000000008004328       0x2c ./Drivers/STM32H7xx_HAL_Driver/Src/stm32h7xx_hal_rcc.o
                0x0000000008004328                HAL_RCC_GetPCLK1Freq
 .text.HAL_RCC_GetPCLK2Freq
                0x0000000008004354       0x2c ./Drivers/STM32H7xx_HAL_Driver/Src/stm32h7xx_hal_rcc.o
                0x0000000008004354                HAL_RCC_GetPCLK2Freq
 .text.HAL_RCCEx_PeriphCLKConfig
                0x0000000008004380      0xe8c ./Drivers/STM32H7xx_HAL_Driver/Src/stm32h7xx_hal_rcc_ex.o
                0x0000000008004380                HAL_RCCEx_PeriphCLKConfig
 .text.HAL_RCCEx_GetPeriphCLKFreq
                0x000000000800520c      0x9a4 ./Drivers/STM32H7xx_HAL_Driver/Src/stm32h7xx_hal_rcc_ex.o
                0x000000000800520c                HAL_RCCEx_GetPeriphCLKFreq
 .text.HAL_RCCEx_GetD3PCLK1Freq
                0x0000000008005bb0       0x2c ./Drivers/STM32H7xx_HAL_Driver/Src/stm32h7xx_hal_rcc_ex.o
                0x0000000008005bb0                HAL_RCCEx_GetD3PCLK1Freq
 .text.HAL_RCCEx_GetPLL2ClockFreq
                0x0000000008005bdc      0x2a8 ./Drivers/STM32H7xx_HAL_Driver/Src/stm32h7xx_hal_rcc_ex.o
                0x0000000008005bdc                HAL_RCCEx_GetPLL2ClockFreq
 .text.HAL_RCCEx_GetPLL3ClockFreq
                0x0000000008005e84      0x2a8 ./Drivers/STM32H7xx_HAL_Driver/Src/stm32h7xx_hal_rcc_ex.o
                0x0000000008005e84                HAL_RCCEx_GetPLL3ClockFreq
 .text.HAL_RCCEx_GetPLL1ClockFreq
                0x000000000800612c      0x2a4 ./Drivers/STM32H7xx_HAL_Driver/Src/stm32h7xx_hal_rcc_ex.o
                0x000000000800612c                HAL_RCCEx_GetPLL1ClockFreq
 .text.RCCEx_PLL2_Config
                0x00000000080063d0      0x164 ./Drivers/STM32H7xx_HAL_Driver/Src/stm32h7xx_hal_rcc_ex.o
 .text.RCCEx_PLL3_Config
                0x0000000008006534      0x164 ./Drivers/STM32H7xx_HAL_Driver/Src/stm32h7xx_hal_rcc_ex.o
 .text.HAL_SD_Init
                0x0000000008006698      0x106 ./Drivers/STM32H7xx_HAL_Driver/Src/stm32h7xx_hal_sd.o
                0x0000000008006698                HAL_SD_Init
 *fill*         0x000000000800679e        0x2 
 .text.HAL_SD_InitCard
                0x00000000080067a0      0x12c ./Drivers/STM32H7xx_HAL_Driver/Src/stm32h7xx_hal_sd.o
                0x00000000080067a0                HAL_SD_InitCard
 .text.HAL_SD_ReadBlocks
                0x00000000080068cc      0x314 ./Drivers/STM32H7xx_HAL_Driver/Src/stm32h7xx_hal_sd.o
                0x00000000080068cc                HAL_SD_ReadBlocks
 .text.HAL_SD_WriteBlocks
                0x0000000008006be0      0x31c ./Drivers/STM32H7xx_HAL_Driver/Src/stm32h7xx_hal_sd.o
                0x0000000008006be0                HAL_SD_WriteBlocks
 .text.HAL_SD_IRQHandler
                0x0000000008006efc      0x370 ./Drivers/STM32H7xx_HAL_Driver/Src/stm32h7xx_hal_sd.o
                0x0000000008006efc                HAL_SD_IRQHandler
 .text.HAL_SD_ErrorCallback
                0x000000000800726c       0x14 ./Drivers/STM32H7xx_HAL_Driver/Src/stm32h7xx_hal_sd.o
                0x000000000800726c                HAL_SD_ErrorCallback
 .text.HAL_SD_GetCardCSD
                0x0000000008007280      0x348 ./Drivers/STM32H7xx_HAL_Driver/Src/stm32h7xx_hal_sd.o
                0x0000000008007280                HAL_SD_GetCardCSD
 .text.HAL_SD_GetCardStatus
                0x00000000080075c8      0x17c ./Drivers/STM32H7xx_HAL_Driver/Src/stm32h7xx_hal_sd.o
                0x00000000080075c8                HAL_SD_GetCardStatus
 .text.HAL_SD_GetCardInfo
                0x0000000008007744       0x58 ./Drivers/STM32H7xx_HAL_Driver/Src/stm32h7xx_hal_sd.o
                0x0000000008007744                HAL_SD_GetCardInfo
 .text.HAL_SD_ConfigWideBusOperation
                0x000000000800779c      0x224 ./Drivers/STM32H7xx_HAL_Driver/Src/stm32h7xx_hal_sd.o
                0x000000000800779c                HAL_SD_ConfigWideBusOperation
 .text.HAL_SD_GetCardState
                0x00000000080079c0       0x40 ./Drivers/STM32H7xx_HAL_Driver/Src/stm32h7xx_hal_sd.o
                0x00000000080079c0                HAL_SD_GetCardState
 .text.SD_InitCard
                0x0000000008007a00      0x19c ./Drivers/STM32H7xx_HAL_Driver/Src/stm32h7xx_hal_sd.o
 .text.SD_PowerON
                0x0000000008007b9c      0x11c ./Drivers/STM32H7xx_HAL_Driver/Src/stm32h7xx_hal_sd.o
 .text.SD_SendSDStatus
                0x0000000008007cb8      0x1a0 ./Drivers/STM32H7xx_HAL_Driver/Src/stm32h7xx_hal_sd.o
 .text.SD_SendStatus
                0x0000000008007e58       0x50 ./Drivers/STM32H7xx_HAL_Driver/Src/stm32h7xx_hal_sd.o
 .text.SD_WideBus_Enable
                0x0000000008007ea8       0x96 ./Drivers/STM32H7xx_HAL_Driver/Src/stm32h7xx_hal_sd.o
 .text.SD_WideBus_Disable
                0x0000000008007f3e       0x96 ./Drivers/STM32H7xx_HAL_Driver/Src/stm32h7xx_hal_sd.o
 .text.SD_FindSCR
                0x0000000008007fd4      0x1a0 ./Drivers/STM32H7xx_HAL_Driver/Src/stm32h7xx_hal_sd.o
 .text.SD_Read_IT
                0x0000000008008174       0x8c ./Drivers/STM32H7xx_HAL_Driver/Src/stm32h7xx_hal_sd.o
 .text.SD_Write_IT
                0x0000000008008200       0x94 ./Drivers/STM32H7xx_HAL_Driver/Src/stm32h7xx_hal_sd.o
 .text.HAL_SDEx_Read_DMADoubleBuf0CpltCallback
                0x0000000008008294       0x14 ./Drivers/STM32H7xx_HAL_Driver/Src/stm32h7xx_hal_sd.o
                0x0000000008008294                HAL_SDEx_Read_DMADoubleBuf0CpltCallback
 .text.HAL_SDEx_Read_DMADoubleBuf1CpltCallback
                0x00000000080082a8       0x14 ./Drivers/STM32H7xx_HAL_Driver/Src/stm32h7xx_hal_sd.o
                0x00000000080082a8                HAL_SDEx_Read_DMADoubleBuf1CpltCallback
 .text.HAL_SDEx_Write_DMADoubleBuf0CpltCallback
                0x00000000080082bc       0x14 ./Drivers/STM32H7xx_HAL_Driver/Src/stm32h7xx_hal_sd.o
                0x00000000080082bc                HAL_SDEx_Write_DMADoubleBuf0CpltCallback
 .text.HAL_SDEx_Write_DMADoubleBuf1CpltCallback
                0x00000000080082d0       0x14 ./Drivers/STM32H7xx_HAL_Driver/Src/stm32h7xx_hal_sd.o
                0x00000000080082d0                HAL_SDEx_Write_DMADoubleBuf1CpltCallback
 .text.HAL_SPI_Init
                0x00000000080082e4      0x20c ./Drivers/STM32H7xx_HAL_Driver/Src/stm32h7xx_hal_spi.o
                0x00000000080082e4                HAL_SPI_Init
 .text.HAL_SPI_Transmit
                0x00000000080084f0      0x3e4 ./Drivers/STM32H7xx_HAL_Driver/Src/stm32h7xx_hal_spi.o
                0x00000000080084f0                HAL_SPI_Transmit
 .text.HAL_SPI_Receive
                0x00000000080088d4      0x338 ./Drivers/STM32H7xx_HAL_Driver/Src/stm32h7xx_hal_spi.o
                0x00000000080088d4                HAL_SPI_Receive
 .text.HAL_SPI_TransmitReceive
                0x0000000008008c0c      0x450 ./Drivers/STM32H7xx_HAL_Driver/Src/stm32h7xx_hal_spi.o
                0x0000000008008c0c                HAL_SPI_TransmitReceive
 .text.SPI_CloseTransfer
                0x000000000800905c      0x140 ./Drivers/STM32H7xx_HAL_Driver/Src/stm32h7xx_hal_spi.o
 .text.SPI_WaitOnFlagUntilTimeout
                0x000000000800919c       0x5c ./Drivers/STM32H7xx_HAL_Driver/Src/stm32h7xx_hal_spi.o
 .text.SPI_GetPacketSize
                0x00000000080091f8       0x36 ./Drivers/STM32H7xx_HAL_Driver/Src/stm32h7xx_hal_spi.o
 .text.HAL_TIM_Base_Init
                0x000000000800922e       0xae ./Drivers/STM32H7xx_HAL_Driver/Src/stm32h7xx_hal_tim.o
                0x000000000800922e                HAL_TIM_Base_Init
 .text.HAL_TIM_IRQHandler
                0x00000000080092dc      0x23e ./Drivers/STM32H7xx_HAL_Driver/Src/stm32h7xx_hal_tim.o
                0x00000000080092dc                HAL_TIM_IRQHandler
 .text.HAL_TIM_PeriodElapsedCallback
                0x000000000800951a       0x14 ./Drivers/STM32H7xx_HAL_Driver/Src/stm32h7xx_hal_tim.o
                0x000000000800951a                HAL_TIM_PeriodElapsedCallback
 .text.HAL_TIM_OC_DelayElapsedCallback
                0x000000000800952e       0x14 ./Drivers/STM32H7xx_HAL_Driver/Src/stm32h7xx_hal_tim.o
                0x000000000800952e                HAL_TIM_OC_DelayElapsedCallback
 .text.HAL_TIM_IC_CaptureCallback
                0x0000000008009542       0x14 ./Drivers/STM32H7xx_HAL_Driver/Src/stm32h7xx_hal_tim.o
                0x0000000008009542                HAL_TIM_IC_CaptureCallback
 .text.HAL_TIM_PWM_PulseFinishedCallback
                0x0000000008009556       0x14 ./Drivers/STM32H7xx_HAL_Driver/Src/stm32h7xx_hal_tim.o
                0x0000000008009556                HAL_TIM_PWM_PulseFinishedCallback
 .text.HAL_TIM_TriggerCallback
                0x000000000800956a       0x14 ./Drivers/STM32H7xx_HAL_Driver/Src/stm32h7xx_hal_tim.o
                0x000000000800956a                HAL_TIM_TriggerCallback
 *fill*         0x000000000800957e        0x2 
 .text.TIM_Base_SetConfig
                0x0000000008009580      0x134 ./Drivers/STM32H7xx_HAL_Driver/Src/stm32h7xx_hal_tim.o
                0x0000000008009580                TIM_Base_SetConfig
 .text.HAL_TIMEx_MasterConfigSynchronization
                0x00000000080096b4      0x11c ./Drivers/STM32H7xx_HAL_Driver/Src/stm32h7xx_hal_tim_ex.o
                0x00000000080096b4                HAL_TIMEx_MasterConfigSynchronization
 .text.HAL_TIMEx_CommutCallback
                0x00000000080097d0       0x14 ./Drivers/STM32H7xx_HAL_Driver/Src/stm32h7xx_hal_tim_ex.o
                0x00000000080097d0                HAL_TIMEx_CommutCallback
 .text.HAL_TIMEx_BreakCallback
                0x00000000080097e4       0x14 ./Drivers/STM32H7xx_HAL_Driver/Src/stm32h7xx_hal_tim_ex.o
                0x00000000080097e4                HAL_TIMEx_BreakCallback
 .text.HAL_TIMEx_Break2Callback
                0x00000000080097f8       0x14 ./Drivers/STM32H7xx_HAL_Driver/Src/stm32h7xx_hal_tim_ex.o
                0x00000000080097f8                HAL_TIMEx_Break2Callback
 .text.HAL_UART_Init
                0x000000000800980c       0xa0 ./Drivers/STM32H7xx_HAL_Driver/Src/stm32h7xx_hal_uart.o
                0x000000000800980c                HAL_UART_Init
 .text.HAL_UART_Transmit
                0x00000000080098ac      0x12c ./Drivers/STM32H7xx_HAL_Driver/Src/stm32h7xx_hal_uart.o
                0x00000000080098ac                HAL_UART_Transmit
 .text.HAL_UART_IRQHandler
                0x00000000080099d8      0x73c ./Drivers/STM32H7xx_HAL_Driver/Src/stm32h7xx_hal_uart.o
                0x00000000080099d8                HAL_UART_IRQHandler
 .text.HAL_UART_TxCpltCallback
                0x000000000800a114       0x14 ./Drivers/STM32H7xx_HAL_Driver/Src/stm32h7xx_hal_uart.o
                0x000000000800a114                HAL_UART_TxCpltCallback
 .text.HAL_UART_ErrorCallback
                0x000000000800a128       0x14 ./Drivers/STM32H7xx_HAL_Driver/Src/stm32h7xx_hal_uart.o
                0x000000000800a128                HAL_UART_ErrorCallback
 .text.HAL_UARTEx_RxEventCallback
                0x000000000800a13c       0x18 ./Drivers/STM32H7xx_HAL_Driver/Src/stm32h7xx_hal_uart.o
                0x000000000800a13c                HAL_UARTEx_RxEventCallback
 .text.UART_SetConfig
                0x000000000800a154      0xad0 ./Drivers/STM32H7xx_HAL_Driver/Src/stm32h7xx_hal_uart.o
                0x000000000800a154                UART_SetConfig
 .text.UART_AdvFeatureConfig
                0x000000000800ac24      0x144 ./Drivers/STM32H7xx_HAL_Driver/Src/stm32h7xx_hal_uart.o
                0x000000000800ac24                UART_AdvFeatureConfig
 .text.UART_CheckIdleState
                0x000000000800ad68       0x96 ./Drivers/STM32H7xx_HAL_Driver/Src/stm32h7xx_hal_uart.o
                0x000000000800ad68                UART_CheckIdleState
 .text.UART_WaitOnFlagUntilTimeout
                0x000000000800adfe      0x190 ./Drivers/STM32H7xx_HAL_Driver/Src/stm32h7xx_hal_uart.o
                0x000000000800adfe                UART_WaitOnFlagUntilTimeout
 *fill*         0x000000000800af8e        0x2 
 .text.UART_EndRxTransfer
                0x000000000800af90       0xcc ./Drivers/STM32H7xx_HAL_Driver/Src/stm32h7xx_hal_uart.o
 .text.UART_DMAAbortOnError
                0x000000000800b05c       0x2c ./Drivers/STM32H7xx_HAL_Driver/Src/stm32h7xx_hal_uart.o
 .text.UART_EndTransmit_IT
                0x000000000800b088       0x56 ./Drivers/STM32H7xx_HAL_Driver/Src/stm32h7xx_hal_uart.o
 .text.HAL_UARTEx_WakeupCallback
                0x000000000800b0de       0x14 ./Drivers/STM32H7xx_HAL_Driver/Src/stm32h7xx_hal_uart_ex.o
                0x000000000800b0de                HAL_UARTEx_WakeupCallback
 .text.HAL_UARTEx_RxFifoFullCallback
                0x000000000800b0f2       0x14 ./Drivers/STM32H7xx_HAL_Driver/Src/stm32h7xx_hal_uart_ex.o
                0x000000000800b0f2                HAL_UARTEx_RxFifoFullCallback
 .text.HAL_UARTEx_TxFifoEmptyCallback
                0x000000000800b106       0x14 ./Drivers/STM32H7xx_HAL_Driver/Src/stm32h7xx_hal_uart_ex.o
                0x000000000800b106                HAL_UARTEx_TxFifoEmptyCallback
 .text.HAL_UARTEx_DisableFifoMode
                0x000000000800b11a       0x72 ./Drivers/STM32H7xx_HAL_Driver/Src/stm32h7xx_hal_uart_ex.o
                0x000000000800b11a                HAL_UARTEx_DisableFifoMode
 .text.HAL_UARTEx_SetTxFifoThreshold
                0x000000000800b18c       0x7c ./Drivers/STM32H7xx_HAL_Driver/Src/stm32h7xx_hal_uart_ex.o
                0x000000000800b18c                HAL_UARTEx_SetTxFifoThreshold
 .text.HAL_UARTEx_SetRxFifoThreshold
                0x000000000800b208       0x7c ./Drivers/STM32H7xx_HAL_Driver/Src/stm32h7xx_hal_uart_ex.o
                0x000000000800b208                HAL_UARTEx_SetRxFifoThreshold
 .text.UARTEx_SetNbDataToProcess
                0x000000000800b284       0x9c ./Drivers/STM32H7xx_HAL_Driver/Src/stm32h7xx_hal_uart_ex.o
 .text.SDMMC_Init
                0x000000000800b320       0x54 ./Drivers/STM32H7xx_HAL_Driver/Src/stm32h7xx_ll_sdmmc.o
                0x000000000800b320                SDMMC_Init
 .text.SDMMC_ReadFIFO
                0x000000000800b374       0x1a ./Drivers/STM32H7xx_HAL_Driver/Src/stm32h7xx_ll_sdmmc.o
                0x000000000800b374                SDMMC_ReadFIFO
 .text.SDMMC_WriteFIFO
                0x000000000800b38e       0x22 ./Drivers/STM32H7xx_HAL_Driver/Src/stm32h7xx_ll_sdmmc.o
                0x000000000800b38e                SDMMC_WriteFIFO
 .text.SDMMC_PowerState_ON
                0x000000000800b3b0       0x22 ./Drivers/STM32H7xx_HAL_Driver/Src/stm32h7xx_ll_sdmmc.o
                0x000000000800b3b0                SDMMC_PowerState_ON
 .text.SDMMC_GetPowerState
                0x000000000800b3d2       0x1c ./Drivers/STM32H7xx_HAL_Driver/Src/stm32h7xx_ll_sdmmc.o
                0x000000000800b3d2                SDMMC_GetPowerState
 *fill*         0x000000000800b3ee        0x2 
 .text.SDMMC_SendCommand
                0x000000000800b3f0       0x54 ./Drivers/STM32H7xx_HAL_Driver/Src/stm32h7xx_ll_sdmmc.o
                0x000000000800b3f0                SDMMC_SendCommand
 .text.SDMMC_GetCommandResponse
                0x000000000800b444       0x1a ./Drivers/STM32H7xx_HAL_Driver/Src/stm32h7xx_ll_sdmmc.o
                0x000000000800b444                SDMMC_GetCommandResponse
 .text.SDMMC_GetResponse
                0x000000000800b45e       0x26 ./Drivers/STM32H7xx_HAL_Driver/Src/stm32h7xx_ll_sdmmc.o
                0x000000000800b45e                SDMMC_GetResponse
 .text.SDMMC_ConfigData
                0x000000000800b484       0x58 ./Drivers/STM32H7xx_HAL_Driver/Src/stm32h7xx_ll_sdmmc.o
                0x000000000800b484                SDMMC_ConfigData
 .text.SDMMC_CmdBlockLength
                0x000000000800b4dc       0x46 ./Drivers/STM32H7xx_HAL_Driver/Src/stm32h7xx_ll_sdmmc.o
                0x000000000800b4dc                SDMMC_CmdBlockLength
 .text.SDMMC_CmdReadSingleBlock
                0x000000000800b522       0x46 ./Drivers/STM32H7xx_HAL_Driver/Src/stm32h7xx_ll_sdmmc.o
                0x000000000800b522                SDMMC_CmdReadSingleBlock
 .text.SDMMC_CmdReadMultiBlock
                0x000000000800b568       0x46 ./Drivers/STM32H7xx_HAL_Driver/Src/stm32h7xx_ll_sdmmc.o
                0x000000000800b568                SDMMC_CmdReadMultiBlock
 .text.SDMMC_CmdWriteSingleBlock
                0x000000000800b5ae       0x46 ./Drivers/STM32H7xx_HAL_Driver/Src/stm32h7xx_ll_sdmmc.o
                0x000000000800b5ae                SDMMC_CmdWriteSingleBlock
 .text.SDMMC_CmdWriteMultiBlock
                0x000000000800b5f4       0x46 ./Drivers/STM32H7xx_HAL_Driver/Src/stm32h7xx_ll_sdmmc.o
                0x000000000800b5f4                SDMMC_CmdWriteMultiBlock
 *fill*         0x000000000800b63a        0x2 
 .text.SDMMC_CmdStopTransfer
                0x000000000800b63c       0x78 ./Drivers/STM32H7xx_HAL_Driver/Src/stm32h7xx_ll_sdmmc.o
                0x000000000800b63c                SDMMC_CmdStopTransfer
 .text.SDMMC_CmdSelDesel
                0x000000000800b6b4       0x46 ./Drivers/STM32H7xx_HAL_Driver/Src/stm32h7xx_ll_sdmmc.o
                0x000000000800b6b4                SDMMC_CmdSelDesel
 .text.SDMMC_CmdGoIdleState
                0x000000000800b6fa       0x3c ./Drivers/STM32H7xx_HAL_Driver/Src/stm32h7xx_ll_sdmmc.o
                0x000000000800b6fa                SDMMC_CmdGoIdleState
 .text.SDMMC_CmdOperCond
                0x000000000800b736       0x40 ./Drivers/STM32H7xx_HAL_Driver/Src/stm32h7xx_ll_sdmmc.o
                0x000000000800b736                SDMMC_CmdOperCond
 .text.SDMMC_CmdAppCommand
                0x000000000800b776       0x46 ./Drivers/STM32H7xx_HAL_Driver/Src/stm32h7xx_ll_sdmmc.o
                0x000000000800b776                SDMMC_CmdAppCommand
 .text.SDMMC_CmdAppOperCommand
                0x000000000800b7bc       0x40 ./Drivers/STM32H7xx_HAL_Driver/Src/stm32h7xx_ll_sdmmc.o
                0x000000000800b7bc                SDMMC_CmdAppOperCommand
 .text.SDMMC_CmdBusWidth
                0x000000000800b7fc       0x46 ./Drivers/STM32H7xx_HAL_Driver/Src/stm32h7xx_ll_sdmmc.o
                0x000000000800b7fc                SDMMC_CmdBusWidth
 .text.SDMMC_CmdSendSCR
                0x000000000800b842       0x44 ./Drivers/STM32H7xx_HAL_Driver/Src/stm32h7xx_ll_sdmmc.o
                0x000000000800b842                SDMMC_CmdSendSCR
 .text.SDMMC_CmdSendCID
                0x000000000800b886       0x3e ./Drivers/STM32H7xx_HAL_Driver/Src/stm32h7xx_ll_sdmmc.o
                0x000000000800b886                SDMMC_CmdSendCID
 .text.SDMMC_CmdSendCSD
                0x000000000800b8c4       0x40 ./Drivers/STM32H7xx_HAL_Driver/Src/stm32h7xx_ll_sdmmc.o
                0x000000000800b8c4                SDMMC_CmdSendCSD
 .text.SDMMC_CmdSetRelAdd
                0x000000000800b904       0x44 ./Drivers/STM32H7xx_HAL_Driver/Src/stm32h7xx_ll_sdmmc.o
                0x000000000800b904                SDMMC_CmdSetRelAdd
 .text.SDMMC_CmdSendStatus
                0x000000000800b948       0x46 ./Drivers/STM32H7xx_HAL_Driver/Src/stm32h7xx_ll_sdmmc.o
                0x000000000800b948                SDMMC_CmdSendStatus
 .text.SDMMC_CmdStatusRegister
                0x000000000800b98e       0x44 ./Drivers/STM32H7xx_HAL_Driver/Src/stm32h7xx_ll_sdmmc.o
                0x000000000800b98e                SDMMC_CmdStatusRegister
 *fill*         0x000000000800b9d2        0x2 
 .text.SDMMC_GetCmdResp1
                0x000000000800b9d4      0x1e4 ./Drivers/STM32H7xx_HAL_Driver/Src/stm32h7xx_ll_sdmmc.o
                0x000000000800b9d4                SDMMC_GetCmdResp1
 .text.SDMMC_GetCmdResp2
                0x000000000800bbb8       0x94 ./Drivers/STM32H7xx_HAL_Driver/Src/stm32h7xx_ll_sdmmc.o
                0x000000000800bbb8                SDMMC_GetCmdResp2
 .text.SDMMC_GetCmdResp3
                0x000000000800bc4c       0x80 ./Drivers/STM32H7xx_HAL_Driver/Src/stm32h7xx_ll_sdmmc.o
                0x000000000800bc4c                SDMMC_GetCmdResp3
 .text.SDMMC_GetCmdResp6
                0x000000000800bccc       0xf0 ./Drivers/STM32H7xx_HAL_Driver/Src/stm32h7xx_ll_sdmmc.o
                0x000000000800bccc                SDMMC_GetCmdResp6
 .text.SDMMC_GetCmdResp7
                0x000000000800bdbc       0x9c ./Drivers/STM32H7xx_HAL_Driver/Src/stm32h7xx_ll_sdmmc.o
                0x000000000800bdbc                SDMMC_GetCmdResp7
 .text.SDMMC_GetCmdError
                0x000000000800be58       0x5c ./Drivers/STM32H7xx_HAL_Driver/Src/stm32h7xx_ll_sdmmc.o
 .text.MX_FATFS_Init
                0x000000000800beb4       0x24 ./FATFS/App/fatfs.o
                0x000000000800beb4                MX_FATFS_Init
 .text.get_fattime
                0x000000000800bed8       0x10 ./FATFS/App/fatfs.o
                0x000000000800bed8                get_fattime
 .text.BSP_SD_Init
                0x000000000800bee8       0x4c ./FATFS/Target/bsp_driver_sd.o
                0x000000000800bee8                BSP_SD_Init
 .text.BSP_SD_ReadBlocks
                0x000000000800bf34       0x3c ./FATFS/Target/bsp_driver_sd.o
                0x000000000800bf34                BSP_SD_ReadBlocks
 .text.BSP_SD_WriteBlocks
                0x000000000800bf70       0x3c ./FATFS/Target/bsp_driver_sd.o
                0x000000000800bf70                BSP_SD_WriteBlocks
 .text.BSP_SD_GetCardState
                0x000000000800bfac       0x20 ./FATFS/Target/bsp_driver_sd.o
                0x000000000800bfac                BSP_SD_GetCardState
 .text.BSP_SD_GetCardInfo
                0x000000000800bfcc       0x1c ./FATFS/Target/bsp_driver_sd.o
                0x000000000800bfcc                BSP_SD_GetCardInfo
 .text.HAL_SD_TxCpltCallback
                0x000000000800bfe8       0x14 ./FATFS/Target/bsp_driver_sd.o
                0x000000000800bfe8                HAL_SD_TxCpltCallback
 .text.HAL_SD_RxCpltCallback
                0x000000000800bffc       0x14 ./FATFS/Target/bsp_driver_sd.o
                0x000000000800bffc                HAL_SD_RxCpltCallback
 .text.BSP_SD_WriteCpltCallback
                0x000000000800c010        0xe ./FATFS/Target/bsp_driver_sd.o
                0x000000000800c010                BSP_SD_WriteCpltCallback
 .text.BSP_SD_ReadCpltCallback
                0x000000000800c01e        0xe ./FATFS/Target/bsp_driver_sd.o
                0x000000000800c01e                BSP_SD_ReadCpltCallback
 .text.BSP_SD_IsDetected
                0x000000000800c02c       0x1a ./FATFS/Target/bsp_driver_sd.o
                0x000000000800c02c                BSP_SD_IsDetected
 *fill*         0x000000000800c046        0x2 
 .text.SD_CheckStatus
                0x000000000800c048       0x3c ./FATFS/Target/sd_diskio.o
 .text.SD_initialize
                0x000000000800c084       0x3c ./FATFS/Target/sd_diskio.o
                0x000000000800c084                SD_initialize
 .text.SD_status
                0x000000000800c0c0       0x1c ./FATFS/Target/sd_diskio.o
                0x000000000800c0c0                SD_status
 .text.SD_read  0x000000000800c0dc       0x42 ./FATFS/Target/sd_diskio.o
                0x000000000800c0dc                SD_read
 .text.SD_write
                0x000000000800c11e       0x42 ./FATFS/Target/sd_diskio.o
                0x000000000800c11e                SD_write
 .text.SD_ioctl
                0x000000000800c160       0xb0 ./FATFS/Target/sd_diskio.o
                0x000000000800c160                SD_ioctl
 .text.disk_status
                0x000000000800c210       0x34 ./Middlewares/Third_Party/FatFs/src/diskio.o
                0x000000000800c210                disk_status
 .text.disk_initialize
                0x000000000800c244       0x4c ./Middlewares/Third_Party/FatFs/src/diskio.o
                0x000000000800c244                disk_initialize
 .text.disk_read
                0x000000000800c290       0x40 ./Middlewares/Third_Party/FatFs/src/diskio.o
                0x000000000800c290                disk_read
 .text.disk_write
                0x000000000800c2d0       0x40 ./Middlewares/Third_Party/FatFs/src/diskio.o
                0x000000000800c2d0                disk_write
 .text.disk_ioctl
                0x000000000800c310       0x3c ./Middlewares/Third_Party/FatFs/src/diskio.o
                0x000000000800c310                disk_ioctl
 .text.ld_word  0x000000000800c34c       0x30 ./Middlewares/Third_Party/FatFs/src/ff.o
 .text.ld_dword
                0x000000000800c37c       0x46 ./Middlewares/Third_Party/FatFs/src/ff.o
 .text.ld_qword
                0x000000000800c3c2      0x1b6 ./Middlewares/Third_Party/FatFs/src/ff.o
 .text.st_word  0x000000000800c578       0x36 ./Middlewares/Third_Party/FatFs/src/ff.o
 .text.st_dword
                0x000000000800c5ae       0x58 ./Middlewares/Third_Party/FatFs/src/ff.o
 .text.st_qword
                0x000000000800c606      0x110 ./Middlewares/Third_Party/FatFs/src/ff.o
 .text.mem_cpy  0x000000000800c716       0x42 ./Middlewares/Third_Party/FatFs/src/ff.o
 .text.mem_set  0x000000000800c758       0x36 ./Middlewares/Third_Party/FatFs/src/ff.o
 .text.mem_cmp  0x000000000800c78e       0x4e ./Middlewares/Third_Party/FatFs/src/ff.o
 .text.chk_chr  0x000000000800c7dc       0x36 ./Middlewares/Third_Party/FatFs/src/ff.o
 *fill*         0x000000000800c812        0x2 
 .text.chk_lock
                0x000000000800c814       0xb8 ./Middlewares/Third_Party/FatFs/src/ff.o
 .text.enq_lock
                0x000000000800c8cc       0x44 ./Middlewares/Third_Party/FatFs/src/ff.o
 .text.inc_lock
                0x000000000800c910      0x11c ./Middlewares/Third_Party/FatFs/src/ff.o
 .text.dec_lock
                0x000000000800ca2c       0x78 ./Middlewares/Third_Party/FatFs/src/ff.o
 .text.clear_lock
                0x000000000800caa4       0x48 ./Middlewares/Third_Party/FatFs/src/ff.o
 .text.sync_window
                0x000000000800caec       0x88 ./Middlewares/Third_Party/FatFs/src/ff.o
 .text.move_window
                0x000000000800cb74       0x5a ./Middlewares/Third_Party/FatFs/src/ff.o
 *fill*         0x000000000800cbce        0x2 
 .text.sync_fs  0x000000000800cbd0       0xe0 ./Middlewares/Third_Party/FatFs/src/ff.o
 .text.clust2sect
                0x000000000800ccb0       0x3e ./Middlewares/Third_Party/FatFs/src/ff.o
 *fill*         0x000000000800ccee        0x2 
 .text.get_fat  0x000000000800ccf0      0x2ac ./Middlewares/Third_Party/FatFs/src/ff.o
 .text.put_fat  0x000000000800cf9c      0x240 ./Middlewares/Third_Party/FatFs/src/ff.o
 .text.find_bitmap
                0x000000000800d1dc      0x10e ./Middlewares/Third_Party/FatFs/src/ff.o
 .text.change_bitmap
                0x000000000800d2ea       0xea ./Middlewares/Third_Party/FatFs/src/ff.o
 .text.fill_first_frag
                0x000000000800d3d4       0x5e ./Middlewares/Third_Party/FatFs/src/ff.o
 .text.fill_last_frag
                0x000000000800d432       0x62 ./Middlewares/Third_Party/FatFs/src/ff.o
 .text.remove_chain
                0x000000000800d494      0x168 ./Middlewares/Third_Party/FatFs/src/ff.o
 .text.create_chain
                0x000000000800d5fc      0x202 ./Middlewares/Third_Party/FatFs/src/ff.o
 .text.clmt_clust
                0x000000000800d7fe       0x98 ./Middlewares/Third_Party/FatFs/src/ff.o
 .text.dir_sdi  0x000000000800d896      0x128 ./Middlewares/Third_Party/FatFs/src/ff.o
 .text.dir_next
                0x000000000800d9be      0x1cc ./Middlewares/Third_Party/FatFs/src/ff.o
 .text.dir_alloc
                0x000000000800db8a       0xb8 ./Middlewares/Third_Party/FatFs/src/ff.o
 .text.ld_clust
                0x000000000800dc42       0x3e ./Middlewares/Third_Party/FatFs/src/ff.o
 .text.st_clust
                0x000000000800dc80       0x40 ./Middlewares/Third_Party/FatFs/src/ff.o
 .text.cmp_lfn  0x000000000800dcc0       0xe0 ./Middlewares/Third_Party/FatFs/src/ff.o
 .text.pick_lfn
                0x000000000800dda0       0xc8 ./Middlewares/Third_Party/FatFs/src/ff.o
 .text.put_lfn  0x000000000800de68       0xd0 ./Middlewares/Third_Party/FatFs/src/ff.o
 .text.gen_numname
                0x000000000800df38      0x11c ./Middlewares/Third_Party/FatFs/src/ff.o
 .text.sum_sfn  0x000000000800e054       0x42 ./Middlewares/Third_Party/FatFs/src/ff.o
 .text.xdir_sum
                0x000000000800e096       0x66 ./Middlewares/Third_Party/FatFs/src/ff.o
 .text.xname_sum
                0x000000000800e0fc       0x68 ./Middlewares/Third_Party/FatFs/src/ff.o
 .text.load_xdir
                0x000000000800e164      0x17c ./Middlewares/Third_Party/FatFs/src/ff.o
 .text.load_obj_dir
                0x000000000800e2e0       0x6c ./Middlewares/Third_Party/FatFs/src/ff.o
 .text.store_xdir
                0x000000000800e34c       0xb6 ./Middlewares/Third_Party/FatFs/src/ff.o
 .text.create_xdir
                0x000000000800e402       0xce ./Middlewares/Third_Party/FatFs/src/ff.o
 .text.dir_read
                0x000000000800e4d0      0x18e ./Middlewares/Third_Party/FatFs/src/ff.o
 .text.dir_find
                0x000000000800e65e      0x252 ./Middlewares/Third_Party/FatFs/src/ff.o
 .text.dir_register
                0x000000000800e8b0      0x354 ./Middlewares/Third_Party/FatFs/src/ff.o
 .text.create_name
                0x000000000800ec04      0x370 ./Middlewares/Third_Party/FatFs/src/ff.o
 .text.follow_path
                0x000000000800ef74      0x15c ./Middlewares/Third_Party/FatFs/src/ff.o
 .text.get_ldnumber
                0x000000000800f0d0       0x88 ./Middlewares/Third_Party/FatFs/src/ff.o
 .text.check_fs
                0x000000000800f158       0xc8 ./Middlewares/Third_Party/FatFs/src/ff.o
 .text.find_volume
                0x000000000800f220      0x734 ./Middlewares/Third_Party/FatFs/src/ff.o
 .text.validate
                0x000000000800f954       0x6a ./Middlewares/Third_Party/FatFs/src/ff.o
 *fill*         0x000000000800f9be        0x2 
 .text.f_mount  0x000000000800f9c0       0x8c ./Middlewares/Third_Party/FatFs/src/ff.o
                0x000000000800f9c0                f_mount
 .text.f_open   0x000000000800fa4c      0x5a6 ./Middlewares/Third_Party/FatFs/src/ff.o
                0x000000000800fa4c                f_open
 .text.f_write  0x000000000800fff2      0x3ae ./Middlewares/Third_Party/FatFs/src/ff.o
                0x000000000800fff2                f_write
 .text.f_sync   0x00000000080103a0      0x23c ./Middlewares/Third_Party/FatFs/src/ff.o
                0x00000000080103a0                f_sync
 .text.f_close  0x00000000080105dc       0x54 ./Middlewares/Third_Party/FatFs/src/ff.o
                0x00000000080105dc                f_close
 .text.FATFS_LinkDriverEx
                0x0000000008010630       0x98 ./Middlewares/Third_Party/FatFs/src/ff_gen_drv.o
                0x0000000008010630                FATFS_LinkDriverEx
 .text.FATFS_LinkDriver
                0x00000000080106c8       0x1e ./Middlewares/Third_Party/FatFs/src/ff_gen_drv.o
                0x00000000080106c8                FATFS_LinkDriver
 *fill*         0x00000000080106e6        0x2 
 .text.ff_convert
                0x00000000080106e8       0x78 ./Middlewares/Third_Party/FatFs/src/option/ccsbcs.o
                0x00000000080106e8                ff_convert
 .text.ff_wtoupper
                0x0000000008010760      0x114 ./Middlewares/Third_Party/FatFs/src/option/ccsbcs.o
                0x0000000008010760                ff_wtoupper
 .text.__errno  0x0000000008010874        0xc c:/st/stm32cubeide_1.9.0/stm32cubeide/plugins/com.st.stm32cube.ide.mcu.externaltools.gnu-tools-for-stm32.10.3-2021.10.win32_1.0.0.202111181127/tools/bin/../lib/gcc/arm-none-eabi/10.3.1/../../../../arm-none-eabi/lib/thumb/v7e-m+dp/hard\libc_nano.a(lib_a-errno.o)
                0x0000000008010874                __errno
 .text.__libc_init_array
                0x0000000008010880       0x48 c:/st/stm32cubeide_1.9.0/stm32cubeide/plugins/com.st.stm32cube.ide.mcu.externaltools.gnu-tools-for-stm32.10.3-2021.10.win32_1.0.0.202111181127/tools/bin/../lib/gcc/arm-none-eabi/10.3.1/../../../../arm-none-eabi/lib/thumb/v7e-m+dp/hard\libc_nano.a(lib_a-init.o)
                0x0000000008010880                __libc_init_array
 .text.memset   0x00000000080108c8       0x10 c:/st/stm32cubeide_1.9.0/stm32cubeide/plugins/com.st.stm32cube.ide.mcu.externaltools.gnu-tools-for-stm32.10.3-2021.10.win32_1.0.0.202111181127/tools/bin/../lib/gcc/arm-none-eabi/10.3.1/../../../../arm-none-eabi/lib/thumb/v7e-m+dp/hard\libc_nano.a(lib_a-memset.o)
                0x00000000080108c8                memset
 .text._free_r  0x00000000080108d8       0x98 c:/st/stm32cubeide_1.9.0/stm32cubeide/plugins/com.st.stm32cube.ide.mcu.externaltools.gnu-tools-for-stm32.10.3-2021.10.win32_1.0.0.202111181127/tools/bin/../lib/gcc/arm-none-eabi/10.3.1/../../../../arm-none-eabi/lib/thumb/v7e-m+dp/hard\libc_nano.a(lib_a-nano-freer.o)
                0x00000000080108d8                _free_r
 .text.sbrk_aligned
                0x0000000008010970       0x40 c:/st/stm32cubeide_1.9.0/stm32cubeide/plugins/com.st.stm32cube.ide.mcu.externaltools.gnu-tools-for-stm32.10.3-2021.10.win32_1.0.0.202111181127/tools/bin/../lib/gcc/arm-none-eabi/10.3.1/../../../../arm-none-eabi/lib/thumb/v7e-m+dp/hard\libc_nano.a(lib_a-nano-mallocr.o)
 .text._malloc_r
                0x00000000080109b0       0xe8 c:/st/stm32cubeide_1.9.0/stm32cubeide/plugins/com.st.stm32cube.ide.mcu.externaltools.gnu-tools-for-stm32.10.3-2021.10.win32_1.0.0.202111181127/tools/bin/../lib/gcc/arm-none-eabi/10.3.1/../../../../arm-none-eabi/lib/thumb/v7e-m+dp/hard\libc_nano.a(lib_a-nano-mallocr.o)
                0x00000000080109b0                _malloc_r
 .text.printf   0x0000000008010a98       0x30 c:/st/stm32cubeide_1.9.0/stm32cubeide/plugins/com.st.stm32cube.ide.mcu.externaltools.gnu-tools-for-stm32.10.3-2021.10.win32_1.0.0.202111181127/tools/bin/../lib/gcc/arm-none-eabi/10.3.1/../../../../arm-none-eabi/lib/thumb/v7e-m+dp/hard\libc_nano.a(lib_a-printf.o)
                0x0000000008010a98                iprintf
                0x0000000008010a98                printf
 .text._puts_r  0x0000000008010ac8       0xdc c:/st/stm32cubeide_1.9.0/stm32cubeide/plugins/com.st.stm32cube.ide.mcu.externaltools.gnu-tools-for-stm32.10.3-2021.10.win32_1.0.0.202111181127/tools/bin/../lib/gcc/arm-none-eabi/10.3.1/../../../../arm-none-eabi/lib/thumb/v7e-m+dp/hard\libc_nano.a(lib_a-puts.o)
                0x0000000008010ac8                _puts_r
 .text.puts     0x0000000008010ba4       0x10 c:/st/stm32cubeide_1.9.0/stm32cubeide/plugins/com.st.stm32cube.ide.mcu.externaltools.gnu-tools-for-stm32.10.3-2021.10.win32_1.0.0.202111181127/tools/bin/../lib/gcc/arm-none-eabi/10.3.1/../../../../arm-none-eabi/lib/thumb/v7e-m+dp/hard\libc_nano.a(lib_a-puts.o)
                0x0000000008010ba4                puts
 .text._sbrk_r  0x0000000008010bb4       0x20 c:/st/stm32cubeide_1.9.0/stm32cubeide/plugins/com.st.stm32cube.ide.mcu.externaltools.gnu-tools-for-stm32.10.3-2021.10.win32_1.0.0.202111181127/tools/bin/../lib/gcc/arm-none-eabi/10.3.1/../../../../arm-none-eabi/lib/thumb/v7e-m+dp/hard\libc_nano.a(lib_a-sbrkr.o)
                0x0000000008010bb4                _sbrk_r
 .text.sprintf  0x0000000008010bd4       0x40 c:/st/stm32cubeide_1.9.0/stm32cubeide/plugins/com.st.stm32cube.ide.mcu.externaltools.gnu-tools-for-stm32.10.3-2021.10.win32_1.0.0.202111181127/tools/bin/../lib/gcc/arm-none-eabi/10.3.1/../../../../arm-none-eabi/lib/thumb/v7e-m+dp/hard\libc_nano.a(lib_a-sprintf.o)
                0x0000000008010bd4                siprintf
                0x0000000008010bd4                sprintf
 .text.__swbuf_r
                0x0000000008010c14       0xa4 c:/st/stm32cubeide_1.9.0/stm32cubeide/plugins/com.st.stm32cube.ide.mcu.externaltools.gnu-tools-for-stm32.10.3-2021.10.win32_1.0.0.202111181127/tools/bin/../lib/gcc/arm-none-eabi/10.3.1/../../../../arm-none-eabi/lib/thumb/v7e-m+dp/hard\libc_nano.a(lib_a-wbuf.o)
                0x0000000008010c14                __swbuf_r
 .text.__swsetup_r
                0x0000000008010cb8       0xdc c:/st/stm32cubeide_1.9.0/stm32cubeide/plugins/com.st.stm32cube.ide.mcu.externaltools.gnu-tools-for-stm32.10.3-2021.10.win32_1.0.0.202111181127/tools/bin/../lib/gcc/arm-none-eabi/10.3.1/../../../../arm-none-eabi/lib/thumb/v7e-m+dp/hard\libc_nano.a(lib_a-wsetup.o)
                0x0000000008010cb8                __swsetup_r
 .text.__sflush_r
                0x0000000008010d94      0x10c c:/st/stm32cubeide_1.9.0/stm32cubeide/plugins/com.st.stm32cube.ide.mcu.externaltools.gnu-tools-for-stm32.10.3-2021.10.win32_1.0.0.202111181127/tools/bin/../lib/gcc/arm-none-eabi/10.3.1/../../../../arm-none-eabi/lib/thumb/v7e-m+dp/hard\libc_nano.a(lib_a-fflush.o)
                0x0000000008010d94                __sflush_r
 .text._fflush_r
                0x0000000008010ea0       0x78 c:/st/stm32cubeide_1.9.0/stm32cubeide/plugins/com.st.stm32cube.ide.mcu.externaltools.gnu-tools-for-stm32.10.3-2021.10.win32_1.0.0.202111181127/tools/bin/../lib/gcc/arm-none-eabi/10.3.1/../../../../arm-none-eabi/lib/thumb/v7e-m+dp/hard\libc_nano.a(lib_a-fflush.o)
                0x0000000008010ea0                _fflush_r
 .text.std      0x0000000008010f18       0x48 c:/st/stm32cubeide_1.9.0/stm32cubeide/plugins/com.st.stm32cube.ide.mcu.externaltools.gnu-tools-for-stm32.10.3-2021.10.win32_1.0.0.202111181127/tools/bin/../lib/gcc/arm-none-eabi/10.3.1/../../../../arm-none-eabi/lib/thumb/v7e-m+dp/hard\libc_nano.a(lib_a-findfp.o)
 .text._cleanup_r
                0x0000000008010f60        0xc c:/st/stm32cubeide_1.9.0/stm32cubeide/plugins/com.st.stm32cube.ide.mcu.externaltools.gnu-tools-for-stm32.10.3-2021.10.win32_1.0.0.202111181127/tools/bin/../lib/gcc/arm-none-eabi/10.3.1/../../../../arm-none-eabi/lib/thumb/v7e-m+dp/hard\libc_nano.a(lib_a-findfp.o)
                0x0000000008010f60                _cleanup_r
 .text.__sfmoreglue
                0x0000000008010f6c       0x2c c:/st/stm32cubeide_1.9.0/stm32cubeide/plugins/com.st.stm32cube.ide.mcu.externaltools.gnu-tools-for-stm32.10.3-2021.10.win32_1.0.0.202111181127/tools/bin/../lib/gcc/arm-none-eabi/10.3.1/../../../../arm-none-eabi/lib/thumb/v7e-m+dp/hard\libc_nano.a(lib_a-findfp.o)
                0x0000000008010f6c                __sfmoreglue
 .text.__sfp_lock_acquire
                0x0000000008010f98        0xc c:/st/stm32cubeide_1.9.0/stm32cubeide/plugins/com.st.stm32cube.ide.mcu.externaltools.gnu-tools-for-stm32.10.3-2021.10.win32_1.0.0.202111181127/tools/bin/../lib/gcc/arm-none-eabi/10.3.1/../../../../arm-none-eabi/lib/thumb/v7e-m+dp/hard\libc_nano.a(lib_a-findfp.o)
                0x0000000008010f98                __sfp_lock_acquire
 .text.__sfp_lock_release
                0x0000000008010fa4        0xc c:/st/stm32cubeide_1.9.0/stm32cubeide/plugins/com.st.stm32cube.ide.mcu.externaltools.gnu-tools-for-stm32.10.3-2021.10.win32_1.0.0.202111181127/tools/bin/../lib/gcc/arm-none-eabi/10.3.1/../../../../arm-none-eabi/lib/thumb/v7e-m+dp/hard\libc_nano.a(lib_a-findfp.o)
                0x0000000008010fa4                __sfp_lock_release
 .text.__sinit_lock_acquire
                0x0000000008010fb0        0xc c:/st/stm32cubeide_1.9.0/stm32cubeide/plugins/com.st.stm32cube.ide.mcu.externaltools.gnu-tools-for-stm32.10.3-2021.10.win32_1.0.0.202111181127/tools/bin/../lib/gcc/arm-none-eabi/10.3.1/../../../../arm-none-eabi/lib/thumb/v7e-m+dp/hard\libc_nano.a(lib_a-findfp.o)
                0x0000000008010fb0                __sinit_lock_acquire
 .text.__sinit_lock_release
                0x0000000008010fbc        0xc c:/st/stm32cubeide_1.9.0/stm32cubeide/plugins/com.st.stm32cube.ide.mcu.externaltools.gnu-tools-for-stm32.10.3-2021.10.win32_1.0.0.202111181127/tools/bin/../lib/gcc/arm-none-eabi/10.3.1/../../../../arm-none-eabi/lib/thumb/v7e-m+dp/hard\libc_nano.a(lib_a-findfp.o)
                0x0000000008010fbc                __sinit_lock_release
 .text.__sinit  0x0000000008010fc8       0x70 c:/st/stm32cubeide_1.9.0/stm32cubeide/plugins/com.st.stm32cube.ide.mcu.externaltools.gnu-tools-for-stm32.10.3-2021.10.win32_1.0.0.202111181127/tools/bin/../lib/gcc/arm-none-eabi/10.3.1/../../../../arm-none-eabi/lib/thumb/v7e-m+dp/hard\libc_nano.a(lib_a-findfp.o)
                0x0000000008010fc8                __sinit
 .text.__sfp    0x0000000008011038       0x8c c:/st/stm32cubeide_1.9.0/stm32cubeide/plugins/com.st.stm32cube.ide.mcu.externaltools.gnu-tools-for-stm32.10.3-2021.10.win32_1.0.0.202111181127/tools/bin/../lib/gcc/arm-none-eabi/10.3.1/../../../../arm-none-eabi/lib/thumb/v7e-m+dp/hard\libc_nano.a(lib_a-findfp.o)
                0x0000000008011038                __sfp
 .text._fwalk_reent
                0x00000000080110c4       0x3e c:/st/stm32cubeide_1.9.0/stm32cubeide/plugins/com.st.stm32cube.ide.mcu.externaltools.gnu-tools-for-stm32.10.3-2021.10.win32_1.0.0.202111181127/tools/bin/../lib/gcc/arm-none-eabi/10.3.1/../../../../arm-none-eabi/lib/thumb/v7e-m+dp/hard\libc_nano.a(lib_a-fwalk.o)
                0x00000000080110c4                _fwalk_reent
 .text.__retarget_lock_init_recursive
                0x0000000008011102        0x2 c:/st/stm32cubeide_1.9.0/stm32cubeide/plugins/com.st.stm32cube.ide.mcu.externaltools.gnu-tools-for-stm32.10.3-2021.10.win32_1.0.0.202111181127/tools/bin/../lib/gcc/arm-none-eabi/10.3.1/../../../../arm-none-eabi/lib/thumb/v7e-m+dp/hard\libc_nano.a(lib_a-lock.o)
                0x0000000008011102                __retarget_lock_init_recursive
 .text.__retarget_lock_acquire_recursive
                0x0000000008011104        0x2 c:/st/stm32cubeide_1.9.0/stm32cubeide/plugins/com.st.stm32cube.ide.mcu.externaltools.gnu-tools-for-stm32.10.3-2021.10.win32_1.0.0.202111181127/tools/bin/../lib/gcc/arm-none-eabi/10.3.1/../../../../arm-none-eabi/lib/thumb/v7e-m+dp/hard\libc_nano.a(lib_a-lock.o)
                0x0000000008011104                __retarget_lock_acquire_recursive
 .text.__retarget_lock_release_recursive
                0x0000000008011106        0x2 c:/st/stm32cubeide_1.9.0/stm32cubeide/plugins/com.st.stm32cube.ide.mcu.externaltools.gnu-tools-for-stm32.10.3-2021.10.win32_1.0.0.202111181127/tools/bin/../lib/gcc/arm-none-eabi/10.3.1/../../../../arm-none-eabi/lib/thumb/v7e-m+dp/hard\libc_nano.a(lib_a-lock.o)
                0x0000000008011106                __retarget_lock_release_recursive
 .text.__swhatbuf_r
                0x0000000008011108       0x4a c:/st/stm32cubeide_1.9.0/stm32cubeide/plugins/com.st.stm32cube.ide.mcu.externaltools.gnu-tools-for-stm32.10.3-2021.10.win32_1.0.0.202111181127/tools/bin/../lib/gcc/arm-none-eabi/10.3.1/../../../../arm-none-eabi/lib/thumb/v7e-m+dp/hard\libc_nano.a(lib_a-makebuf.o)
                0x0000000008011108                __swhatbuf_r
 *fill*         0x0000000008011152        0x2 
 .text.__smakebuf_r
                0x0000000008011154       0x80 c:/st/stm32cubeide_1.9.0/stm32cubeide/plugins/com.st.stm32cube.ide.mcu.externaltools.gnu-tools-for-stm32.10.3-2021.10.win32_1.0.0.202111181127/tools/bin/../lib/gcc/arm-none-eabi/10.3.1/../../../../arm-none-eabi/lib/thumb/v7e-m+dp/hard\libc_nano.a(lib_a-makebuf.o)
                0x0000000008011154                __smakebuf_r
 .text.__malloc_lock
                0x00000000080111d4        0xc c:/st/stm32cubeide_1.9.0/stm32cubeide/plugins/com.st.stm32cube.ide.mcu.externaltools.gnu-tools-for-stm32.10.3-2021.10.win32_1.0.0.202111181127/tools/bin/../lib/gcc/arm-none-eabi/10.3.1/../../../../arm-none-eabi/lib/thumb/v7e-m+dp/hard\libc_nano.a(lib_a-mlock.o)
                0x00000000080111d4                __malloc_lock
 .text.__malloc_unlock
                0x00000000080111e0        0xc c:/st/stm32cubeide_1.9.0/stm32cubeide/plugins/com.st.stm32cube.ide.mcu.externaltools.gnu-tools-for-stm32.10.3-2021.10.win32_1.0.0.202111181127/tools/bin/../lib/gcc/arm-none-eabi/10.3.1/../../../../arm-none-eabi/lib/thumb/v7e-m+dp/hard\libc_nano.a(lib_a-mlock.o)
                0x00000000080111e0                __malloc_unlock
 .text.__ssputs_r
                0x00000000080111ec       0xb6 c:/st/stm32cubeide_1.9.0/stm32cubeide/plugins/com.st.stm32cube.ide.mcu.externaltools.gnu-tools-for-stm32.10.3-2021.10.win32_1.0.0.202111181127/tools/bin/../lib/gcc/arm-none-eabi/10.3.1/../../../../arm-none-eabi/lib/thumb/v7e-m+dp/hard\libc_nano.a(lib_a-nano-svfprintf.o)
                0x00000000080111ec                __ssputs_r
 *fill*         0x00000000080112a2        0x2 
 .text._svfprintf_r
                0x00000000080112a4      0x200 c:/st/stm32cubeide_1.9.0/stm32cubeide/plugins/com.st.stm32cube.ide.mcu.externaltools.gnu-tools-for-stm32.10.3-2021.10.win32_1.0.0.202111181127/tools/bin/../lib/gcc/arm-none-eabi/10.3.1/../../../../arm-none-eabi/lib/thumb/v7e-m+dp/hard\libc_nano.a(lib_a-nano-svfprintf.o)
                0x00000000080112a4                _svfiprintf_r
                0x00000000080112a4                _svfprintf_r
 .text.__sfputc_r
                0x00000000080114a4       0x2e c:/st/stm32cubeide_1.9.0/stm32cubeide/plugins/com.st.stm32cube.ide.mcu.externaltools.gnu-tools-for-stm32.10.3-2021.10.win32_1.0.0.202111181127/tools/bin/../lib/gcc/arm-none-eabi/10.3.1/../../../../arm-none-eabi/lib/thumb/v7e-m+dp/hard\libc_nano.a(lib_a-nano-vfprintf.o)
 .text.__sfputs_r
                0x00000000080114d2       0x24 c:/st/stm32cubeide_1.9.0/stm32cubeide/plugins/com.st.stm32cube.ide.mcu.externaltools.gnu-tools-for-stm32.10.3-2021.10.win32_1.0.0.202111181127/tools/bin/../lib/gcc/arm-none-eabi/10.3.1/../../../../arm-none-eabi/lib/thumb/v7e-m+dp/hard\libc_nano.a(lib_a-nano-vfprintf.o)
                0x00000000080114d2                __sfputs_r
 *fill*         0x00000000080114f6        0x2 
 .text._vfprintf_r
                0x00000000080114f8      0x260 c:/st/stm32cubeide_1.9.0/stm32cubeide/plugins/com.st.stm32cube.ide.mcu.externaltools.gnu-tools-for-stm32.10.3-2021.10.win32_1.0.0.202111181127/tools/bin/../lib/gcc/arm-none-eabi/10.3.1/../../../../arm-none-eabi/lib/thumb/v7e-m+dp/hard\libc_nano.a(lib_a-nano-vfprintf.o)
                0x00000000080114f8                _vfprintf_r
                0x00000000080114f8                _vfiprintf_r
 .text._printf_common
                0x0000000008011758       0xda c:/st/stm32cubeide_1.9.0/stm32cubeide/plugins/com.st.stm32cube.ide.mcu.externaltools.gnu-tools-for-stm32.10.3-2021.10.win32_1.0.0.202111181127/tools/bin/../lib/gcc/arm-none-eabi/10.3.1/../../../../arm-none-eabi/lib/thumb/v7e-m+dp/hard\libc_nano.a(lib_a-nano-vfprintf_i.o)
                0x0000000008011758                _printf_common
 *fill*         0x0000000008011832        0x2 
 .text._printf_i
                0x0000000008011834      0x24c c:/st/stm32cubeide_1.9.0/stm32cubeide/plugins/com.st.stm32cube.ide.mcu.externaltools.gnu-tools-for-stm32.10.3-2021.10.win32_1.0.0.202111181127/tools/bin/../lib/gcc/arm-none-eabi/10.3.1/../../../../arm-none-eabi/lib/thumb/v7e-m+dp/hard\libc_nano.a(lib_a-nano-vfprintf_i.o)
                0x0000000008011834                _printf_i
 .text.__sread  0x0000000008011a80       0x22 c:/st/stm32cubeide_1.9.0/stm32cubeide/plugins/com.st.stm32cube.ide.mcu.externaltools.gnu-tools-for-stm32.10.3-2021.10.win32_1.0.0.202111181127/tools/bin/../lib/gcc/arm-none-eabi/10.3.1/../../../../arm-none-eabi/lib/thumb/v7e-m+dp/hard\libc_nano.a(lib_a-stdio.o)
                0x0000000008011a80                __sread
 .text.__swrite
                0x0000000008011aa2       0x38 c:/st/stm32cubeide_1.9.0/stm32cubeide/plugins/com.st.stm32cube.ide.mcu.externaltools.gnu-tools-for-stm32.10.3-2021.10.win32_1.0.0.202111181127/tools/bin/../lib/gcc/arm-none-eabi/10.3.1/../../../../arm-none-eabi/lib/thumb/v7e-m+dp/hard\libc_nano.a(lib_a-stdio.o)
                0x0000000008011aa2                __swrite
 .text.__sseek  0x0000000008011ada       0x24 c:/st/stm32cubeide_1.9.0/stm32cubeide/plugins/com.st.stm32cube.ide.mcu.externaltools.gnu-tools-for-stm32.10.3-2021.10.win32_1.0.0.202111181127/tools/bin/../lib/gcc/arm-none-eabi/10.3.1/../../../../arm-none-eabi/lib/thumb/v7e-m+dp/hard\libc_nano.a(lib_a-stdio.o)
                0x0000000008011ada                __sseek
 .text.__sclose
                0x0000000008011afe        0x8 c:/st/stm32cubeide_1.9.0/stm32cubeide/plugins/com.st.stm32cube.ide.mcu.externaltools.gnu-tools-for-stm32.10.3-2021.10.win32_1.0.0.202111181127/tools/bin/../lib/gcc/arm-none-eabi/10.3.1/../../../../arm-none-eabi/lib/thumb/v7e-m+dp/hard\libc_nano.a(lib_a-stdio.o)
                0x0000000008011afe                __sclose
 *fill*         0x0000000008011b06        0x2 
 .text._write_r
                0x0000000008011b08       0x24 c:/st/stm32cubeide_1.9.0/stm32cubeide/plugins/com.st.stm32cube.ide.mcu.externaltools.gnu-tools-for-stm32.10.3-2021.10.win32_1.0.0.202111181127/tools/bin/../lib/gcc/arm-none-eabi/10.3.1/../../../../arm-none-eabi/lib/thumb/v7e-m+dp/hard\libc_nano.a(lib_a-writer.o)
                0x0000000008011b08                _write_r
 .text._close_r
                0x0000000008011b2c       0x20 c:/st/stm32cubeide_1.9.0/stm32cubeide/plugins/com.st.stm32cube.ide.mcu.externaltools.gnu-tools-for-stm32.10.3-2021.10.win32_1.0.0.202111181127/tools/bin/../lib/gcc/arm-none-eabi/10.3.1/../../../../arm-none-eabi/lib/thumb/v7e-m+dp/hard\libc_nano.a(lib_a-closer.o)
                0x0000000008011b2c                _close_r
 .text._fstat_r
                0x0000000008011b4c       0x24 c:/st/stm32cubeide_1.9.0/stm32cubeide/plugins/com.st.stm32cube.ide.mcu.externaltools.gnu-tools-for-stm32.10.3-2021.10.win32_1.0.0.202111181127/tools/bin/../lib/gcc/arm-none-eabi/10.3.1/../../../../arm-none-eabi/lib/thumb/v7e-m+dp/hard\libc_nano.a(lib_a-fstatr.o)
                0x0000000008011b4c                _fstat_r
 .text._isatty_r
                0x0000000008011b70       0x20 c:/st/stm32cubeide_1.9.0/stm32cubeide/plugins/com.st.stm32cube.ide.mcu.externaltools.gnu-tools-for-stm32.10.3-2021.10.win32_1.0.0.202111181127/tools/bin/../lib/gcc/arm-none-eabi/10.3.1/../../../../arm-none-eabi/lib/thumb/v7e-m+dp/hard\libc_nano.a(lib_a-isattyr.o)
                0x0000000008011b70                _isatty_r
 .text._lseek_r
                0x0000000008011b90       0x24 c:/st/stm32cubeide_1.9.0/stm32cubeide/plugins/com.st.stm32cube.ide.mcu.externaltools.gnu-tools-for-stm32.10.3-2021.10.win32_1.0.0.202111181127/tools/bin/../lib/gcc/arm-none-eabi/10.3.1/../../../../arm-none-eabi/lib/thumb/v7e-m+dp/hard\libc_nano.a(lib_a-lseekr.o)
                0x0000000008011b90                _lseek_r
 .text.memcpy   0x0000000008011bb4       0x1c c:/st/stm32cubeide_1.9.0/stm32cubeide/plugins/com.st.stm32cube.ide.mcu.externaltools.gnu-tools-for-stm32.10.3-2021.10.win32_1.0.0.202111181127/tools/bin/../lib/gcc/arm-none-eabi/10.3.1/../../../../arm-none-eabi/lib/thumb/v7e-m+dp/hard\libc_nano.a(lib_a-memcpy-stub.o)
                0x0000000008011bb4                memcpy
 .text.memmove  0x0000000008011bd0       0x34 c:/st/stm32cubeide_1.9.0/stm32cubeide/plugins/com.st.stm32cube.ide.mcu.externaltools.gnu-tools-for-stm32.10.3-2021.10.win32_1.0.0.202111181127/tools/bin/../lib/gcc/arm-none-eabi/10.3.1/../../../../arm-none-eabi/lib/thumb/v7e-m+dp/hard\libc_nano.a(lib_a-memmove.o)
                0x0000000008011bd0                memmove
 .text._realloc_r
                0x0000000008011c04       0x5e c:/st/stm32cubeide_1.9.0/stm32cubeide/plugins/com.st.stm32cube.ide.mcu.externaltools.gnu-tools-for-stm32.10.3-2021.10.win32_1.0.0.202111181127/tools/bin/../lib/gcc/arm-none-eabi/10.3.1/../../../../arm-none-eabi/lib/thumb/v7e-m+dp/hard\libc_nano.a(lib_a-nano-reallocr.o)
                0x0000000008011c04                _realloc_r
 *fill*         0x0000000008011c62        0x2 
 .text._read_r  0x0000000008011c64       0x24 c:/st/stm32cubeide_1.9.0/stm32cubeide/plugins/com.st.stm32cube.ide.mcu.externaltools.gnu-tools-for-stm32.10.3-2021.10.win32_1.0.0.202111181127/tools/bin/../lib/gcc/arm-none-eabi/10.3.1/../../../../arm-none-eabi/lib/thumb/v7e-m+dp/hard\libc_nano.a(lib_a-readr.o)
                0x0000000008011c64                _read_r
 .text._malloc_usable_size_r
                0x0000000008011c88       0x10 c:/st/stm32cubeide_1.9.0/stm32cubeide/plugins/com.st.stm32cube.ide.mcu.externaltools.gnu-tools-for-stm32.10.3-2021.10.win32_1.0.0.202111181127/tools/bin/../lib/gcc/arm-none-eabi/10.3.1/../../../../arm-none-eabi/lib/thumb/v7e-m+dp/hard\libc_nano.a(lib_a-nano-msizer.o)
                0x0000000008011c88                _malloc_usable_size_r
 *(.glue_7)
 .glue_7        0x0000000008011c98        0x0 linker stubs
 *(.glue_7t)
 .glue_7t       0x0000000008011c98        0x0 linker stubs
 *(.eh_frame)
 .eh_frame      0x0000000008011c98        0x0 c:/st/stm32cubeide_1.9.0/stm32cubeide/plugins/com.st.stm32cube.ide.mcu.externaltools.gnu-tools-for-stm32.10.3-2021.10.win32_1.0.0.202111181127/tools/bin/../lib/gcc/arm-none-eabi/10.3.1/thumb/v7e-m+dp/hard/crtbegin.o
 *(.init)
 .init          0x0000000008011c98        0x4 c:/st/stm32cubeide_1.9.0/stm32cubeide/plugins/com.st.stm32cube.ide.mcu.externaltools.gnu-tools-for-stm32.10.3-2021.10.win32_1.0.0.202111181127/tools/bin/../lib/gcc/arm-none-eabi/10.3.1/thumb/v7e-m+dp/hard/crti.o
                0x0000000008011c98                _init
 .init          0x0000000008011c9c        0x8 c:/st/stm32cubeide_1.9.0/stm32cubeide/plugins/com.st.stm32cube.ide.mcu.externaltools.gnu-tools-for-stm32.10.3-2021.10.win32_1.0.0.202111181127/tools/bin/../lib/gcc/arm-none-eabi/10.3.1/thumb/v7e-m+dp/hard/crtn.o
 *(.fini)
 .fini          0x0000000008011ca4        0x4 c:/st/stm32cubeide_1.9.0/stm32cubeide/plugins/com.st.stm32cube.ide.mcu.externaltools.gnu-tools-for-stm32.10.3-2021.10.win32_1.0.0.202111181127/tools/bin/../lib/gcc/arm-none-eabi/10.3.1/thumb/v7e-m+dp/hard/crti.o
                0x0000000008011ca4                _fini
 .fini          0x0000000008011ca8        0x8 c:/st/stm32cubeide_1.9.0/stm32cubeide/plugins/com.st.stm32cube.ide.mcu.externaltools.gnu-tools-for-stm32.10.3-2021.10.win32_1.0.0.202111181127/tools/bin/../lib/gcc/arm-none-eabi/10.3.1/thumb/v7e-m+dp/hard/crtn.o
                0x0000000008011cb0                . = ALIGN (0x4)
                0x0000000008011cb0                _etext = .

.vfp11_veneer   0x0000000008011cb0        0x0
 .vfp11_veneer  0x0000000008011cb0        0x0 linker stubs

.v4_bx          0x0000000008011cb0        0x0
 .v4_bx         0x0000000008011cb0        0x0 linker stubs

.iplt           0x0000000008011cb0        0x0
 .iplt          0x0000000008011cb0        0x0 c:/st/stm32cubeide_1.9.0/stm32cubeide/plugins/com.st.stm32cube.ide.mcu.externaltools.gnu-tools-for-stm32.10.3-2021.10.win32_1.0.0.202111181127/tools/bin/../lib/gcc/arm-none-eabi/10.3.1/thumb/v7e-m+dp/hard/crtbegin.o

.rodata         0x0000000008011cb0      0x610
                0x0000000008011cb0                . = ALIGN (0x4)
 *(.rodata)
 .rodata        0x0000000008011cb0        0x3 ./Core/Src/icm209482.o
 *fill*         0x0000000008011cb3        0x1 
 .rodata        0x0000000008011cb4       0x94 ./Core/Src/main.o
 .rodata        0x0000000008011d48       0x54 ./Middlewares/Third_Party/FatFs/src/ff.o
 *(.rodata*)
 .rodata.D1CorePrescTable
                0x0000000008011d9c       0x10 ./Core/Src/system_stm32h7xx.o
                0x0000000008011d9c                D1CorePrescTable
 .rodata.UARTPrescTable
                0x0000000008011dac       0x18 ./Drivers/STM32H7xx_HAL_Driver/Src/stm32h7xx_hal_uart.o
                0x0000000008011dac                UARTPrescTable
 .rodata.numerator.1
                0x0000000008011dc4        0x8 ./Drivers/STM32H7xx_HAL_Driver/Src/stm32h7xx_hal_uart_ex.o
 .rodata.denominator.0
                0x0000000008011dcc        0x8 ./Drivers/STM32H7xx_HAL_Driver/Src/stm32h7xx_hal_uart_ex.o
 .rodata.SD_Driver
                0x0000000008011dd4       0x14 ./FATFS/Target/sd_diskio.o
                0x0000000008011dd4                SD_Driver
 .rodata.ExCvt  0x0000000008011de8       0x80 ./Middlewares/Third_Party/FatFs/src/ff.o
 .rodata.LfnOfs
                0x0000000008011e68        0xd ./Middlewares/Third_Party/FatFs/src/ff.o
 *fill*         0x0000000008011e75        0x3 
 .rodata.Tbl    0x0000000008011e78      0x100 ./Middlewares/Third_Party/FatFs/src/option/ccsbcs.o
 .rodata.cvt1.1
                0x0000000008011f78      0x1f2 ./Middlewares/Third_Party/FatFs/src/option/ccsbcs.o
 *fill*         0x000000000801216a        0x2 
 .rodata.cvt2.0
                0x000000000801216c       0xbc ./Middlewares/Third_Party/FatFs/src/option/ccsbcs.o
 .rodata._global_impure_ptr
                0x0000000008012228        0x4 c:/st/stm32cubeide_1.9.0/stm32cubeide/plugins/com.st.stm32cube.ide.mcu.externaltools.gnu-tools-for-stm32.10.3-2021.10.win32_1.0.0.202111181127/tools/bin/../lib/gcc/arm-none-eabi/10.3.1/../../../../arm-none-eabi/lib/thumb/v7e-m+dp/hard\libc_nano.a(lib_a-impure.o)
                0x0000000008012228                _global_impure_ptr
 .rodata.__sf_fake_stderr
                0x000000000801222c       0x20 c:/st/stm32cubeide_1.9.0/stm32cubeide/plugins/com.st.stm32cube.ide.mcu.externaltools.gnu-tools-for-stm32.10.3-2021.10.win32_1.0.0.202111181127/tools/bin/../lib/gcc/arm-none-eabi/10.3.1/../../../../arm-none-eabi/lib/thumb/v7e-m+dp/hard\libc_nano.a(lib_a-findfp.o)
                0x000000000801222c                __sf_fake_stderr
 .rodata.__sf_fake_stdin
                0x000000000801224c       0x20 c:/st/stm32cubeide_1.9.0/stm32cubeide/plugins/com.st.stm32cube.ide.mcu.externaltools.gnu-tools-for-stm32.10.3-2021.10.win32_1.0.0.202111181127/tools/bin/../lib/gcc/arm-none-eabi/10.3.1/../../../../arm-none-eabi/lib/thumb/v7e-m+dp/hard\libc_nano.a(lib_a-findfp.o)
                0x000000000801224c                __sf_fake_stdin
 .rodata.__sf_fake_stdout
                0x000000000801226c       0x20 c:/st/stm32cubeide_1.9.0/stm32cubeide/plugins/com.st.stm32cube.ide.mcu.externaltools.gnu-tools-for-stm32.10.3-2021.10.win32_1.0.0.202111181127/tools/bin/../lib/gcc/arm-none-eabi/10.3.1/../../../../arm-none-eabi/lib/thumb/v7e-m+dp/hard\libc_nano.a(lib_a-findfp.o)
                0x000000000801226c                __sf_fake_stdout
 .rodata._svfprintf_r.str1.1
                0x000000000801228c       0x11 c:/st/stm32cubeide_1.9.0/stm32cubeide/plugins/com.st.stm32cube.ide.mcu.externaltools.gnu-tools-for-stm32.10.3-2021.10.win32_1.0.0.202111181127/tools/bin/../lib/gcc/arm-none-eabi/10.3.1/../../../../arm-none-eabi/lib/thumb/v7e-m+dp/hard\libc_nano.a(lib_a-nano-svfprintf.o)
 .rodata._vfprintf_r.str1.1
                0x000000000801229d       0x11 c:/st/stm32cubeide_1.9.0/stm32cubeide/plugins/com.st.stm32cube.ide.mcu.externaltools.gnu-tools-for-stm32.10.3-2021.10.win32_1.0.0.202111181127/tools/bin/../lib/gcc/arm-none-eabi/10.3.1/../../../../arm-none-eabi/lib/thumb/v7e-m+dp/hard\libc_nano.a(lib_a-nano-vfprintf.o)
 .rodata._printf_i.str1.1
                0x000000000801229d       0x22 c:/st/stm32cubeide_1.9.0/stm32cubeide/plugins/com.st.stm32cube.ide.mcu.externaltools.gnu-tools-for-stm32.10.3-2021.10.win32_1.0.0.202111181127/tools/bin/../lib/gcc/arm-none-eabi/10.3.1/../../../../arm-none-eabi/lib/thumb/v7e-m+dp/hard\libc_nano.a(lib_a-nano-vfprintf_i.o)
                0x00000000080122c0                . = ALIGN (0x4)
 *fill*         0x00000000080122bf        0x1 

.ARM.extab
 *(.ARM.extab* .gnu.linkonce.armextab.*)

.ARM            0x00000000080122c0        0x8
                0x00000000080122c0                __exidx_start = .
 *(.ARM.exidx*)
 .ARM.exidx     0x00000000080122c0        0x8 c:/st/stm32cubeide_1.9.0/stm32cubeide/plugins/com.st.stm32cube.ide.mcu.externaltools.gnu-tools-for-stm32.10.3-2021.10.win32_1.0.0.202111181127/tools/bin/../lib/gcc/arm-none-eabi/10.3.1/thumb/v7e-m+dp/hard\libgcc.a(_udivmoddi4.o)
                0x00000000080122c8                __exidx_end = .

.rel.dyn        0x00000000080122c8        0x0
 .rel.iplt      0x00000000080122c8        0x0 c:/st/stm32cubeide_1.9.0/stm32cubeide/plugins/com.st.stm32cube.ide.mcu.externaltools.gnu-tools-for-stm32.10.3-2021.10.win32_1.0.0.202111181127/tools/bin/../lib/gcc/arm-none-eabi/10.3.1/thumb/v7e-m+dp/hard/crtbegin.o

.preinit_array  0x00000000080122c8        0x0
                0x00000000080122c8                PROVIDE (__preinit_array_start = .)