Archive member included to satisfy reference by file (symbol)

c:/st/stm32cubeide_1.9.0/stm32cubeide/plugins/com.st.stm32cube.ide.mcu.externaltools.gnu-tools-for-stm32.10.3-2021.10.win32_1.0.0.202111181127/tools/bin/../lib/gcc/arm-none-eabi/10.3.1/../../../../arm-none-eabi/lib/thumb/v7e-m+dp/hard\libc_nano.a(lib_a-errno.o)
                              ./Core/Src/syscalls.o (__errno)
c:/st/stm32cubeide_1.9.0/stm32cubeide/plugins/com.st.stm32cube.ide.mcu.externaltools.gnu-tools-for-stm32.10.3-2021.10.win32_1.0.0.202111181127/tools/bin/../lib/gcc/arm-none-eabi/10.3.1/../../../../arm-none-eabi/lib/thumb/v7e-m+dp/hard\libc_nano.a(lib_a-exit.o)
                              c:/st/stm32cubeide_1.9.0/stm32cubeide/plugins/com.st.stm32cube.ide.mcu.externaltools.gnu-tools-for-stm32.10.3-2021.10.win32_1.0.0.202111181127/tools/bin/../lib/gcc/arm-none-eabi/10.3.1/../../../../arm-none-eabi/lib/thumb/v7e-m+dp/hard/crt0.o (exit)
c:/st/stm32cubeide_1.9.0/stm32cubeide/plugins/com.st.stm32cube.ide.mcu.externaltools.gnu-tools-for-stm32.10.3-2021.10.win32_1.0.0.202111181127/tools/bin/../lib/gcc/arm-none-eabi/10.3.1/../../../../arm-none-eabi/lib/thumb/v7e-m+dp/hard\libc_nano.a(lib_a-impure.o)
                              c:/st/stm32cubeide_1.9.0/stm32cubeide/plugins/com.st.stm32cube.ide.mcu.externaltools.gnu-tools-for-stm32.10.3-2021.10.win32_1.0.0.202111181127/tools/bin/../lib/gcc/arm-none-eabi/10.3.1/../../../../arm-none-eabi/lib/thumb/v7e-m+dp/hard\libc_nano.a(lib_a-exit.o) (_global_impure_ptr)
c:/st/stm32cubeide_1.9.0/stm32cubeide/plugins/com.st.stm32cube.ide.mcu.externaltools.gnu-tools-for-stm32.10.3-2021.10.win32_1.0.0.202111181127/tools/bin/../lib/gcc/arm-none-eabi/10.3.1/../../../../arm-none-eabi/lib/thumb/v7e-m+dp/hard\libc_nano.a(lib_a-init.o)
                              c:/st/stm32cubeide_1.9.0/stm32cubeide/plugins/com.st.stm32cube.ide.mcu.externaltools.gnu-tools-for-stm32.10.3-2021.10.win32_1.0.0.202111181127/tools/bin/../lib/gcc/arm-none-eabi/10.3.1/../../../../arm-none-eabi/lib/thumb/v7e-m+dp/hard/crt0.o (__libc_init_array)
c:/st/stm32cubeide_1.9.0/stm32cubeide/plugins/com.st.stm32cube.ide.mcu.externaltools.gnu-tools-for-stm32.10.3-2021.10.win32_1.0.0.202111181127/tools/bin/../lib/gcc/arm-none-eabi/10.3.1/../../../../arm-none-eabi/lib/thumb/v7e-m+dp/hard\libc_nano.a(lib_a-memset.o)
                              c:/st/stm32cubeide_1.9.0/stm32cubeide/plugins/com.st.stm32cube.ide.mcu.externaltools.gnu-tools-for-stm32.10.3-2021.10.win32_1.0.0.202111181127/tools/bin/../lib/gcc/arm-none-eabi/10.3.1/../../../../arm-none-eabi/lib/thumb/v7e-m+dp/hard/crt0.o (memset)
c:/st/stm32cubeide_1.9.0/stm32cubeide/plugins/com.st.stm32cube.ide.mcu.externaltools.gnu-tools-for-stm32.10.3-2021.10.win32_1.0.0.202111181127/tools/bin/../lib/gcc/arm-none-eabi/10.3.1/../../../../arm-none-eabi/lib/thumb/v7e-m+dp/hard\libc_nano.a(lib_a-printf.o)
                              ./Core/Src/main.o (printf)
c:/st/stm32cubeide_1.9.0/stm32cubeide/plugins/com.st.stm32cube.ide.mcu.externaltools.gnu-tools-for-stm32.10.3-2021.10.win32_1.0.0.202111181127/tools/bin/../lib/gcc/arm-none-eabi/10.3.1/../../../../arm-none-eabi/lib/thumb/v7e-m+dp/hard\libc_nano.a(lib_a-puts.o)
                              ./Core/Src/main.o (puts)
c:/st/stm32cubeide_1.9.0/stm32cubeide/plugins/com.st.stm32cube.ide.mcu.externaltools.gnu-tools-for-stm32.10.3-2021.10.win32_1.0.0.202111181127/tools/bin/../lib/gcc/arm-none-eabi/10.3.1/../../../../arm-none-eabi/lib/thumb/v7e-m+dp/hard\libc_nano.a(lib_a-sprintf.o)
                              ./Core/Src/main.o (sprintf)
c:/st/stm32cubeide_1.9.0/stm32cubeide/plugins/com.st.stm32cube.ide.mcu.externaltools.gnu-tools-for-stm32.10.3-2021.10.win32_1.0.0.202111181127/tools/bin/../lib/gcc/arm-none-eabi/10.3.1/../../../../arm-none-eabi/lib/thumb/v7e-m+dp/hard\libc_nano.a(lib_a-wbuf.o)
                              c:/st/stm32cubeide_1.9.0/stm32cubeide/plugins/com.st.stm32cube.ide.mcu.externaltools.gnu-tools-for-stm32.10.3-2021.10.win32_1.0.0.202111181127/tools/bin/../lib/gcc/arm-none-eabi/10.3.1/../../../../arm-none-eabi/lib/thumb/v7e-m+dp/hard\libc_nano.a(lib_a-puts.o) (__swbuf_r)
c:/st/stm32cubeide_1.9.0/stm32cubeide/plugins/com.st.stm32cube.ide.mcu.externaltools.gnu-tools-for-stm32.10.3-2021.10.win32_1.0.0.202111181127/tools/bin/../lib/gcc/arm-none-eabi/10.3.1/../../../../arm-none-eabi/lib/thumb/v7e-m+dp/hard\libc_nano.a(lib_a-wsetup.o)
                              c:/st/stm32cubeide_1.9.0/stm32cubeide/plugins/com.st.stm32cube.ide.mcu.externaltools.gnu-tools-for-stm32.10.3-2021.10.win32_1.0.0.202111181127/tools/bin/../lib/gcc/arm-none-eabi/10.3.1/../../../../arm-none-eabi/lib/thumb/v7e-m+dp/hard\libc_nano.a(lib_a-puts.o) (__swsetup_r)
c:/st/stm32cubeide_1.9.0/stm32cubeide/plugins/com.st.stm32cube.ide.mcu.externaltools.gnu-tools-for-stm32.10.3-2021.10.win32_1.0.0.202111181127/tools/bin/../lib/gcc/arm-none-eabi/10.3.1/../../../../arm-none-eabi/lib/thumb/v7e-m+dp/hard\libc_nano.a(lib_a-fflush.o)
[...]
Memory Configuration

Name             Origin             Length             Attributes
FLASH            0x0000000008000000 0x0000000000020000 xr
DTCMRAM          0x0000000020000000 0x0000000000020000 xrw
RAM_D1           0x0000000024000000 0x0000000000080000 xrw
RAM_D2           0x0000000030000000 0x0000000000048000 xrw
RAM_D3           0x0000000038000000 0x0000000000010000 xrw
ITCMRAM          0x0000000000000000 0x0000000000010000 xrw
*default*        0x0000000000000000 0xffffffffffffffff

Linker script and memory map

LOAD c:/st/stm32cubeide_1.9.0/stm32cubeide/plugins/com.st.stm32cube.ide.mcu.externaltools.gnu-tools-for-stm32.10.3-2021.10.win32_1.0.0.202111181127/tools/bin/../lib/gcc/arm-none-eabi/10.3.1/thumb/v7e-m+dp/hard/crti.o
LOAD c:/st/stm32cubeide_1.9.0/stm32cubeide/plugins/com.st.stm32cube.ide.mcu.externaltools.gnu-tools-for-stm32.10.3-2021.10.win32_1.0.0.202111181127/tools/bin/../lib/gcc/arm-none-eabi/10.3.1/thumb/v7e-m+dp/hard/crtbegin.o
LOAD c:/st/stm32cubeide_1.9.0/stm32cubeide/plugins/com.st.stm32cube.ide.mcu.externaltools.gnu-tools-for-stm32.10.3-2021.10.win32_1.0.0.202111181127/tools/bin/../lib/gcc/arm-none-eabi/10.3.1/../../../../arm-none-eabi/lib/thumb/v7e-m+dp/hard/crt0.o
LOAD ./Core/Src/gpio.o
LOAD ./Core/Src/icm209482.o
LOAD ./Core/Src/main.o
LOAD ./Core/Src/sdmmc.o
LOAD ./Core/Src/spi.o
LOAD ./Core/Src/stm32h7xx_hal_msp.o
LOAD ./Core/Src/stm32h7xx_it.o
LOAD ./Core/Src/syscalls.o
LOAD ./Core/Src/sysmem.o
LOAD ./Core/Src/system_stm32h7xx.o
LOAD ./Core/Src/tim.o
LOAD ./Core/Src/usart.o
LOAD ./Core/Startup/startup_stm32h750xbhx.o
LOAD ./Drivers/STM32H7xx_HAL_Driver/Src/stm32h7xx_hal.o
LOAD ./Drivers/STM32H7xx_HAL_Driver/Src/stm32h7xx_hal_cortex.o
LOAD ./Drivers/STM32H7xx_HAL_Driver/Src/stm32h7xx_hal_dma.o
LOAD ./Drivers/STM32H7xx_HAL_Driver/Src/stm32h7xx_hal_dma_ex.o
LOAD ./Drivers/STM32H7xx_HAL_Driver/Src/stm32h7xx_hal_exti.o
LOAD ./Drivers/STM32H7xx_HAL_Driver/Src/stm32h7xx_hal_flash.o
LOAD ./Drivers/STM32H7xx_HAL_Driver/Src/stm32h7xx_hal_flash_ex.o
LOAD ./Drivers/STM32H7xx_HAL_Driver/Src/stm32h7xx_hal_gpio.o
LOAD ./Drivers/STM32H7xx_HAL_Driver/Src/stm32h7xx_hal_hsem.o
LOAD ./Drivers/STM32H7xx_HAL_Driver/Src/stm32h7xx_hal_i2c.o
LOAD ./Drivers/STM32H7xx_HAL_Driver/Src/stm32h7xx_hal_i2c_ex.o
LOAD ./Drivers/STM32H7xx_HAL_Driver/Src/stm32h7xx_hal_mdma.o
LOAD ./Drivers/STM32H7xx_HAL_Driver/Src/stm32h7xx_hal_pwr.o
LOAD ./Drivers/STM32H7xx_HAL_Driver/Src/stm32h7xx_hal_pwr_ex.o
LOAD ./Drivers/STM32H7xx_HAL_Driver/Src/stm32h7xx_hal_rcc.o
LOAD ./Drivers/STM32H7xx_HAL_Driver/Src/stm32h7xx_hal_rcc_ex.o
LOAD ./Drivers/STM32H7xx_HAL_Driver/Src/stm32h7xx_hal_sd.o
LOAD ./Drivers/STM32H7xx_HAL_Driver/Src/stm32h7xx_hal_sd_ex.o
LOAD ./Drivers/STM32H7xx_HAL_Driver/Src/stm32h7xx_hal_spi.o
LOAD ./Drivers/STM32H7xx_HAL_Driver/Src/stm32h7xx_hal_spi_ex.o
LOAD ./Drivers/STM32H7xx_HAL_Driver/Src/stm32h7xx_hal_tim.o
LOAD ./Drivers/STM32H7xx_HAL_Driver/Src/stm32h7xx_hal_tim_ex.o
LOAD ./Drivers/STM32H7xx_HAL_Driver/Src/stm32h7xx_hal_uart.o
LOAD ./Drivers/STM32H7xx_HAL_Driver/Src/stm32h7xx_hal_uart_ex.o
LOAD ./Drivers/STM32H7xx_HAL_Driver/Src/stm32h7xx_ll_delayblock.o
LOAD ./Drivers/STM32H7xx_HAL_Driver/Src/stm32h7xx_ll_sdmmc.o
LOAD ./FATFS/App/fatfs.o
LOAD ./FATFS/Target/bsp_driver_sd.o
LOAD ./FATFS/Target/sd_diskio.o
LOAD ./Middlewares/Third_Party/FatFs/src/diskio.o
LOAD ./Middlewares/Third_Party/FatFs/src/ff.o
LOAD ./Middlewares/Third_Party/FatFs/src/ff_gen_drv.o
LOAD ./Middlewares/Third_Party/FatFs/src/option/ccsbcs.o
LOAD ./Middlewares/Third_Party/FatFs/src/option/syscall.o
START GROUP
LOAD c:/st/stm32cubeide_1.9.0/stm32cubeide/plugins/com.st.stm32cube.ide.mcu.externaltools.gnu-tools-for-stm32.10.3-2021.10.win32_1.0.0.202111181127/tools/bin/../lib/gcc/arm-none-eabi/10.3.1/../../../../arm-none-eabi/lib/thumb/v7e-m+dp/hard\libc_nano.a
LOAD c:/st/stm32cubeide_1.9.0/stm32cubeide/plugins/com.st.stm32cube.ide.mcu.externaltools.gnu-tools-for-stm32.10.3-2021.10.win32_1.0.0.202111181127/tools/bin/../lib/gcc/arm-none-eabi/10.3.1/../../../../arm-none-eabi/lib/thumb/v7e-m+dp/hard\libm.a
END GROUP
START GROUP
LOAD c:/st/stm32cubeide_1.9.0/stm32cubeide/plugins/com.st.stm32cube.ide.mcu.externaltools.gnu-tools-for-stm32.10.3-2021.10.win32_1.0.0.202111181127/tools/bin/../lib/gcc/arm-none-eabi/10.3.1/thumb/v7e-m+dp/hard\libgcc.a
LOAD c:/st/stm32cubeide_1.9.0/stm32cubeide/plugins/com.st.stm32cube.ide.mcu.externaltools.gnu-tools-for-stm32.10.3-2021.10.win32_1.0.0.202111181127/tools/bin/../lib/gcc/arm-none-eabi/10.3.1/../../../../arm-none-eabi/lib/thumb/v7e-m+dp/hard\libc_nano.a
END GROUP
START GROUP
LOAD c:/st/stm32cubeide_1.9.0/stm32cubeide/plugins/com.st.stm32cube.ide.mcu.externaltools.gnu-tools-for-stm32.10.3-2021.10.win32_1.0.0.202111181127/tools/bin/../lib/gcc/arm-none-eabi/10.3.1/thumb/v7e-m+dp/hard\libgcc.a
LOAD c:/st/stm32cubeide_1.9.0/stm32cubeide/plugins/com.st.stm32cube.ide.mcu.externaltools.gnu-tools-for-stm32.10.3-2021.10.win32_1.0.0.202111181127/tools/bin/../lib/gcc/arm-none-eabi/10.3.1/../../../../arm-none-eabi/lib/thumb/v7e-m+dp/hard\libc_nano.a
LOAD c:/st/stm32cubeide_1.9.0/stm32cubeide/plugins/com.st.stm32cube.ide.mcu.externaltools.gnu-tools-for-stm32.10.3-2021.10.win32_1.0.0.202111181127/tools/bin/../lib/gcc/arm-none-eabi/10.3.1/../../../../arm-none-eabi/lib/thumb/v7e-m+dp/hard\libnosys.a
END GROUP
START GROUP
LOAD c:/st/stm32cubeide_1.9.0/stm32cubeide/plugins/com.st.stm32cube.ide.mcu.externaltools.gnu-tools-for-stm32.10.3-2021.10.win32_1.0.0.202111181127/tools/bin/../lib/gcc/arm-none-eabi/10.3.1/thumb/v7e-m+dp/hard\libgcc.a
LOAD c:/st/stm32cubeide_1.9.0/stm32cubeide/plugins/com.st.stm32cube.ide.mcu.externaltools.gnu-tools-for-stm32.10.3-2021.10.win32_1.0.0.202111181127/tools/bin/../lib/gcc/arm-none-eabi/10.3.1/../../../../arm-none-eabi/lib/thumb/v7e-m+dp/hard\libc_nano.a
LOAD c:/st/stm32cubeide_1.9.0/stm32cubeide/plugins/com.st.stm32cube.ide.mcu.externaltools.gnu-tools-for-stm32.10.3-2021.10.win32_1.0.0.202111181127/tools/bin/../lib/gcc/arm-none-eabi/10.3.1/../../../../arm-none-eabi/lib/thumb/v7e-m+dp/hard\libnosys.a
END GROUP
LOAD c:/st/stm32cubeide_1.9.0/stm32cubeide/plugins/com.st.stm32cube.ide.mcu.externaltools.gnu-tools-for-stm32.10.3-2021.10.win32_1.0.0.202111181127/tools/bin/../lib/gcc/arm-none-eabi/10.3.1/thumb/v7e-m+dp/hard/crtend.o
LOAD c:/st/stm32cubeide_1.9.0/stm32cubeide/plugins/com.st.stm32cube.ide.mcu.externaltools.gnu-tools-for-stm32.10.3-2021.10.win32_1.0.0.202111181127/tools/bin/../lib/gcc/arm-none-eabi/10.3.1/thumb/v7e-m+dp/hard/crtn.o
                0x0000000024080000                _estack = (ORIGIN (RAM_D1) + LENGTH (RAM_D1))
                0x0000000000000200                _Min_Heap_Size = 0x200
                0x0000000000000400                _Min_Stack_Size = 0x400

.isr_vector     0x0000000008000000      0x298
                0x0000000008000000                . = ALIGN (0x4)
 *(.isr_vector)
 .isr_vector    0x0000000008000000      0x298 ./Core/Startup/startup_stm32h750xbhx.o
                0x0000000008000000                g_pfnVectors
                0x0000000008000298                . = ALIGN (0x4)

.text           0x00000000080002a0    0x1054c
                0x00000000080002a0                . = ALIGN (0x4)
 *(.text)
 .text          0x00000000080002a0       0x40 c:/st/stm32cubeide_1.9.0/stm32cubeide/plugins/com.st.stm32cube.ide.mcu.externaltools.gnu-tools-for-stm32.10.3-2021.10.win32_1.0.0.202111181127/tools/bin/../lib/gcc/arm-none-eabi/10.3.1/thumb/v7e-m+dp/hard/crtbegin.o
 .text          0x00000000080002e0       0xa0 c:/st/stm32cubeide_1.9.0/stm32cubeide/plugins/com.st.stm32cube.ide.mcu.externaltools.gnu-tools-for-stm32.10.3-2021.10.win32_1.0.0.202111181127/tools/bin/../lib/gcc/arm-none-eabi/10.3.1/../../../../arm-none-eabi/lib/thumb/v7e-m+dp/hard\libc_nano.a(lib_a-memchr.o)
                0x00000000080002e0                memchr
 .text          0x0000000008000380       0x30 c:/st/stm32cubeide_1.9.0/stm32cubeide/plugins/com.st.stm32cube.ide.mcu.externaltools.gnu-tools-for-stm32.10.3-2021.10.win32_1.0.0.202111181127/tools/bin/../lib/gcc/arm-none-eabi/10.3.1/thumb/v7e-m+dp/hard\libgcc.a(_aeabi_uldivmod.o)
                0x0000000008000380                __aeabi_uldivmod
 .text          0x00000000080003b0      0x2d0 c:/st/stm32cubeide_1.9.0/stm32cubeide/plugins/com.st.stm32cube.ide.mcu.externaltools.gnu-tools-for-stm32.10.3-2021.10.win32_1.0.0.202111181127/tools/bin/../lib/gcc/arm-none-eabi/10.3.1/thumb/v7e-m+dp/hard\libgcc.a(_udivmoddi4.o)
                0x00000000080003b0                __udivmoddi4
 .text          0x0000000008000680        0x4 c:/st/stm32cubeide_1.9.0/stm32cubeide/plugins/com.st.stm32cube.ide.mcu.externaltools.gnu-tools-for-stm32.10.3-2021.10.win32_1.0.0.202111181127/tools/bin/../lib/gcc/arm-none-eabi/10.3.1/thumb/v7e-m+dp/hard\libgcc.a(_dvmd_tls.o)
                0x0000000008000680                __aeabi_idiv0
                0x0000000008000680                __aeabi_ldiv0
 *(.text*)
 .text.MX_GPIO_Init
                0x0000000008000684      0x160 ./Core/Src/gpio.o
                0x0000000008000684                MX_GPIO_Init
 .text.icm20948_init
                0x00000000080007e4       0x5c ./Core/Src/icm209482.o
                0x00000000080007e4                icm20948_init
 .text.ak09916_init
                0x0000000008000840       0x32 ./Core/Src/icm209482.o
                0x0000000008000840                ak09916_init
 .text.icm20948_gyro_read
                0x0000000008000872       0x68 ./Core/Src/icm209482.o
                0x0000000008000872                icm20948_gyro_read
 *fill*         0x00000000080008da        0x2 
 .text.icm20948_accel_read
                0x00000000080008dc       0x88 ./Core/Src/icm209482.o
                0x00000000080008dc                icm20948_accel_read
 .text.ak09916_mag_read
                0x0000000008000964       0x98 ./Core/Src/icm209482.o
                0x0000000008000964                ak09916_mag_read
 .text.icm20948_who_am_i
                0x00000000080009fc       0x26 ./Core/Src/icm209482.o
                0x00000000080009fc                icm20948_who_am_i
 .text.ak09916_who_am_i
                0x0000000008000a22       0x24 ./Core/Src/icm209482.o
                0x0000000008000a22                ak09916_who_am_i
 .text.icm20948_device_reset
                0x0000000008000a46       0x18 ./Core/Src/icm209482.o
                0x0000000008000a46                icm20948_device_reset
 .text.ak09916_soft_reset
                0x0000000008000a5e       0x16 ./Core/Src/icm209482.o
                0x0000000008000a5e                ak09916_soft_reset
 .text.icm20948_wakeup
                0x0000000008000a74       0x34 ./Core/Src/icm209482.o
                0x0000000008000a74                icm20948_wakeup
 .text.icm20948_spi_slave_enable
                0x0000000008000aa8       0x2e ./Core/Src/icm209482.o
                0x0000000008000aa8                icm20948_spi_slave_enable
 .text.icm20948_i2c_master_reset
                0x0000000008000ad6       0x2e ./Core/Src/icm209482.o
                0x0000000008000ad6                icm20948_i2c_master_reset
 .text.icm20948_i2c_master_enable
                0x0000000008000b04       0x34 ./Core/Src/icm209482.o
                0x0000000008000b04                icm20948_i2c_master_enable
 .text.icm20948_i2c_master_clk_frq
                0x0000000008000b38       0x32 ./Core/Src/icm209482.o
                0x0000000008000b38                icm20948_i2c_master_clk_frq
 .text.icm20948_clock_source
                0x0000000008000b6a       0x32 ./Core/Src/icm209482.o
                0x0000000008000b6a                icm20948_clock_source
 .text.icm20948_odr_align_enable
                0x0000000008000b9c       0x12 ./Core/Src/icm209482.o
                0x0000000008000b9c                icm20948_odr_align_enable
 .text.icm20948_gyro_low_pass_filter
                0x0000000008000bae       0x3a ./Core/Src/icm209482.o
                0x0000000008000bae                icm20948_gyro_low_pass_filter
 .text.icm20948_accel_low_pass_filter
                0x0000000008000be8       0x3a ./Core/Src/icm209482.o
                0x0000000008000be8                icm20948_accel_low_pass_filter
 .text.icm20948_gyro_sample_rate_divider
                0x0000000008000c22       0x1e ./Core/Src/icm209482.o
                0x0000000008000c22                icm20948_gyro_sample_rate_divider
 .text.icm20948_accel_sample_rate_divider
                0x0000000008000c40       0x3c ./Core/Src/icm209482.o
                0x0000000008000c40                icm20948_accel_sample_rate_divider
 .text.ak09916_operation_mode_setting
                0x0000000008000c7c       0x22 ./Core/Src/icm209482.o
                0x0000000008000c7c                ak09916_operation_mode_setting
 *fill*         0x0000000008000c9e        0x2 
 .text.icm20948_gyro_calibration
                0x0000000008000ca0      0x104 ./Core/Src/icm209482.o
                0x0000000008000ca0                icm20948_gyro_calibration
 .text.icm20948_accel_calibration
                0x0000000008000da4      0x1ec ./Core/Src/icm209482.o
                0x0000000008000da4                icm20948_accel_calibration
 .text.icm20948_gyro_full_scale_select
                0x0000000008000f90       0x94 ./Core/Src/icm209482.o
                0x0000000008000f90                icm20948_gyro_full_scale_select
 .text.icm20948_accel_full_scale_select
                0x0000000008001024       0x8c ./Core/Src/icm209482.o
                0x0000000008001024                icm20948_accel_full_scale_select
 .text.cs_high  0x00000000080010b0       0x18 ./Core/Src/icm209482.o
 .text.cs_low   0x00000000080010c8       0x18 ./Core/Src/icm209482.o
 .text.select_user_bank
                0x00000000080010e0       0x34 ./Core/Src/icm209482.o
 .text.read_single_icm20948_reg
                0x0000000008001114       0x58 ./Core/Src/icm209482.o
 .text.write_single_icm20948_reg
                0x000000000800116c       0x48 ./Core/Src/icm209482.o
 .text.read_multiple_icm20948_reg
                0x00000000080011b4       0x60 ./Core/Src/icm209482.o
 .text.write_multiple_icm20948_reg
                0x0000000008001214       0x58 ./Core/Src/icm209482.o
 .text.read_single_ak09916_reg
                0x000000000800126c       0x42 ./Core/Src/icm209482.o
 .text.write_single_ak09916_reg
                0x00000000080012ae       0x44 ./Core/Src/icm209482.o
 .text.read_multiple_ak09916_reg
                0x00000000080012f2       0x54 ./Core/Src/icm209482.o
 *fill*         0x0000000008001346        0x2 
 .text.HAL_GPIO_EXTI_Callback
                0x0000000008001348       0x28 ./Core/Src/main.o
                0x0000000008001348                HAL_GPIO_EXTI_Callback
 .text.main     0x0000000008001370      0x298 ./Core/Src/main.o
                0x0000000008001370                main
 .text.SystemClock_Config
                0x0000000008001608      0x108 ./Core/Src/main.o
                0x0000000008001608                SystemClock_Config
 .text.__io_putchar
                0x0000000008001710       0x24 ./Core/Src/main.o
                0x0000000008001710                __io_putchar
 .text.Error_Handler
                0x0000000008001734        0xa ./Core/Src/main.o
                0x0000000008001734                Error_Handler
 *fill*         0x000000000800173e        0x2 
 .text.MX_SDMMC1_SD_Init
                0x0000000008001740       0x3c ./Core/Src/sdmmc.o
                0x0000000008001740                MX_SDMMC1_SD_Init
 .text.HAL_SD_MspInit
                0x000000000800177c      0x148 ./Core/Src/sdmmc.o
                0x000000000800177c                HAL_SD_MspInit
 .text.MX_SPI2_Init
                0x00000000080018c4       0xb0 ./Core/Src/spi.o
                0x00000000080018c4                MX_SPI2_Init
 .text.HAL_SPI_MspInit
                0x0000000008001974       0xec ./Core/Src/spi.o
                0x0000000008001974                HAL_SPI_MspInit
 .text.HAL_MspInit
                0x0000000008001a60       0x34 ./Core/Src/stm32h7xx_hal_msp.o
                0x0000000008001a60                HAL_MspInit
 .text.NMI_Handler
                0x0000000008001a94        0x6 ./Core/Src/stm32h7xx_it.o
                0x0000000008001a94                NMI_Handler
 .text.HardFault_Handler
                0x0000000008001a9a        0x6 ./Core/Src/stm32h7xx_it.o
                0x0000000008001a9a                HardFault_Handler
 .text.MemManage_Handler
                0x0000000008001aa0        0x6 ./Core/Src/stm32h7xx_it.o
                0x0000000008001aa0                MemManage_Handler
 .text.BusFault_Handler
                0x0000000008001aa6        0x6 ./Core/Src/stm32h7xx_it.o
                0x0000000008001aa6                BusFault_Handler
 .text.UsageFault_Handler
                0x0000000008001aac        0x6 ./Core/Src/stm32h7xx_it.o
                0x0000000008001aac                UsageFault_Handler
 .text.SVC_Handler
                0x0000000008001ab2        0xe ./Core/Src/stm32h7xx_it.o
                0x0000000008001ab2                SVC_Handler
 .text.DebugMon_Handler
                0x0000000008001ac0        0xe ./Core/Src/stm32h7xx_it.o
                0x0000000008001ac0                DebugMon_Handler
 .text.PendSV_Handler
                0x0000000008001ace        0xe ./Core/Src/stm32h7xx_it.o
                0x0000000008001ace                PendSV_Handler
 .text.SysTick_Handler
                0x0000000008001adc        0xc ./Core/Src/stm32h7xx_it.o
                0x0000000008001adc                SysTick_Handler
 .text.EXTI4_IRQHandler
                0x0000000008001ae8        0xe ./Core/Src/stm32h7xx_it.o
                0x0000000008001ae8                EXTI4_IRQHandler
 *fill*         0x0000000008001af6        0x2 
 .text.SDMMC1_IRQHandler
                0x0000000008001af8       0x14 ./Core/Src/stm32h7xx_it.o
                0x0000000008001af8                SDMMC1_IRQHandler
 .text.TIM7_IRQHandler
                0x0000000008001b0c       0x14 ./Core/Src/stm32h7xx_it.o
                0x0000000008001b0c                TIM7_IRQHandler
 .text._read    0x0000000008001b20       0x3a ./Core/Src/syscalls.o
                0x0000000008001b20                _read
 .text._write   0x0000000008001b5a       0x38 ./Core/Src/syscalls.o
                0x0000000008001b5a                _write
 .text._close   0x0000000008001b92       0x18 ./Core/Src/syscalls.o
                0x0000000008001b92                _close
 .text._fstat   0x0000000008001baa       0x20 ./Core/Src/syscalls.o
                0x0000000008001baa                _fstat
 .text._isatty  0x0000000008001bca       0x16 ./Core/Src/syscalls.o
                0x0000000008001bca                _isatty
 .text._lseek   0x0000000008001be0       0x1a ./Core/Src/syscalls.o
                0x0000000008001be0                _lseek
 *fill*         0x0000000008001bfa        0x2 
 .text._sbrk    0x0000000008001bfc       0x6c ./Core/Src/sysmem.o
                0x0000000008001bfc                _sbrk
 .text.SystemInit
                0x0000000008001c68      0x110 ./Core/Src/system_stm32h7xx.o
                0x0000000008001c68                SystemInit
 .text.MX_TIM7_Init
                0x0000000008001d78       0x70 ./Core/Src/tim.o
                0x0000000008001d78                MX_TIM7_Init
 .text.HAL_TIM_Base_MspInit
                0x0000000008001de8       0x50 ./Core/Src/tim.o
                0x0000000008001de8                HAL_TIM_Base_MspInit
 .text.MX_UART4_Init
                0x0000000008001e38       0x98 ./Core/Src/usart.o
                0x0000000008001e38                MX_UART4_Init
 .text.HAL_UART_MspInit
                0x0000000008001ed0      0x118 ./Core/Src/usart.o
                0x0000000008001ed0                HAL_UART_MspInit
 .text.Reset_Handler
                0x0000000008001fe8       0x50 ./Core/Startup/startup_stm32h750xbhx.o
                0x0000000008001fe8                Reset_Handler
 .text.Default_Handler
                0x0000000008002038        0x2 ./Core/Startup/startup_stm32h750xbhx.o
                0x0000000008002038                RTC_Alarm_IRQHandler
                0x0000000008002038                HASH_RNG_IRQHandler
                0x0000000008002038                EXTI2_IRQHandler
                0x0000000008002038                TIM8_CC_IRQHandler
                0x0000000008002038                HRTIM1_Master_IRQHandler
                0x0000000008002038                UART8_IRQHandler
                0x0000000008002038                SPI4_IRQHandler
                0x0000000008002038                TIM1_CC_IRQHandler
                0x0000000008002038                BDMA_Channel6_IRQHandler
                0x0000000008002038                DMA2_Stream5_IRQHandler
                0x0000000008002038                HRTIM1_FLT_IRQHandler
                0x0000000008002038                JPEG_IRQHandler
                0x0000000008002038                DMA1_Stream5_IRQHandler
                0x0000000008002038                BDMA_Channel1_IRQHandler
                0x0000000008002038                HRTIM1_TIMD_IRQHandler
                0x0000000008002038                TAMP_STAMP_IRQHandler
                0x0000000008002038                EXTI3_IRQHandler
                0x0000000008002038                LPTIM4_IRQHandler
                0x0000000008002038                TIM8_TRG_COM_TIM14_IRQHandler
                0x0000000008002038                LPTIM2_IRQHandler
                0x0000000008002038                DFSDM1_FLT1_IRQHandler
                0x0000000008002038                DMAMUX2_OVR_IRQHandler
                0x0000000008002038                TIM8_UP_TIM13_IRQHandler
                0x0000000008002038                I2C3_ER_IRQHandler
                0x0000000008002038                DFSDM1_FLT2_IRQHandler
                0x0000000008002038                MDMA_IRQHandler
                0x0000000008002038                LPTIM3_IRQHandler
                0x0000000008002038                HSEM1_IRQHandler
                0x0000000008002038                EXTI0_IRQHandler
                0x0000000008002038                I2C2_EV_IRQHandler
                0x0000000008002038                DMA1_Stream2_IRQHandler
                0x0000000008002038                FPU_IRQHandler
                0x0000000008002038                OTG_HS_WKUP_IRQHandler
                0x0000000008002038                FDCAN1_IT1_IRQHandler
                0x0000000008002038                LTDC_ER_IRQHandler
                0x0000000008002038                DMA2_Stream2_IRQHandler
                0x0000000008002038                HRTIM1_TIME_IRQHandler
                0x0000000008002038                SPI1_IRQHandler
                0x0000000008002038                TIM6_DAC_IRQHandler
                0x0000000008002038                DCMI_IRQHandler
                0x0000000008002038                HRTIM1_TIMC_IRQHandler
                0x0000000008002038                DMA2_Stream3_IRQHandler
                0x0000000008002038                SAI2_IRQHandler
                0x0000000008002038                DFSDM1_FLT3_IRQHandler
                0x0000000008002038                USART6_IRQHandler
                0x0000000008002038                TIM17_IRQHandler
                0x0000000008002038                USART3_IRQHandler
                0x0000000008002038                BDMA_Channel7_IRQHandler
                0x0000000008002038                CRYP_IRQHandler
                0x0000000008002038                LPTIM5_IRQHandler
                0x0000000008002038                UART5_IRQHandler
                0x0000000008002038                ADC3_IRQHandler
                0x0000000008002038                DMA2_Stream0_IRQHandler
                0x0000000008002038                TIM4_IRQHandler
                0x0000000008002038                BDMA_Channel2_IRQHandler
                0x0000000008002038                QUADSPI_IRQHandler
                0x0000000008002038                I2C1_EV_IRQHandler
                0x0000000008002038                DMA1_Stream6_IRQHandler
                0x0000000008002038                DMAMUX1_OVR_IRQHandler
                0x0000000008002038                DMA1_Stream1_IRQHandler
                0x0000000008002038                TIM16_IRQHandler
                0x0000000008002038                UART4_IRQHandler
                0x0000000008002038                BDMA_Channel5_IRQHandler
                0x0000000008002038                TIM3_IRQHandler
                0x0000000008002038                RCC_IRQHandler
                0x0000000008002038                TIM8_BRK_TIM12_IRQHandler
                0x0000000008002038                TIM1_TRG_COM_IRQHandler
                0x0000000008002038                Default_Handler
                0x0000000008002038                ECC_IRQHandler
                0x0000000008002038                CEC_IRQHandler
                0x0000000008002038                EXTI15_10_IRQHandler
                0x0000000008002038                BDMA_Channel0_IRQHandler
                0x0000000008002038                ADC_IRQHandler
                0x0000000008002038                DMA1_Stream7_IRQHandler
                0x0000000008002038                HRTIM1_TIMA_IRQHandler
                0x0000000008002038                SPI5_IRQHandler
                0x0000000008002038                TIM5_IRQHandler
                0x0000000008002038                DMA2_Stream7_IRQHandler
                0x0000000008002038                TIM15_IRQHandler
                0x0000000008002038                PVD_AVD_IRQHandler
                0x0000000008002038                I2C3_EV_IRQHandler
                0x0000000008002038                EXTI9_5_IRQHandler
                0x0000000008002038                RTC_WKUP_IRQHandler
                0x0000000008002038                LTDC_IRQHandler
                0x0000000008002038                SAI3_IRQHandler
                0x0000000008002038                ETH_WKUP_IRQHandler
                0x0000000008002038                SPDIF_RX_IRQHandler
                0x0000000008002038                SPI2_IRQHandler
                0x0000000008002038                OTG_HS_EP1_IN_IRQHandler
                0x0000000008002038                DMA1_Stream0_IRQHandler
                0x0000000008002038                CRS_IRQHandler
                0x0000000008002038                HRTIM1_TIMB_IRQHandler
                0x0000000008002038                FDCAN2_IT1_IRQHandler
                0x0000000008002038                ETH_IRQHandler
                0x0000000008002038                TIM1_UP_IRQHandler
                0x0000000008002038                BDMA_Channel4_IRQHandler
                0x0000000008002038                OTG_HS_EP1_OUT_IRQHandler
                0x0000000008002038                WWDG_IRQHandler
                0x0000000008002038                SPI6_IRQHandler
                0x0000000008002038                MDIOS_IRQHandler
                0x0000000008002038                I2C4_EV_IRQHandler
                0x0000000008002038                FDCAN2_IT0_IRQHandler
                0x0000000008002038                LPUART1_IRQHandler
                0x0000000008002038                FDCAN1_IT0_IRQHandler
                0x0000000008002038                TIM2_IRQHandler
                0x0000000008002038                OTG_FS_WKUP_IRQHandler
                0x0000000008002038                OTG_HS_IRQHandler
                0x0000000008002038                DMA2D_IRQHandler
                0x0000000008002038                TIM1_BRK_IRQHandler
                0x0000000008002038                EXTI1_IRQHandler
                0x0000000008002038                SDMMC2_IRQHandler
                0x0000000008002038                OTG_FS_EP1_OUT_IRQHandler
                0x0000000008002038                BDMA_Channel3_IRQHandler
                0x0000000008002038                UART7_IRQHandler
                0x0000000008002038                MDIOS_WKUP_IRQHandler
                0x0000000008002038                USART2_IRQHandler
                0x0000000008002038                DFSDM1_FLT0_IRQHandler
                0x0000000008002038                SAI4_IRQHandler
                0x0000000008002038                I2C2_ER_IRQHandler
                0x0000000008002038                DMA2_Stream1_IRQHandler
                0x0000000008002038                FLASH_IRQHandler
                0x0000000008002038                DMA2_Stream4_IRQHandler
                0x0000000008002038                USART1_IRQHandler
                0x0000000008002038                OTG_FS_IRQHandler
                0x0000000008002038                SPI3_IRQHandler
                0x0000000008002038                WAKEUP_PIN_IRQHandler
                0x0000000008002038                DMA1_Stream4_IRQHandler
                0x0000000008002038                OTG_FS_EP1_IN_IRQHandler
                0x0000000008002038                I2C1_ER_IRQHandler
                0x0000000008002038                FMC_IRQHandler
                0x0000000008002038                FDCAN_CAL_IRQHandler
                0x0000000008002038                SWPMI1_IRQHandler
                0x0000000008002038                COMP1_IRQHandler
                0x0000000008002038                LPTIM1_IRQHandler
                0x0000000008002038                I2C4_ER_IRQHandler
                0x0000000008002038                DMA2_Stream6_IRQHandler
                0x0000000008002038                SAI1_IRQHandler
                0x0000000008002038                DMA1_Stream3_IRQHandler
 *fill*         0x000000000800203a        0x2 
 .text.HAL_Init
                0x000000000800203c       0x78 ./Drivers/STM32H7xx_HAL_Driver/Src/stm32h7xx_hal.o
                0x000000000800203c                HAL_Init
 .text.HAL_InitTick
                0x00000000080020b4       0x6c ./Drivers/STM32H7xx_HAL_Driver/Src/stm32h7xx_hal.o
                0x00000000080020b4                HAL_InitTick
 .text.HAL_IncTick
                0x0000000008002120       0x28 ./Drivers/STM32H7xx_HAL_Driver/Src/stm32h7xx_hal.o
                0x0000000008002120                HAL_IncTick
 .text.HAL_GetTick
                0x0000000008002148       0x18 ./Drivers/STM32H7xx_HAL_Driver/Src/stm32h7xx_hal.o
                0x0000000008002148                HAL_GetTick
 .text.HAL_Delay
                0x0000000008002160       0x48 ./Drivers/STM32H7xx_HAL_Driver/Src/stm32h7xx_hal.o
                0x0000000008002160                HAL_Delay
 .text.HAL_GetREVID
                0x00000000080021a8       0x18 ./Drivers/STM32H7xx_HAL_Driver/Src/stm32h7xx_hal.o
                0x00000000080021a8                HAL_GetREVID
 .text.__NVIC_SetPriorityGrouping
                0x00000000080021c0       0x48 ./Drivers/STM32H7xx_HAL_Driver/Src/stm32h7xx_hal_cortex.o
 .text.__NVIC_GetPriorityGrouping
                0x0000000008002208       0x1c ./Drivers/STM32H7xx_HAL_Driver/Src/stm32h7xx_hal_cortex.o
 .text.__NVIC_EnableIRQ
                0x0000000008002224       0x3c ./Drivers/STM32H7xx_HAL_Driver/Src/stm32h7xx_hal_cortex.o
 .text.__NVIC_SetPriority
                0x0000000008002260       0x54 ./Drivers/STM32H7xx_HAL_Driver/Src/stm32h7xx_hal_cortex.o
 .text.NVIC_EncodePriority
                0x00000000080022b4       0x66 ./Drivers/STM32H7xx_HAL_Driver/Src/stm32h7xx_hal_cortex.o
 *fill*         0x000000000800231a        0x2 
 .text.SysTick_Config
                0x000000000800231c       0x44 ./Drivers/STM32H7xx_HAL_Driver/Src/stm32h7xx_hal_cortex.o
 .text.HAL_NVIC_SetPriorityGrouping
                0x0000000008002360       0x16 ./Drivers/STM32H7xx_HAL_Driver/Src/stm32h7xx_hal_cortex.o
                0x0000000008002360                HAL_NVIC_SetPriorityGrouping
 .text.HAL_NVIC_SetPriority
                0x0000000008002376       0x34 ./Drivers/STM32H7xx_HAL_Driver/Src/stm32h7xx_hal_cortex.o
                0x0000000008002376                HAL_NVIC_SetPriority
 .text.HAL_NVIC_EnableIRQ
                0x00000000080023aa       0x1c ./Drivers/STM32H7xx_HAL_Driver/Src/stm32h7xx_hal_cortex.o
                0x00000000080023aa                HAL_NVIC_EnableIRQ
 .text.HAL_SYSTICK_Config
                0x00000000080023c6       0x18 ./Drivers/STM32H7xx_HAL_Driver/Src/stm32h7xx_hal_cortex.o
                0x00000000080023c6                HAL_SYSTICK_Config
 *fill*         0x00000000080023de        0x2 
 .text.HAL_GPIO_Init
                0x00000000080023e0      0x360 ./Drivers/STM32H7xx_HAL_Driver/Src/stm32h7xx_hal_gpio.o
                0x00000000080023e0                HAL_GPIO_Init
 .text.HAL_GPIO_WritePin
                0x0000000008002740       0x32 ./Drivers/STM32H7xx_HAL_Driver/Src/stm32h7xx_hal_gpio.o
                0x0000000008002740                HAL_GPIO_WritePin
 .text.HAL_GPIO_TogglePin
                0x0000000008002772       0x34 ./Drivers/STM32H7xx_HAL_Driver/Src/stm32h7xx_hal_gpio.o
                0x0000000008002772                HAL_GPIO_TogglePin
 .text.HAL_GPIO_EXTI_IRQHandler
                0x00000000080027a6       0x34 ./Drivers/STM32H7xx_HAL_Driver/Src/stm32h7xx_hal_gpio.o
                0x00000000080027a6                HAL_GPIO_EXTI_IRQHandler
 *fill*         0x00000000080027da        0x2 
 .text.HAL_PWREx_ConfigSupply
                0x00000000080027dc       0x74 ./Drivers/STM32H7xx_HAL_Driver/Src/stm32h7xx_hal_pwr_ex.o
                0x00000000080027dc                HAL_PWREx_ConfigSupply
 .text.HAL_RCC_OscConfig
                0x0000000008002850      0x85c ./Drivers/STM32H7xx_HAL_Driver/Src/stm32h7xx_hal_rcc.o
                0x0000000008002850                HAL_RCC_OscConfig
 .text.HAL_RCC_ClockConfig
                0x00000000080030ac      0x36c ./Drivers/STM32H7xx_HAL_Driver/Src/stm32h7xx_hal_rcc.o
                0x00000000080030ac                HAL_RCC_ClockConfig
 .text.HAL_RCC_GetSysClockFreq
                0x0000000008003418      0x2f4 ./Drivers/STM32H7xx_HAL_Driver/Src/stm32h7xx_hal_rcc.o
                0x0000000008003418                HAL_RCC_GetSysClockFreq
 .text.HAL_RCC_GetHCLKFreq
                0x000000000800370c       0x60 ./Drivers/STM32H7xx_HAL_Driver/Src/stm32h7xx_hal_rcc.o
                0x000000000800370c                HAL_RCC_GetHCLKFreq
 .text.HAL_RCC_GetPCLK1Freq
                0x000000000800376c       0x2c ./Drivers/STM32H7xx_HAL_Driver/Src/stm32h7xx_hal_rcc.o
                0x000000000800376c                HAL_RCC_GetPCLK1Freq
 .text.HAL_RCC_GetPCLK2Freq
                0x0000000008003798       0x2c ./Drivers/STM32H7xx_HAL_Driver/Src/stm32h7xx_hal_rcc.o
                0x0000000008003798                HAL_RCC_GetPCLK2Freq
 .text.HAL_RCCEx_PeriphCLKConfig
                0x00000000080037c4      0xe8c ./Drivers/STM32H7xx_HAL_Driver/Src/stm32h7xx_hal_rcc_ex.o
                0x00000000080037c4                HAL_RCCEx_PeriphCLKConfig
 .text.HAL_RCCEx_GetPeriphCLKFreq
                0x0000000008004650      0x9a4 ./Drivers/STM32H7xx_HAL_Driver/Src/stm32h7xx_hal_rcc_ex.o
                0x0000000008004650                HAL_RCCEx_GetPeriphCLKFreq
 .text.HAL_RCCEx_GetD3PCLK1Freq
                0x0000000008004ff4       0x2c ./Drivers/STM32H7xx_HAL_Driver/Src/stm32h7xx_hal_rcc_ex.o
                0x0000000008004ff4                HAL_RCCEx_GetD3PCLK1Freq
 .text.HAL_RCCEx_GetPLL2ClockFreq
                0x0000000008005020      0x2a8 ./Drivers/STM32H7xx_HAL_Driver/Src/stm32h7xx_hal_rcc_ex.o
                0x0000000008005020                HAL_RCCEx_GetPLL2ClockFreq
 .text.HAL_RCCEx_GetPLL3ClockFreq
                0x00000000080052c8      0x2a8 ./Drivers/STM32H7xx_HAL_Driver/Src/stm32h7xx_hal_rcc_ex.o
                0x00000000080052c8                HAL_RCCEx_GetPLL3ClockFreq
 .text.HAL_RCCEx_GetPLL1ClockFreq
                0x0000000008005570      0x2a4 ./Drivers/STM32H7xx_HAL_Driver/Src/stm32h7xx_hal_rcc_ex.o
                0x0000000008005570                HAL_RCCEx_GetPLL1ClockFreq
 .text.RCCEx_PLL2_Config
                0x0000000008005814      0x164 ./Drivers/STM32H7xx_HAL_Driver/Src/stm32h7xx_hal_rcc_ex.o
 .text.RCCEx_PLL3_Config
                0x0000000008005978      0x164 ./Drivers/STM32H7xx_HAL_Driver/Src/stm32h7xx_hal_rcc_ex.o
 .text.HAL_SD_Init
                0x0000000008005adc      0x106 ./Drivers/STM32H7xx_HAL_Driver/Src/stm32h7xx_hal_sd.o
                0x0000000008005adc                HAL_SD_Init
 *fill*         0x0000000008005be2        0x2 
 .text.HAL_SD_InitCard
                0x0000000008005be4      0x12c ./Drivers/STM32H7xx_HAL_Driver/Src/stm32h7xx_hal_sd.o
                0x0000000008005be4                HAL_SD_InitCard
 .text.HAL_SD_ReadBlocks
                0x0000000008005d10      0x314 ./Drivers/STM32H7xx_HAL_Driver/Src/stm32h7xx_hal_sd.o
                0x0000000008005d10                HAL_SD_ReadBlocks
 .text.HAL_SD_WriteBlocks
                0x0000000008006024      0x31c ./Drivers/STM32H7xx_HAL_Driver/Src/stm32h7xx_hal_sd.o
                0x0000000008006024                HAL_SD_WriteBlocks
 .text.HAL_SD_IRQHandler
                0x0000000008006340      0x370 ./Drivers/STM32H7xx_HAL_Driver/Src/stm32h7xx_hal_sd.o
                0x0000000008006340                HAL_SD_IRQHandler
 .text.HAL_SD_ErrorCallback
                0x00000000080066b0       0x14 ./Drivers/STM32H7xx_HAL_Driver/Src/stm32h7xx_hal_sd.o
                0x00000000080066b0                HAL_SD_ErrorCallback
 .text.HAL_SD_GetCardCSD
                0x00000000080066c4      0x348 ./Drivers/STM32H7xx_HAL_Driver/Src/stm32h7xx_hal_sd.o
                0x00000000080066c4                HAL_SD_GetCardCSD
 .text.HAL_SD_GetCardStatus
                0x0000000008006a0c      0x17c ./Drivers/STM32H7xx_HAL_Driver/Src/stm32h7xx_hal_sd.o
                0x0000000008006a0c                HAL_SD_GetCardStatus
 .text.HAL_SD_GetCardInfo
                0x0000000008006b88       0x58 ./Drivers/STM32H7xx_HAL_Driver/Src/stm32h7xx_hal_sd.o
                0x0000000008006b88                HAL_SD_GetCardInfo
 .text.HAL_SD_ConfigWideBusOperation
                0x0000000008006be0      0x224 ./Drivers/STM32H7xx_HAL_Driver/Src/stm32h7xx_hal_sd.o
                0x0000000008006be0                HAL_SD_ConfigWideBusOperation
 .text.HAL_SD_GetCardState
                0x0000000008006e04       0x40 ./Drivers/STM32H7xx_HAL_Driver/Src/stm32h7xx_hal_sd.o
                0x0000000008006e04                HAL_SD_GetCardState
 .text.SD_InitCard
                0x0000000008006e44      0x19c ./Drivers/STM32H7xx_HAL_Driver/Src/stm32h7xx_hal_sd.o
 .text.SD_PowerON
                0x0000000008006fe0      0x11c ./Drivers/STM32H7xx_HAL_Driver/Src/stm32h7xx_hal_sd.o
 .text.SD_SendSDStatus
                0x00000000080070fc      0x1a0 ./Drivers/STM32H7xx_HAL_Driver/Src/stm32h7xx_hal_sd.o
 .text.SD_SendStatus
                0x000000000800729c       0x50 ./Drivers/STM32H7xx_HAL_Driver/Src/stm32h7xx_hal_sd.o
 .text.SD_WideBus_Enable
                0x00000000080072ec       0x96 ./Drivers/STM32H7xx_HAL_Driver/Src/stm32h7xx_hal_sd.o
 .text.SD_WideBus_Disable
                0x0000000008007382       0x96 ./Drivers/STM32H7xx_HAL_Driver/Src/stm32h7xx_hal_sd.o
 .text.SD_FindSCR
                0x0000000008007418      0x1a0 ./Drivers/STM32H7xx_HAL_Driver/Src/stm32h7xx_hal_sd.o
 .text.SD_Read_IT
                0x00000000080075b8       0x8c ./Drivers/STM32H7xx_HAL_Driver/Src/stm32h7xx_hal_sd.o
 .text.SD_Write_IT
                0x0000000008007644       0x94 ./Drivers/STM32H7xx_HAL_Driver/Src/stm32h7xx_hal_sd.o
 .text.HAL_SDEx_Read_DMADoubleBuf0CpltCallback
                0x00000000080076d8       0x14 ./Drivers/STM32H7xx_HAL_Driver/Src/stm32h7xx_hal_sd.o
                0x00000000080076d8                HAL_SDEx_Read_DMADoubleBuf0CpltCallback
 .text.HAL_SDEx_Read_DMADoubleBuf1CpltCallback
                0x00000000080076ec       0x14 ./Drivers/STM32H7xx_HAL_Driver/Src/stm32h7xx_hal_sd.o
                0x00000000080076ec                HAL_SDEx_Read_DMADoubleBuf1CpltCallback
 .text.HAL_SDEx_Write_DMADoubleBuf0CpltCallback
                0x0000000008007700       0x14 ./Drivers/STM32H7xx_HAL_Driver/Src/stm32h7xx_hal_sd.o
                0x0000000008007700                HAL_SDEx_Write_DMADoubleBuf0CpltCallback
 .text.HAL_SDEx_Write_DMADoubleBuf1CpltCallback
                0x0000000008007714       0x14 ./Drivers/STM32H7xx_HAL_Driver/Src/stm32h7xx_hal_sd.o
                0x0000000008007714                HAL_SDEx_Write_DMADoubleBuf1CpltCallback
 .text.HAL_SPI_Init
                0x0000000008007728      0x20c ./Drivers/STM32H7xx_HAL_Driver/Src/stm32h7xx_hal_spi.o
                0x0000000008007728                HAL_SPI_Init
 .text.HAL_SPI_Transmit
                0x0000000008007934      0x3e4 ./Drivers/STM32H7xx_HAL_Driver/Src/stm32h7xx_hal_spi.o
                0x0000000008007934                HAL_SPI_Transmit
 .text.HAL_SPI_Receive
                0x0000000008007d18      0x338 ./Drivers/STM32H7xx_HAL_Driver/Src/stm32h7xx_hal_spi.o
                0x0000000008007d18                HAL_SPI_Receive
 .text.HAL_SPI_TransmitReceive
                0x0000000008008050      0x450 ./Drivers/STM32H7xx_HAL_Driver/Src/stm32h7xx_hal_spi.o
                0x0000000008008050                HAL_SPI_TransmitReceive
 .text.SPI_CloseTransfer
                0x00000000080084a0      0x140 ./Drivers/STM32H7xx_HAL_Driver/Src/stm32h7xx_hal_spi.o
 .text.SPI_WaitOnFlagUntilTimeout
                0x00000000080085e0       0x5c ./Drivers/STM32H7xx_HAL_Driver/Src/stm32h7xx_hal_spi.o
 .text.SPI_GetPacketSize
                0x000000000800863c       0x36 ./Drivers/STM32H7xx_HAL_Driver/Src/stm32h7xx_hal_spi.o
 .text.HAL_TIM_Base_Init
                0x0000000008008672       0xae ./Drivers/STM32H7xx_HAL_Driver/Src/stm32h7xx_hal_tim.o
                0x0000000008008672                HAL_TIM_Base_Init
 .text.HAL_TIM_IRQHandler
                0x0000000008008720      0x23e ./Drivers/STM32H7xx_HAL_Driver/Src/stm32h7xx_hal_tim.o
                0x0000000008008720                HAL_TIM_IRQHandler
 .text.HAL_TIM_PeriodElapsedCallback
                0x000000000800895e       0x14 ./Drivers/STM32H7xx_HAL_Driver/Src/stm32h7xx_hal_tim.o
                0x000000000800895e                HAL_TIM_PeriodElapsedCallback
 .text.HAL_TIM_OC_DelayElapsedCallback
                0x0000000008008972       0x14 ./Drivers/STM32H7xx_HAL_Driver/Src/stm32h7xx_hal_tim.o
                0x0000000008008972                HAL_TIM_OC_DelayElapsedCallback
 .text.HAL_TIM_IC_CaptureCallback
                0x0000000008008986       0x14 ./Drivers/STM32H7xx_HAL_Driver/Src/stm32h7xx_hal_tim.o
                0x0000000008008986                HAL_TIM_IC_CaptureCallback
 .text.HAL_TIM_PWM_PulseFinishedCallback
                0x000000000800899a       0x14 ./Drivers/STM32H7xx_HAL_Driver/Src/stm32h7xx_hal_tim.o
                0x000000000800899a                HAL_TIM_PWM_PulseFinishedCallback
 .text.HAL_TIM_TriggerCallback
                0x00000000080089ae       0x14 ./Drivers/STM32H7xx_HAL_Driver/Src/stm32h7xx_hal_tim.o
                0x00000000080089ae                HAL_TIM_TriggerCallback
 *fill*         0x00000000080089c2        0x2 
 .text.TIM_Base_SetConfig
                0x00000000080089c4      0x134 ./Drivers/STM32H7xx_HAL_Driver/Src/stm32h7xx_hal_tim.o
                0x00000000080089c4                TIM_Base_SetConfig
 .text.HAL_TIMEx_MasterConfigSynchronization
                0x0000000008008af8      0x11c ./Drivers/STM32H7xx_HAL_Driver/Src/stm32h7xx_hal_tim_ex.o
                0x0000000008008af8                HAL_TIMEx_MasterConfigSynchronization
 .text.HAL_TIMEx_CommutCallback
                0x0000000008008c14       0x14 ./Drivers/STM32H7xx_HAL_Driver/Src/stm32h7xx_hal_tim_ex.o
                0x0000000008008c14                HAL_TIMEx_CommutCallback
 .text.HAL_TIMEx_BreakCallback
                0x0000000008008c28       0x14 ./Drivers/STM32H7xx_HAL_Driver/Src/stm32h7xx_hal_tim_ex.o
                0x0000000008008c28                HAL_TIMEx_BreakCallback
 .text.HAL_TIMEx_Break2Callback
                0x0000000008008c3c       0x14 ./Drivers/STM32H7xx_HAL_Driver/Src/stm32h7xx_hal_tim_ex.o
                0x0000000008008c3c                HAL_TIMEx_Break2Callback
 .text.HAL_UART_Init
                0x0000000008008c50       0xa0 ./Drivers/STM32H7xx_HAL_Driver/Src/stm32h7xx_hal_uart.o
                0x0000000008008c50                HAL_UART_Init
 .text.HAL_UART_Transmit
                0x0000000008008cf0      0x12c ./Drivers/STM32H7xx_HAL_Driver/Src/stm32h7xx_hal_uart.o
                0x0000000008008cf0                HAL_UART_Transmit
 .text.UART_SetConfig
                0x0000000008008e1c      0xad0 ./Drivers/STM32H7xx_HAL_Driver/Src/stm32h7xx_hal_uart.o
                0x0000000008008e1c                UART_SetConfig
 .text.UART_AdvFeatureConfig
                0x00000000080098ec      0x144 ./Drivers/STM32H7xx_HAL_Driver/Src/stm32h7xx_hal_uart.o
                0x00000000080098ec                UART_AdvFeatureConfig
 .text.UART_CheckIdleState
                0x0000000008009a30       0x96 ./Drivers/STM32H7xx_HAL_Driver/Src/stm32h7xx_hal_uart.o
                0x0000000008009a30                UART_CheckIdleState
 .text.UART_WaitOnFlagUntilTimeout
                0x0000000008009ac6      0x190 ./Drivers/STM32H7xx_HAL_Driver/Src/stm32h7xx_hal_uart.o
                0x0000000008009ac6                UART_WaitOnFlagUntilTimeout
 .text.HAL_UARTEx_DisableFifoMode
                0x0000000008009c56       0x72 ./Drivers/STM32H7xx_HAL_Driver/Src/stm32h7xx_hal_uart_ex.o
                0x0000000008009c56                HAL_UARTEx_DisableFifoMode
 .text.HAL_UARTEx_SetTxFifoThreshold
                0x0000000008009cc8       0x7c ./Drivers/STM32H7xx_HAL_Driver/Src/stm32h7xx_hal_uart_ex.o
                0x0000000008009cc8                HAL_UARTEx_SetTxFifoThreshold
 .text.HAL_UARTEx_SetRxFifoThreshold
                0x0000000008009d44       0x7c ./Drivers/STM32H7xx_HAL_Driver/Src/stm32h7xx_hal_uart_ex.o
                0x0000000008009d44                HAL_UARTEx_SetRxFifoThreshold
 .text.UARTEx_SetNbDataToProcess
                0x0000000008009dc0       0x9c ./Drivers/STM32H7xx_HAL_Driver/Src/stm32h7xx_hal_uart_ex.o
 .text.SDMMC_Init
                0x0000000008009e5c       0x54 ./Drivers/STM32H7xx_HAL_Driver/Src/stm32h7xx_ll_sdmmc.o
                0x0000000008009e5c                SDMMC_Init
 .text.SDMMC_ReadFIFO
                0x0000000008009eb0       0x1a ./Drivers/STM32H7xx_HAL_Driver/Src/stm32h7xx_ll_sdmmc.o
                0x0000000008009eb0                SDMMC_ReadFIFO
 .text.SDMMC_WriteFIFO
                0x0000000008009eca       0x22 ./Drivers/STM32H7xx_HAL_Driver/Src/stm32h7xx_ll_sdmmc.o
                0x0000000008009eca                SDMMC_WriteFIFO
 .text.SDMMC_PowerState_ON
                0x0000000008009eec       0x22 ./Drivers/STM32H7xx_HAL_Driver/Src/stm32h7xx_ll_sdmmc.o
                0x0000000008009eec                SDMMC_PowerState_ON
 .text.SDMMC_GetPowerState
                0x0000000008009f0e       0x1c ./Drivers/STM32H7xx_HAL_Driver/Src/stm32h7xx_ll_sdmmc.o
                0x0000000008009f0e                SDMMC_GetPowerState
 *fill*         0x0000000008009f2a        0x2 
 .text.SDMMC_SendCommand
                0x0000000008009f2c       0x54 ./Drivers/STM32H7xx_HAL_Driver/Src/stm32h7xx_ll_sdmmc.o
                0x0000000008009f2c                SDMMC_SendCommand
 .text.SDMMC_GetCommandResponse
                0x0000000008009f80       0x1a ./Drivers/STM32H7xx_HAL_Driver/Src/stm32h7xx_ll_sdmmc.o
                0x0000000008009f80                SDMMC_GetCommandResponse
 .text.SDMMC_GetResponse
                0x0000000008009f9a       0x26 ./Drivers/STM32H7xx_HAL_Driver/Src/stm32h7xx_ll_sdmmc.o
                0x0000000008009f9a                SDMMC_GetResponse
 .text.SDMMC_ConfigData
                0x0000000008009fc0       0x58 ./Drivers/STM32H7xx_HAL_Driver/Src/stm32h7xx_ll_sdmmc.o
                0x0000000008009fc0                SDMMC_ConfigData
 .text.SDMMC_CmdBlockLength
                0x000000000800a018       0x46 ./Drivers/STM32H7xx_HAL_Driver/Src/stm32h7xx_ll_sdmmc.o
                0x000000000800a018                SDMMC_CmdBlockLength
 .text.SDMMC_CmdReadSingleBlock
                0x000000000800a05e       0x46 ./Drivers/STM32H7xx_HAL_Driver/Src/stm32h7xx_ll_sdmmc.o
                0x000000000800a05e                SDMMC_CmdReadSingleBlock
 .text.SDMMC_CmdReadMultiBlock
                0x000000000800a0a4       0x46 ./Drivers/STM32H7xx_HAL_Driver/Src/stm32h7xx_ll_sdmmc.o
                0x000000000800a0a4                SDMMC_CmdReadMultiBlock
 .text.SDMMC_CmdWriteSingleBlock
                0x000000000800a0ea       0x46 ./Drivers/STM32H7xx_HAL_Driver/Src/stm32h7xx_ll_sdmmc.o
                0x000000000800a0ea                SDMMC_CmdWriteSingleBlock
 .text.SDMMC_CmdWriteMultiBlock
                0x000000000800a130       0x46 ./Drivers/STM32H7xx_HAL_Driver/Src/stm32h7xx_ll_sdmmc.o
                0x000000000800a130                SDMMC_CmdWriteMultiBlock
 *fill*         0x000000000800a176        0x2 
 .text.SDMMC_CmdStopTransfer
                0x000000000800a178       0x78 ./Drivers/STM32H7xx_HAL_Driver/Src/stm32h7xx_ll_sdmmc.o
                0x000000000800a178                SDMMC_CmdStopTransfer
 .text.SDMMC_CmdSelDesel
                0x000000000800a1f0       0x46 ./Drivers/STM32H7xx_HAL_Driver/Src/stm32h7xx_ll_sdmmc.o
                0x000000000800a1f0                SDMMC_CmdSelDesel
 .text.SDMMC_CmdGoIdleState
                0x000000000800a236       0x3c ./Drivers/STM32H7xx_HAL_Driver/Src/stm32h7xx_ll_sdmmc.o
                0x000000000800a236                SDMMC_CmdGoIdleState
 .text.SDMMC_CmdOperCond
                0x000000000800a272       0x40 ./Drivers/STM32H7xx_HAL_Driver/Src/stm32h7xx_ll_sdmmc.o
                0x000000000800a272                SDMMC_CmdOperCond
 .text.SDMMC_CmdAppCommand
                0x000000000800a2b2       0x46 ./Drivers/STM32H7xx_HAL_Driver/Src/stm32h7xx_ll_sdmmc.o
                0x000000000800a2b2                SDMMC_CmdAppCommand
 .text.SDMMC_CmdAppOperCommand
                0x000000000800a2f8       0x40 ./Drivers/STM32H7xx_HAL_Driver/Src/stm32h7xx_ll_sdmmc.o
                0x000000000800a2f8                SDMMC_CmdAppOperCommand
 .text.SDMMC_CmdBusWidth
                0x000000000800a338       0x46 ./Drivers/STM32H7xx_HAL_Driver/Src/stm32h7xx_ll_sdmmc.o
                0x000000000800a338                SDMMC_CmdBusWidth
 .text.SDMMC_CmdSendSCR
                0x000000000800a37e       0x44 ./Drivers/STM32H7xx_HAL_Driver/Src/stm32h7xx_ll_sdmmc.o
                0x000000000800a37e                SDMMC_CmdSendSCR
 .text.SDMMC_CmdSendCID
                0x000000000800a3c2       0x3e ./Drivers/STM32H7xx_HAL_Driver/Src/stm32h7xx_ll_sdmmc.o
                0x000000000800a3c2                SDMMC_CmdSendCID
 .text.SDMMC_CmdSendCSD
                0x000000000800a400       0x40 ./Drivers/STM32H7xx_HAL_Driver/Src/stm32h7xx_ll_sdmmc.o
                0x000000000800a400                SDMMC_CmdSendCSD
 .text.SDMMC_CmdSetRelAdd
                0x000000000800a440       0x44 ./Drivers/STM32H7xx_HAL_Driver/Src/stm32h7xx_ll_sdmmc.o
                0x000000000800a440                SDMMC_CmdSetRelAdd
 .text.SDMMC_CmdSendStatus
                0x000000000800a484       0x46 ./Drivers/STM32H7xx_HAL_Driver/Src/stm32h7xx_ll_sdmmc.o
                0x000000000800a484                SDMMC_CmdSendStatus
 .text.SDMMC_CmdStatusRegister
                0x000000000800a4ca       0x44 ./Drivers/STM32H7xx_HAL_Driver/Src/stm32h7xx_ll_sdmmc.o
                0x000000000800a4ca                SDMMC_CmdStatusRegister
 *fill*         0x000000000800a50e        0x2 
 .text.SDMMC_GetCmdResp1
                0x000000000800a510      0x1e4 ./Drivers/STM32H7xx_HAL_Driver/Src/stm32h7xx_ll_sdmmc.o
                0x000000000800a510                SDMMC_GetCmdResp1
 .text.SDMMC_GetCmdResp2
                0x000000000800a6f4       0x94 ./Drivers/STM32H7xx_HAL_Driver/Src/stm32h7xx_ll_sdmmc.o
                0x000000000800a6f4                SDMMC_GetCmdResp2
 .text.SDMMC_GetCmdResp3
                0x000000000800a788       0x80 ./Drivers/STM32H7xx_HAL_Driver/Src/stm32h7xx_ll_sdmmc.o
                0x000000000800a788                SDMMC_GetCmdResp3
 .text.SDMMC_GetCmdResp6
                0x000000000800a808       0xf0 ./Drivers/STM32H7xx_HAL_Driver/Src/stm32h7xx_ll_sdmmc.o
                0x000000000800a808                SDMMC_GetCmdResp6
 .text.SDMMC_GetCmdResp7
                0x000000000800a8f8       0x9c ./Drivers/STM32H7xx_HAL_Driver/Src/stm32h7xx_ll_sdmmc.o
                0x000000000800a8f8                SDMMC_GetCmdResp7
 .text.SDMMC_GetCmdError
                0x000000000800a994       0x5c ./Drivers/STM32H7xx_HAL_Driver/Src/stm32h7xx_ll_sdmmc.o
 .text.MX_FATFS_Init
                0x000000000800a9f0       0x24 ./FATFS/App/fatfs.o
                0x000000000800a9f0                MX_FATFS_Init
 .text.get_fattime
                0x000000000800aa14       0x10 ./FATFS/App/fatfs.o
                0x000000000800aa14                get_fattime
 .text.BSP_SD_Init
                0x000000000800aa24       0x4c ./FATFS/Target/bsp_driver_sd.o
                0x000000000800aa24                BSP_SD_Init
 .text.BSP_SD_ReadBlocks
                0x000000000800aa70       0x3c ./FATFS/Target/bsp_driver_sd.o
                0x000000000800aa70                BSP_SD_ReadBlocks
 .text.BSP_SD_WriteBlocks
                0x000000000800aaac       0x3c ./FATFS/Target/bsp_driver_sd.o
                0x000000000800aaac                BSP_SD_WriteBlocks
 .text.BSP_SD_GetCardState
                0x000000000800aae8       0x20 ./FATFS/Target/bsp_driver_sd.o
                0x000000000800aae8                BSP_SD_GetCardState
 .text.BSP_SD_GetCardInfo
                0x000000000800ab08       0x1c ./FATFS/Target/bsp_driver_sd.o
                0x000000000800ab08                BSP_SD_GetCardInfo
 .text.HAL_SD_TxCpltCallback
                0x000000000800ab24       0x14 ./FATFS/Target/bsp_driver_sd.o
                0x000000000800ab24                HAL_SD_TxCpltCallback
 .text.HAL_SD_RxCpltCallback
                0x000000000800ab38       0x14 ./FATFS/Target/bsp_driver_sd.o
                0x000000000800ab38                HAL_SD_RxCpltCallback
 .text.BSP_SD_WriteCpltCallback
                0x000000000800ab4c        0xe ./FATFS/Target/bsp_driver_sd.o
                0x000000000800ab4c                BSP_SD_WriteCpltCallback
 .text.BSP_SD_ReadCpltCallback
                0x000000000800ab5a        0xe ./FATFS/Target/bsp_driver_sd.o
                0x000000000800ab5a                BSP_SD_ReadCpltCallback
 .text.BSP_SD_IsDetected
                0x000000000800ab68       0x1a ./FATFS/Target/bsp_driver_sd.o
                0x000000000800ab68                BSP_SD_IsDetected
 *fill*         0x000000000800ab82        0x2 
 .text.SD_CheckStatus
                0x000000000800ab84       0x3c ./FATFS/Target/sd_diskio.o
 .text.SD_initialize
                0x000000000800abc0       0x3c ./FATFS/Target/sd_diskio.o
                0x000000000800abc0                SD_initialize
 .text.SD_status
                0x000000000800abfc       0x1c ./FATFS/Target/sd_diskio.o
                0x000000000800abfc                SD_status
 .text.SD_read  0x000000000800ac18       0x42 ./FATFS/Target/sd_diskio.o
                0x000000000800ac18                SD_read
 .text.SD_write
                0x000000000800ac5a       0x42 ./FATFS/Target/sd_diskio.o
                0x000000000800ac5a                SD_write
 .text.SD_ioctl
                0x000000000800ac9c       0xb0 ./FATFS/Target/sd_diskio.o
                0x000000000800ac9c                SD_ioctl
 .text.disk_status
                0x000000000800ad4c       0x34 ./Middlewares/Third_Party/FatFs/src/diskio.o
                0x000000000800ad4c                disk_status
 .text.disk_initialize
                0x000000000800ad80       0x4c ./Middlewares/Third_Party/FatFs/src/diskio.o
                0x000000000800ad80                disk_initialize
 .text.disk_read
                0x000000000800adcc       0x40 ./Middlewares/Third_Party/FatFs/src/diskio.o
                0x000000000800adcc                disk_read
 .text.disk_write
                0x000000000800ae0c       0x40 ./Middlewares/Third_Party/FatFs/src/diskio.o
                0x000000000800ae0c                disk_write
 .text.disk_ioctl
                0x000000000800ae4c       0x3c ./Middlewares/Third_Party/FatFs/src/diskio.o
                0x000000000800ae4c                disk_ioctl
 .text.ld_word  0x000000000800ae88       0x30 ./Middlewares/Third_Party/FatFs/src/ff.o
 .text.ld_dword
                0x000000000800aeb8       0x46 ./Middlewares/Third_Party/FatFs/src/ff.o
 .text.ld_qword
                0x000000000800aefe      0x1b6 ./Middlewares/Third_Party/FatFs/src/ff.o
 .text.st_word  0x000000000800b0b4       0x36 ./Middlewares/Third_Party/FatFs/src/ff.o
 .text.st_dword
                0x000000000800b0ea       0x58 ./Middlewares/Third_Party/FatFs/src/ff.o
 .text.st_qword
                0x000000000800b142      0x110 ./Middlewares/Third_Party/FatFs/src/ff.o
 .text.mem_cpy  0x000000000800b252       0x42 ./Middlewares/Third_Party/FatFs/src/ff.o
 .text.mem_set  0x000000000800b294       0x36 ./Middlewares/Third_Party/FatFs/src/ff.o
 .text.mem_cmp  0x000000000800b2ca       0x4e ./Middlewares/Third_Party/FatFs/src/ff.o
 .text.chk_chr  0x000000000800b318       0x36 ./Middlewares/Third_Party/FatFs/src/ff.o
 *fill*         0x000000000800b34e        0x2 
 .text.chk_lock
                0x000000000800b350       0xb8 ./Middlewares/Third_Party/FatFs/src/ff.o
 .text.enq_lock
                0x000000000800b408       0x44 ./Middlewares/Third_Party/FatFs/src/ff.o
 .text.inc_lock
                0x000000000800b44c      0x11c ./Middlewares/Third_Party/FatFs/src/ff.o
 .text.dec_lock
                0x000000000800b568       0x78 ./Middlewares/Third_Party/FatFs/src/ff.o
 .text.clear_lock
                0x000000000800b5e0       0x48 ./Middlewares/Third_Party/FatFs/src/ff.o
 .text.sync_window
                0x000000000800b628       0x88 ./Middlewares/Third_Party/FatFs/src/ff.o
 .text.move_window
                0x000000000800b6b0       0x5a ./Middlewares/Third_Party/FatFs/src/ff.o
 *fill*         0x000000000800b70a        0x2 
 .text.sync_fs  0x000000000800b70c       0xe0 ./Middlewares/Third_Party/FatFs/src/ff.o
 .text.clust2sect
                0x000000000800b7ec       0x3e ./Middlewares/Third_Party/FatFs/src/ff.o
 *fill*         0x000000000800b82a        0x2 
 .text.get_fat  0x000000000800b82c      0x2ac ./Middlewares/Third_Party/FatFs/src/ff.o
 .text.put_fat  0x000000000800bad8      0x240 ./Middlewares/Third_Party/FatFs/src/ff.o
 .text.find_bitmap
                0x000000000800bd18      0x10e ./Middlewares/Third_Party/FatFs/src/ff.o
 .text.change_bitmap
                0x000000000800be26       0xea ./Middlewares/Third_Party/FatFs/src/ff.o
 .text.fill_first_frag
                0x000000000800bf10       0x5e ./Middlewares/Third_Party/FatFs/src/ff.o
 .text.fill_last_frag
                0x000000000800bf6e       0x62 ./Middlewares/Third_Party/FatFs/src/ff.o
 .text.remove_chain
                0x000000000800bfd0      0x168 ./Middlewares/Third_Party/FatFs/src/ff.o
 .text.create_chain
                0x000000000800c138      0x202 ./Middlewares/Third_Party/FatFs/src/ff.o
 .text.clmt_clust
                0x000000000800c33a       0x98 ./Middlewares/Third_Party/FatFs/src/ff.o
 .text.dir_sdi  0x000000000800c3d2      0x128 ./Middlewares/Third_Party/FatFs/src/ff.o
 .text.dir_next
                0x000000000800c4fa      0x1cc ./Middlewares/Third_Party/FatFs/src/ff.o
 .text.dir_alloc
                0x000000000800c6c6       0xb8 ./Middlewares/Third_Party/FatFs/src/ff.o
 .text.ld_clust
                0x000000000800c77e       0x3e ./Middlewares/Third_Party/FatFs/src/ff.o
 .text.st_clust
                0x000000000800c7bc       0x40 ./Middlewares/Third_Party/FatFs/src/ff.o
 .text.cmp_lfn  0x000000000800c7fc       0xe0 ./Middlewares/Third_Party/FatFs/src/ff.o
 .text.pick_lfn
                0x000000000800c8dc       0xc8 ./Middlewares/Third_Party/FatFs/src/ff.o
 .text.put_lfn  0x000000000800c9a4       0xd0 ./Middlewares/Third_Party/FatFs/src/ff.o
 .text.gen_numname
                0x000000000800ca74      0x11c ./Middlewares/Third_Party/FatFs/src/ff.o
 .text.sum_sfn  0x000000000800cb90       0x42 ./Middlewares/Third_Party/FatFs/src/ff.o
 .text.xdir_sum
                0x000000000800cbd2       0x66 ./Middlewares/Third_Party/FatFs/src/ff.o
 .text.xname_sum
                0x000000000800cc38       0x68 ./Middlewares/Third_Party/FatFs/src/ff.o
 .text.load_xdir
                0x000000000800cca0      0x17c ./Middlewares/Third_Party/FatFs/src/ff.o
 .text.load_obj_dir
                0x000000000800ce1c       0x6c ./Middlewares/Third_Party/FatFs/src/ff.o
 .text.store_xdir
                0x000000000800ce88       0xb6 ./Middlewares/Third_Party/FatFs/src/ff.o
 .text.create_xdir
                0x000000000800cf3e       0xce ./Middlewares/Third_Party/FatFs/src/ff.o
 .text.dir_read
                0x000000000800d00c      0x18e ./Middlewares/Third_Party/FatFs/src/ff.o
 .text.dir_find
                0x000000000800d19a      0x252 ./Middlewares/Third_Party/FatFs/src/ff.o
 .text.dir_register
                0x000000000800d3ec      0x354 ./Middlewares/Third_Party/FatFs/src/ff.o
 .text.create_name
                0x000000000800d740      0x370 ./Middlewares/Third_Party/FatFs/src/ff.o
 .text.follow_path
                0x000000000800dab0      0x15c ./Middlewares/Third_Party/FatFs/src/ff.o
 .text.get_ldnumber
                0x000000000800dc0c       0x88 ./Middlewares/Third_Party/FatFs/src/ff.o
 .text.check_fs
                0x000000000800dc94       0xc8 ./Middlewares/Third_Party/FatFs/src/ff.o
 .text.find_volume
                0x000000000800dd5c      0x734 ./Middlewares/Third_Party/FatFs/src/ff.o
 .text.validate
                0x000000000800e490       0x6a ./Middlewares/Third_Party/FatFs/src/ff.o
 *fill*         0x000000000800e4fa        0x2 
 .text.f_mount  0x000000000800e4fc       0x8c ./Middlewares/Third_Party/FatFs/src/ff.o
                0x000000000800e4fc                f_mount
 .text.f_open   0x000000000800e588      0x5a6 ./Middlewares/Third_Party/FatFs/src/ff.o
                0x000000000800e588                f_open
 .text.f_write  0x000000000800eb2e      0x3ae ./Middlewares/Third_Party/FatFs/src/ff.o
                0x000000000800eb2e                f_write
 .text.f_sync   0x000000000800eedc      0x23c ./Middlewares/Third_Party/FatFs/src/ff.o
                0x000000000800eedc                f_sync
 .text.f_close  0x000000000800f118       0x54 ./Middlewares/Third_Party/FatFs/src/ff.o
                0x000000000800f118                f_close
 .text.FATFS_LinkDriverEx
                0x000000000800f16c       0x98 ./Middlewares/Third_Party/FatFs/src/ff_gen_drv.o
                0x000000000800f16c                FATFS_LinkDriverEx
 .text.FATFS_LinkDriver
                0x000000000800f204       0x1e ./Middlewares/Third_Party/FatFs/src/ff_gen_drv.o
                0x000000000800f204                FATFS_LinkDriver
 *fill*         0x000000000800f222        0x2 
 .text.ff_convert
                0x000000000800f224       0x78 ./Middlewares/Third_Party/FatFs/src/option/ccsbcs.o
                0x000000000800f224                ff_convert
 .text.ff_wtoupper
                0x000000000800f29c      0x114 ./Middlewares/Third_Party/FatFs/src/option/ccsbcs.o
                0x000000000800f29c                ff_wtoupper
 .text.__errno  0x000000000800f3b0        0xc c:/st/stm32cubeide_1.9.0/stm32cubeide/plugins/com.st.stm32cube.ide.mcu.externaltools.gnu-tools-for-stm32.10.3-2021.10.win32_1.0.0.202111181127/tools/bin/../lib/gcc/arm-none-eabi/10.3.1/../../../../arm-none-eabi/lib/thumb/v7e-m+dp/hard\libc_nano.a(lib_a-errno.o)
                0x000000000800f3b0                __errno
 .text.__libc_init_array
                0x000000000800f3bc       0x48 c:/st/stm32cubeide_1.9.0/stm32cubeide/plugins/com.st.stm32cube.ide.mcu.externaltools.gnu-tools-for-stm32.10.3-2021.10.win32_1.0.0.202111181127/tools/bin/../lib/gcc/arm-none-eabi/10.3.1/../../../../arm-none-eabi/lib/thumb/v7e-m+dp/hard\libc_nano.a(lib_a-init.o)
                0x000000000800f3bc                __libc_init_array
 .text.memset   0x000000000800f404       0x10 c:/st/stm32cubeide_1.9.0/stm32cubeide/plugins/com.st.stm32cube.ide.mcu.externaltools.gnu-tools-for-stm32.10.3-2021.10.win32_1.0.0.202111181127/tools/bin/../lib/gcc/arm-none-eabi/10.3.1/../../../../arm-none-eabi/lib/thumb/v7e-m+dp/hard\libc_nano.a(lib_a-memset.o)
                0x000000000800f404                memset
 .text.printf   0x000000000800f414       0x30 c:/st/stm32cubeide_1.9.0/stm32cubeide/plugins/com.st.stm32cube.ide.mcu.externaltools.gnu-tools-for-stm32.10.3-2021.10.win32_1.0.0.202111181127/tools/bin/../lib/gcc/arm-none-eabi/10.3.1/../../../../arm-none-eabi/lib/thumb/v7e-m+dp/hard\libc_nano.a(lib_a-printf.o)
                0x000000000800f414                iprintf
                0x000000000800f414                printf
 .text._puts_r  0x000000000800f444       0xdc c:/st/stm32cubeide_1.9.0/stm32cubeide/plugins/com.st.stm32cube.ide.mcu.externaltools.gnu-tools-for-stm32.10.3-2021.10.win32_1.0.0.202111181127/tools/bin/../lib/gcc/arm-none-eabi/10.3.1/../../../../arm-none-eabi/lib/thumb/v7e-m+dp/hard\libc_nano.a(lib_a-puts.o)
                0x000000000800f444                _puts_r
 .text.puts     0x000000000800f520       0x10 c:/st/stm32cubeide_1.9.0/stm32cubeide/plugins/com.st.stm32cube.ide.mcu.externaltools.gnu-tools-for-stm32.10.3-2021.10.win32_1.0.0.202111181127/tools/bin/../lib/gcc/arm-none-eabi/10.3.1/../../../../arm-none-eabi/lib/thumb/v7e-m+dp/hard\libc_nano.a(lib_a-puts.o)
                0x000000000800f520                puts
 .text.sprintf  0x000000000800f530       0x40 c:/st/stm32cubeide_1.9.0/stm32cubeide/plugins/com.st.stm32cube.ide.mcu.externaltools.gnu-tools-for-stm32.10.3-2021.10.win32_1.0.0.202111181127/tools/bin/../lib/gcc/arm-none-eabi/10.3.1/../../../../arm-none-eabi/lib/thumb/v7e-m+dp/hard\libc_nano.a(lib_a-sprintf.o)
                0x000000000800f530                siprintf
                0x000000000800f530                sprintf
 .text.__swbuf_r
                0x000000000800f570       0xa4 c:/st/stm32cubeide_1.9.0/stm32cubeide/plugins/com.st.stm32cube.ide.mcu.externaltools.gnu-tools-for-stm32.10.3-2021.10.win32_1.0.0.202111181127/tools/bin/../lib/gcc/arm-none-eabi/10.3.1/../../../../arm-none-eabi/lib/thumb/v7e-m+dp/hard\libc_nano.a(lib_a-wbuf.o)
                0x000000000800f570                __swbuf_r
 .text.__swsetup_r
                0x000000000800f614       0xdc c:/st/stm32cubeide_1.9.0/stm32cubeide/plugins/com.st.stm32cube.ide.mcu.externaltools.gnu-tools-for-stm32.10.3-2021.10.win32_1.0.0.202111181127/tools/bin/../lib/gcc/arm-none-eabi/10.3.1/../../../../arm-none-eabi/lib/thumb/v7e-m+dp/hard\libc_nano.a(lib_a-wsetup.o)
                0x000000000800f614                __swsetup_r
 .text.__sflush_r
                0x000000000800f6f0      0x10c c:/st/stm32cubeide_1.9.0/stm32cubeide/plugins/com.st.stm32cube.ide.mcu.externaltools.gnu-tools-for-stm32.10.3-2021.10.win32_1.0.0.202111181127/tools/bin/../lib/gcc/arm-none-eabi/10.3.1/../../../../arm-none-eabi/lib/thumb/v7e-m+dp/hard\libc_nano.a(lib_a-fflush.o)
                0x000000000800f6f0                __sflush_r
 .text._fflush_r
                0x000000000800f7fc       0x78 c:/st/stm32cubeide_1.9.0/stm32cubeide/plugins/com.st.stm32cube.ide.mcu.externaltools.gnu-tools-for-stm32.10.3-2021.10.win32_1.0.0.202111181127/tools/bin/../lib/gcc/arm-none-eabi/10.3.1/../../../../arm-none-eabi/lib/thumb/v7e-m+dp/hard\libc_nano.a(lib_a-fflush.o)
                0x000000000800f7fc                _fflush_r
 .text.std      0x000000000800f874       0x48 c:/st/stm32cubeide_1.9.0/stm32cubeide/plugins/com.st.stm32cube.ide.mcu.externaltools.gnu-tools-for-stm32.10.3-2021.10.win32_1.0.0.202111181127/tools/bin/../lib/gcc/arm-none-eabi/10.3.1/../../../../arm-none-eabi/lib/thumb/v7e-m+dp/hard\libc_nano.a(lib_a-findfp.o)
 .text._cleanup_r
                0x000000000800f8bc        0xc c:/st/stm32cubeide_1.9.0/stm32cubeide/plugins/com.st.stm32cube.ide.mcu.externaltools.gnu-tools-for-stm32.10.3-2021.10.win32_1.0.0.202111181127/tools/bin/../lib/gcc/arm-none-eabi/10.3.1/../../../../arm-none-eabi/lib/thumb/v7e-m+dp/hard\libc_nano.a(lib_a-findfp.o)
                0x000000000800f8bc                _cleanup_r
 .text.__sfmoreglue
                0x000000000800f8c8       0x2c c:/st/stm32cubeide_1.9.0/stm32cubeide/plugins/com.st.stm32cube.ide.mcu.externaltools.gnu-tools-for-stm32.10.3-2021.10.win32_1.0.0.202111181127/tools/bin/../lib/gcc/arm-none-eabi/10.3.1/../../../../arm-none-eabi/lib/thumb/v7e-m+dp/hard\libc_nano.a(lib_a-findfp.o)
                0x000000000800f8c8                __sfmoreglue
 .text.__sfp_lock_acquire
                0x000000000800f8f4        0xc c:/st/stm32cubeide_1.9.0/stm32cubeide/plugins/com.st.stm32cube.ide.mcu.externaltools.gnu-tools-for-stm32.10.3-2021.10.win32_1.0.0.202111181127/tools/bin/../lib/gcc/arm-none-eabi/10.3.1/../../../../arm-none-eabi/lib/thumb/v7e-m+dp/hard\libc_nano.a(lib_a-findfp.o)
                0x000000000800f8f4                __sfp_lock_acquire
 .text.__sfp_lock_release
                0x000000000800f900        0xc c:/st/stm32cubeide_1.9.0/stm32cubeide/plugins/com.st.stm32cube.ide.mcu.externaltools.gnu-tools-for-stm32.10.3-2021.10.win32_1.0.0.202111181127/tools/bin/../lib/gcc/arm-none-eabi/10.3.1/../../../../arm-none-eabi/lib/thumb/v7e-m+dp/hard\libc_nano.a(lib_a-findfp.o)
                0x000000000800f900                __sfp_lock_release
 .text.__sinit_lock_acquire
                0x000000000800f90c        0xc c:/st/stm32cubeide_1.9.0/stm32cubeide/plugins/com.st.stm32cube.ide.mcu.externaltools.gnu-tools-for-stm32.10.3-2021.10.win32_1.0.0.202111181127/tools/bin/../lib/gcc/arm-none-eabi/10.3.1/../../../../arm-none-eabi/lib/thumb/v7e-m+dp/hard\libc_nano.a(lib_a-findfp.o)
                0x000000000800f90c                __sinit_lock_acquire
 .text.__sinit_lock_release
                0x000000000800f918        0xc c:/st/stm32cubeide_1.9.0/stm32cubeide/plugins/com.st.stm32cube.ide.mcu.externaltools.gnu-tools-for-stm32.10.3-2021.10.win32_1.0.0.202111181127/tools/bin/../lib/gcc/arm-none-eabi/10.3.1/../../../../arm-none-eabi/lib/thumb/v7e-m+dp/hard\libc_nano.a(lib_a-findfp.o)
                0x000000000800f918                __sinit_lock_release
 .text.__sinit  0x000000000800f924       0x70 c:/st/stm32cubeide_1.9.0/stm32cubeide/plugins/com.st.stm32cube.ide.mcu.externaltools.gnu-tools-for-stm32.10.3-2021.10.win32_1.0.0.202111181127/tools/bin/../lib/gcc/arm-none-eabi/10.3.1/../../../../arm-none-eabi/lib/thumb/v7e-m+dp/hard\libc_nano.a(lib_a-findfp.o)
                0x000000000800f924                __sinit
 .text.__sfp    0x000000000800f994       0x8c c:/st/stm32cubeide_1.9.0/stm32cubeide/plugins/com.st.stm32cube.ide.mcu.externaltools.gnu-tools-for-stm32.10.3-2021.10.win32_1.0.0.202111181127/tools/bin/../lib/gcc/arm-none-eabi/10.3.1/../../../../arm-none-eabi/lib/thumb/v7e-m+dp/hard\libc_nano.a(lib_a-findfp.o)
                0x000000000800f994                __sfp
 .text._fwalk_reent
                0x000000000800fa20       0x3e c:/st/stm32cubeide_1.9.0/stm32cubeide/plugins/com.st.stm32cube.ide.mcu.externaltools.gnu-tools-for-stm32.10.3-2021.10.win32_1.0.0.202111181127/tools/bin/../lib/gcc/arm-none-eabi/10.3.1/../../../../arm-none-eabi/lib/thumb/v7e-m+dp/hard\libc_nano.a(lib_a-fwalk.o)
                0x000000000800fa20                _fwalk_reent
 .text.__retarget_lock_init_recursive
                0x000000000800fa5e        0x2 c:/st/stm32cubeide_1.9.0/stm32cubeide/plugins/com.st.stm32cube.ide.mcu.externaltools.gnu-tools-for-stm32.10.3-2021.10.win32_1.0.0.202111181127/tools/bin/../lib/gcc/arm-none-eabi/10.3.1/../../../../arm-none-eabi/lib/thumb/v7e-m+dp/hard\libc_nano.a(lib_a-lock.o)
                0x000000000800fa5e                __retarget_lock_init_recursive
 .text.__retarget_lock_acquire_recursive
                0x000000000800fa60        0x2 c:/st/stm32cubeide_1.9.0/stm32cubeide/plugins/com.st.stm32cube.ide.mcu.externaltools.gnu-tools-for-stm32.10.3-2021.10.win32_1.0.0.202111181127/tools/bin/../lib/gcc/arm-none-eabi/10.3.1/../../../../arm-none-eabi/lib/thumb/v7e-m+dp/hard\libc_nano.a(lib_a-lock.o)
                0x000000000800fa60                __retarget_lock_acquire_recursive
 .text.__retarget_lock_release_recursive
                0x000000000800fa62        0x2 c:/st/stm32cubeide_1.9.0/stm32cubeide/plugins/com.st.stm32cube.ide.mcu.externaltools.gnu-tools-for-stm32.10.3-2021.10.win32_1.0.0.202111181127/tools/bin/../lib/gcc/arm-none-eabi/10.3.1/../../../../arm-none-eabi/lib/thumb/v7e-m+dp/hard\libc_nano.a(lib_a-lock.o)
                0x000000000800fa62                __retarget_lock_release_recursive
 .text.__swhatbuf_r
                0x000000000800fa64       0x4a c:/st/stm32cubeide_1.9.0/stm32cubeide/plugins/com.st.stm32cube.ide.mcu.externaltools.gnu-tools-for-stm32.10.3-2021.10.win32_1.0.0.202111181127/tools/bin/../lib/gcc/arm-none-eabi/10.3.1/../../../../arm-none-eabi/lib/thumb/v7e-m+dp/hard\libc_nano.a(lib_a-makebuf.o)
                0x000000000800fa64                __swhatbuf_r
 *fill*         0x000000000800faae        0x2 
 .text.__smakebuf_r
                0x000000000800fab0       0x80 c:/st/stm32cubeide_1.9.0/stm32cubeide/plugins/com.st.stm32cube.ide.mcu.externaltools.gnu-tools-for-stm32.10.3-2021.10.win32_1.0.0.202111181127/tools/bin/../lib/gcc/arm-none-eabi/10.3.1/../../../../arm-none-eabi/lib/thumb/v7e-m+dp/hard\libc_nano.a(lib_a-makebuf.o)
                0x000000000800fab0                __smakebuf_r
 .text._free_r  0x000000000800fb30       0x98 c:/st/stm32cubeide_1.9.0/stm32cubeide/plugins/com.st.stm32cube.ide.mcu.externaltools.gnu-tools-for-stm32.10.3-2021.10.win32_1.0.0.202111181127/tools/bin/../lib/gcc/arm-none-eabi/10.3.1/../../../../arm-none-eabi/lib/thumb/v7e-m+dp/hard\libc_nano.a(lib_a-nano-freer.o)
                0x000000000800fb30                _free_r
 .text.sbrk_aligned
                0x000000000800fbc8       0x40 c:/st/stm32cubeide_1.9.0/stm32cubeide/plugins/com.st.stm32cube.ide.mcu.externaltools.gnu-tools-for-stm32.10.3-2021.10.win32_1.0.0.202111181127/tools/bin/../lib/gcc/arm-none-eabi/10.3.1/../../../../arm-none-eabi/lib/thumb/v7e-m+dp/hard\libc_nano.a(lib_a-nano-mallocr.o)
 .text._malloc_r
                0x000000000800fc08       0xe8 c:/st/stm32cubeide_1.9.0/stm32cubeide/plugins/com.st.stm32cube.ide.mcu.externaltools.gnu-tools-for-stm32.10.3-2021.10.win32_1.0.0.202111181127/tools/bin/../lib/gcc/arm-none-eabi/10.3.1/../../../../arm-none-eabi/lib/thumb/v7e-m+dp/hard\libc_nano.a(lib_a-nano-mallocr.o)
                0x000000000800fc08                _malloc_r
 .text.__ssputs_r
                0x000000000800fcf0       0xb6 c:/st/stm32cubeide_1.9.0/stm32cubeide/plugins/com.st.stm32cube.ide.mcu.externaltools.gnu-tools-for-stm32.10.3-2021.10.win32_1.0.0.202111181127/tools/bin/../lib/gcc/arm-none-eabi/10.3.1/../../../../arm-none-eabi/lib/thumb/v7e-m+dp/hard\libc_nano.a(lib_a-nano-svfprintf.o)
                0x000000000800fcf0                __ssputs_r
 *fill*         0x000000000800fda6        0x2 
 .text._svfprintf_r
                0x000000000800fda8      0x200 c:/st/stm32cubeide_1.9.0/stm32cubeide/plugins/com.st.stm32cube.ide.mcu.externaltools.gnu-tools-for-stm32.10.3-2021.10.win32_1.0.0.202111181127/tools/bin/../lib/gcc/arm-none-eabi/10.3.1/../../../../arm-none-eabi/lib/thumb/v7e-m+dp/hard\libc_nano.a(lib_a-nano-svfprintf.o)
                0x000000000800fda8                _svfiprintf_r
                0x000000000800fda8                _svfprintf_r
 .text.__sfputc_r
                0x000000000800ffa8       0x2e c:/st/stm32cubeide_1.9.0/stm32cubeide/plugins/com.st.stm32cube.ide.mcu.externaltools.gnu-tools-for-stm32.10.3-2021.10.win32_1.0.0.202111181127/tools/bin/../lib/gcc/arm-none-eabi/10.3.1/../../../../arm-none-eabi/lib/thumb/v7e-m+dp/hard\libc_nano.a(lib_a-nano-vfprintf.o)
 .text.__sfputs_r
                0x000000000800ffd6       0x24 c:/st/stm32cubeide_1.9.0/stm32cubeide/plugins/com.st.stm32cube.ide.mcu.externaltools.gnu-tools-for-stm32.10.3-2021.10.win32_1.0.0.202111181127/tools/bin/../lib/gcc/arm-none-eabi/10.3.1/../../../../arm-none-eabi/lib/thumb/v7e-m+dp/hard\libc_nano.a(lib_a-nano-vfprintf.o)
                0x000000000800ffd6                __sfputs_r
 *fill*         0x000000000800fffa        0x2 
 .text._vfprintf_r
                0x000000000800fffc      0x260 c:/st/stm32cubeide_1.9.0/stm32cubeide/plugins/com.st.stm32cube.ide.mcu.externaltools.gnu-tools-for-stm32.10.3-2021.10.win32_1.0.0.202111181127/tools/bin/../lib/gcc/arm-none-eabi/10.3.1/../../../../arm-none-eabi/lib/thumb/v7e-m+dp/hard\libc_nano.a(lib_a-nano-vfprintf.o)
                0x000000000800fffc                _vfprintf_r
                0x000000000800fffc                _vfiprintf_r
 .text._printf_common
                0x000000000801025c       0xda c:/st/stm32cubeide_1.9.0/stm32cubeide/plugins/com.st.stm32cube.ide.mcu.externaltools.gnu-tools-for-stm32.10.3-2021.10.win32_1.0.0.202111181127/tools/bin/../lib/gcc/arm-none-eabi/10.3.1/../../../../arm-none-eabi/lib/thumb/v7e-m+dp/hard\libc_nano.a(lib_a-nano-vfprintf_i.o)
                0x000000000801025c                _printf_common
 *fill*         0x0000000008010336        0x2 
 .text._printf_i
                0x0000000008010338      0x24c c:/st/stm32cubeide_1.9.0/stm32cubeide/plugins/com.st.stm32cube.ide.mcu.externaltools.gnu-tools-for-stm32.10.3-2021.10.win32_1.0.0.202111181127/tools/bin/../lib/gcc/arm-none-eabi/10.3.1/../../../../arm-none-eabi/lib/thumb/v7e-m+dp/hard\libc_nano.a(lib_a-nano-vfprintf_i.o)
                0x0000000008010338                _printf_i
 .text._sbrk_r  0x0000000008010584       0x20 c:/st/stm32cubeide_1.9.0/stm32cubeide/plugins/com.st.stm32cube.ide.mcu.externaltools.gnu-tools-for-stm32.10.3-2021.10.win32_1.0.0.202111181127/tools/bin/../lib/gcc/arm-none-eabi/10.3.1/../../../../arm-none-eabi/lib/thumb/v7e-m+dp/hard\libc_nano.a(lib_a-sbrkr.o)
                0x0000000008010584                _sbrk_r
 .text.__sread  0x00000000080105a4       0x22 c:/st/stm32cubeide_1.9.0/stm32cubeide/plugins/com.st.stm32cube.ide.mcu.externaltools.gnu-tools-for-stm32.10.3-2021.10.win32_1.0.0.202111181127/tools/bin/../lib/gcc/arm-none-eabi/10.3.1/../../../../arm-none-eabi/lib/thumb/v7e-m+dp/hard\libc_nano.a(lib_a-stdio.o)
                0x00000000080105a4                __sread
 .text.__swrite
                0x00000000080105c6       0x38 c:/st/stm32cubeide_1.9.0/stm32cubeide/plugins/com.st.stm32cube.ide.mcu.externaltools.gnu-tools-for-stm32.10.3-2021.10.win32_1.0.0.202111181127/tools/bin/../lib/gcc/arm-none-eabi/10.3.1/../../../../arm-none-eabi/lib/thumb/v7e-m+dp/hard\libc_nano.a(lib_a-stdio.o)
                0x00000000080105c6                __swrite
 .text.__sseek  0x00000000080105fe       0x24 c:/st/stm32cubeide_1.9.0/stm32cubeide/plugins/com.st.stm32cube.ide.mcu.externaltools.gnu-tools-for-stm32.10.3-2021.10.win32_1.0.0.202111181127/tools/bin/../lib/gcc/arm-none-eabi/10.3.1/../../../../arm-none-eabi/lib/thumb/v7e-m+dp/hard\libc_nano.a(lib_a-stdio.o)
                0x00000000080105fe                __sseek
 .text.__sclose
                0x0000000008010622        0x8 c:/st/stm32cubeide_1.9.0/stm32cubeide/plugins/com.st.stm32cube.ide.mcu.externaltools.gnu-tools-for-stm32.10.3-2021.10.win32_1.0.0.202111181127/tools/bin/../lib/gcc/arm-none-eabi/10.3.1/../../../../arm-none-eabi/lib/thumb/v7e-m+dp/hard\libc_nano.a(lib_a-stdio.o)
                0x0000000008010622                __sclose
 *fill*         0x000000000801062a        0x2 
 .text._write_r
                0x000000000801062c       0x24 c:/st/stm32cubeide_1.9.0/stm32cubeide/plugins/com.st.stm32cube.ide.mcu.externaltools.gnu-tools-for-stm32.10.3-2021.10.win32_1.0.0.202111181127/tools/bin/../lib/gcc/arm-none-eabi/10.3.1/../../../../arm-none-eabi/lib/thumb/v7e-m+dp/hard\libc_nano.a(lib_a-writer.o)
                0x000000000801062c                _write_r
 .text._close_r
                0x0000000008010650       0x20 c:/st/stm32cubeide_1.9.0/stm32cubeide/plugins/com.st.stm32cube.ide.mcu.externaltools.gnu-tools-for-stm32.10.3-2021.10.win32_1.0.0.202111181127/tools/bin/../lib/gcc/arm-none-eabi/10.3.1/../../../../arm-none-eabi/lib/thumb/v7e-m+dp/hard\libc_nano.a(lib_a-closer.o)
                0x0000000008010650                _close_r
 .text._fstat_r
                0x0000000008010670       0x24 c:/st/stm32cubeide_1.9.0/stm32cubeide/plugins/com.st.stm32cube.ide.mcu.externaltools.gnu-tools-for-stm32.10.3-2021.10.win32_1.0.0.202111181127/tools/bin/../lib/gcc/arm-none-eabi/10.3.1/../../../../arm-none-eabi/lib/thumb/v7e-m+dp/hard\libc_nano.a(lib_a-fstatr.o)
                0x0000000008010670                _fstat_r
 .text._isatty_r
                0x0000000008010694       0x20 c:/st/stm32cubeide_1.9.0/stm32cubeide/plugins/com.st.stm32cube.ide.mcu.externaltools.gnu-tools-for-stm32.10.3-2021.10.win32_1.0.0.202111181127/tools/bin/../lib/gcc/arm-none-eabi/10.3.1/../../../../arm-none-eabi/lib/thumb/v7e-m+dp/hard\libc_nano.a(lib_a-isattyr.o)
                0x0000000008010694                _isatty_r
 .text._lseek_r
                0x00000000080106b4       0x24 c:/st/stm32cubeide_1.9.0/stm32cubeide/plugins/com.st.stm32cube.ide.mcu.externaltools.gnu-tools-for-stm32.10.3-2021.10.win32_1.0.0.202111181127/tools/bin/../lib/gcc/arm-none-eabi/10.3.1/../../../../arm-none-eabi/lib/thumb/v7e-m+dp/hard\libc_nano.a(lib_a-lseekr.o)
                0x00000000080106b4                _lseek_r
 .text.memcpy   0x00000000080106d8       0x1c c:/st/stm32cubeide_1.9.0/stm32cubeide/plugins/com.st.stm32cube.ide.mcu.externaltools.gnu-tools-for-stm32.10.3-2021.10.win32_1.0.0.202111181127/tools/bin/../lib/gcc/arm-none-eabi/10.3.1/../../../../arm-none-eabi/lib/thumb/v7e-m+dp/hard\libc_nano.a(lib_a-memcpy-stub.o)
                0x00000000080106d8                memcpy
 .text.memmove  0x00000000080106f4       0x34 c:/st/stm32cubeide_1.9.0/stm32cubeide/plugins/com.st.stm32cube.ide.mcu.externaltools.gnu-tools-for-stm32.10.3-2021.10.win32_1.0.0.202111181127/tools/bin/../lib/gcc/arm-none-eabi/10.3.1/../../../../arm-none-eabi/lib/thumb/v7e-m+dp/hard\libc_nano.a(lib_a-memmove.o)
                0x00000000080106f4                memmove
 .text.__malloc_lock
                0x0000000008010728        0xc c:/st/stm32cubeide_1.9.0/stm32cubeide/plugins/com.st.stm32cube.ide.mcu.externaltools.gnu-tools-for-stm32.10.3-2021.10.win32_1.0.0.202111181127/tools/bin/../lib/gcc/arm-none-eabi/10.3.1/../../../../arm-none-eabi/lib/thumb/v7e-m+dp/hard\libc_nano.a(lib_a-mlock.o)
                0x0000000008010728                __malloc_lock
 .text.__malloc_unlock
                0x0000000008010734        0xc c:/st/stm32cubeide_1.9.0/stm32cubeide/plugins/com.st.stm32cube.ide.mcu.externaltools.gnu-tools-for-stm32.10.3-2021.10.win32_1.0.0.202111181127/tools/bin/../lib/gcc/arm-none-eabi/10.3.1/../../../../arm-none-eabi/lib/thumb/v7e-m+dp/hard\libc_nano.a(lib_a-mlock.o)
                0x0000000008010734                __malloc_unlock
 .text._realloc_r
                0x0000000008010740       0x5e c:/st/stm32cubeide_1.9.0/stm32cubeide/plugins/com.st.stm32cube.ide.mcu.externaltools.gnu-tools-for-stm32.10.3-2021.10.win32_1.0.0.202111181127/tools/bin/../lib/gcc/arm-none-eabi/10.3.1/../../../../arm-none-eabi/lib/thumb/v7e-m+dp/hard\libc_nano.a(lib_a-nano-reallocr.o)
                0x0000000008010740                _realloc_r
 *fill*         0x000000000801079e        0x2 
 .text._read_r  0x00000000080107a0       0x24 c:/st/stm32cubeide_1.9.0/stm32cubeide/plugins/com.st.stm32cube.ide.mcu.externaltools.gnu-tools-for-stm32.10.3-2021.10.win32_1.0.0.202111181127/tools/bin/../lib/gcc/arm-none-eabi/10.3.1/../../../../arm-none-eabi/lib/thumb/v7e-m+dp/hard\libc_nano.a(lib_a-readr.o)
                0x00000000080107a0                _read_r
 .text._malloc_usable_size_r
                0x00000000080107c4       0x10 c:/st/stm32cubeide_1.9.0/stm32cubeide/plugins/com.st.stm32cube.ide.mcu.externaltools.gnu-tools-for-stm32.10.3-2021.10.win32_1.0.0.202111181127/tools/bin/../lib/gcc/arm-none-eabi/10.3.1/../../../../arm-none-eabi/lib/thumb/v7e-m+dp/hard\libc_nano.a(lib_a-nano-msizer.o)
                0x00000000080107c4                _malloc_usable_size_r
 *(.glue_7)
 .glue_7        0x00000000080107d4        0x0 linker stubs
 *(.glue_7t)
 .glue_7t       0x00000000080107d4        0x0 linker stubs
 *(.eh_frame)
 .eh_frame      0x00000000080107d4        0x0 c:/st/stm32cubeide_1.9.0/stm32cubeide/plugins/com.st.stm32cube.ide.mcu.externaltools.gnu-tools-for-stm32.10.3-2021.10.win32_1.0.0.202111181127/tools/bin/../lib/gcc/arm-none-eabi/10.3.1/thumb/v7e-m+dp/hard/crtbegin.o
 *(.init)
 .init          0x00000000080107d4        0x4 c:/st/stm32cubeide_1.9.0/stm32cubeide/plugins/com.st.stm32cube.ide.mcu.externaltools.gnu-tools-for-stm32.10.3-2021.10.win32_1.0.0.202111181127/tools/bin/../lib/gcc/arm-none-eabi/10.3.1/thumb/v7e-m+dp/hard/crti.o
                0x00000000080107d4                _init
 .init          0x00000000080107d8        0x8 c:/st/stm32cubeide_1.9.0/stm32cubeide/plugins/com.st.stm32cube.ide.mcu.externaltools.gnu-tools-for-stm32.10.3-2021.10.win32_1.0.0.202111181127/tools/bin/../lib/gcc/arm-none-eabi/10.3.1/thumb/v7e-m+dp/hard/crtn.o
 *(.fini)
 .fini          0x00000000080107e0        0x4 c:/st/stm32cubeide_1.9.0/stm32cubeide/plugins/com.st.stm32cube.ide.mcu.externaltools.gnu-tools-for-stm32.10.3-2021.10.win32_1.0.0.202111181127/tools/bin/../lib/gcc/arm-none-eabi/10.3.1/thumb/v7e-m+dp/hard/crti.o
                0x00000000080107e0                _fini
 .fini          0x00000000080107e4        0x8 c:/st/stm32cubeide_1.9.0/stm32cubeide/plugins/com.st.stm32cube.ide.mcu.externaltools.gnu-tools-for-stm32.10.3-2021.10.win32_1.0.0.202111181127/tools/bin/../lib/gcc/arm-none-eabi/10.3.1/thumb/v7e-m+dp/hard/crtn.o
                0x00000000080107ec                . = ALIGN (0x4)
                0x00000000080107ec                _etext = .

.vfp11_veneer   0x00000000080107ec        0x0
 .vfp11_veneer  0x00000000080107ec        0x0 linker stubs

.v4_bx          0x00000000080107ec        0x0
 .v4_bx         0x00000000080107ec        0x0 linker stubs

.iplt           0x00000000080107ec        0x0
 .iplt          0x00000000080107ec        0x0 c:/st/stm32cubeide_1.9.0/stm32cubeide/plugins/com.st.stm32cube.ide.mcu.externaltools.gnu-tools-for-stm32.10.3-2021.10.win32_1.0.0.202111181127/tools/bin/../lib/gcc/arm-none-eabi/10.3.1/thumb/v7e-m+dp/hard/crtbegin.o

.rodata         0x00000000080107ec      0x610
                0x00000000080107ec                . = ALIGN (0x4)
 *(.rodata)
 .rodata        0x00000000080107ec        0x3 ./Core/Src/icm209482.o
 *fill*         0x00000000080107ef        0x1 
 .rodata        0x00000000080107f0       0x94 ./Core/Src/main.o
 .rodata        0x0000000008010884       0x54 ./Middlewares/Third_Party/FatFs/src/ff.o
 *(.rodata*)
 .rodata.D1CorePrescTable
                0x00000000080108d8       0x10 ./Core/Src/system_stm32h7xx.o
                0x00000000080108d8                D1CorePrescTable
 .rodata.UARTPrescTable
                0x00000000080108e8       0x18 ./Drivers/STM32H7xx_HAL_Driver/Src/stm32h7xx_hal_uart.o
                0x00000000080108e8                UARTPrescTable
 .rodata.numerator.1
                0x0000000008010900        0x8 ./Drivers/STM32H7xx_HAL_Driver/Src/stm32h7xx_hal_uart_ex.o
 .rodata.denominator.0
                0x0000000008010908        0x8 ./Drivers/STM32H7xx_HAL_Driver/Src/stm32h7xx_hal_uart_ex.o
 .rodata.SD_Driver
                0x0000000008010910       0x14 ./FATFS/Target/sd_diskio.o
                0x0000000008010910                SD_Driver
 .rodata.ExCvt  0x0000000008010924       0x80 ./Middlewares/Third_Party/FatFs/src/ff.o
 .rodata.LfnOfs
                0x00000000080109a4        0xd ./Middlewares/Third_Party/FatFs/src/ff.o
 *fill*         0x00000000080109b1        0x3 
 .rodata.Tbl    0x00000000080109b4      0x100 ./Middlewares/Third_Party/FatFs/src/option/ccsbcs.o
 .rodata.cvt1.1
                0x0000000008010ab4      0x1f2 ./Middlewares/Third_Party/FatFs/src/option/ccsbcs.o
 *fill*         0x0000000008010ca6        0x2 
 .rodata.cvt2.0
                0x0000000008010ca8       0xbc ./Middlewares/Third_Party/FatFs/src/option/ccsbcs.o
 .rodata._global_impure_ptr
                0x0000000008010d64        0x4 c:/st/stm32cubeide_1.9.0/stm32cubeide/plugins/com.st.stm32cube.ide.mcu.externaltools.gnu-tools-for-stm32.10.3-2021.10.win32_1.0.0.202111181127/tools/bin/../lib/gcc/arm-none-eabi/10.3.1/../../../../arm-none-eabi/lib/thumb/v7e-m+dp/hard\libc_nano.a(lib_a-impure.o)
                0x0000000008010d64                _global_impure_ptr
 .rodata.__sf_fake_stderr
                0x0000000008010d68       0x20 c:/st/stm32cubeide_1.9.0/stm32cubeide/plugins/com.st.stm32cube.ide.mcu.externaltools.gnu-tools-for-stm32.10.3-2021.10.win32_1.0.0.202111181127/tools/bin/../lib/gcc/arm-none-eabi/10.3.1/../../../../arm-none-eabi/lib/thumb/v7e-m+dp/hard\libc_nano.a(lib_a-findfp.o)
                0x0000000008010d68                __sf_fake_stderr
 .rodata.__sf_fake_stdin
                0x0000000008010d88       0x20 c:/st/stm32cubeide_1.9.0/stm32cubeide/plugins/com.st.stm32cube.ide.mcu.externaltools.gnu-tools-for-stm32.10.3-2021.10.win32_1.0.0.202111181127/tools/bin/../lib/gcc/arm-none-eabi/10.3.1/../../../../arm-none-eabi/lib/thumb/v7e-m+dp/hard\libc_nano.a(lib_a-findfp.o)
                0x0000000008010d88                __sf_fake_stdin
 .rodata.__sf_fake_stdout
                0x0000000008010da8       0x20 c:/st/stm32cubeide_1.9.0/stm32cubeide/plugins/com.st.stm32cube.ide.mcu.externaltools.gnu-tools-for-stm32.10.3-2021.10.win32_1.0.0.202111181127/tools/bin/../lib/gcc/arm-none-eabi/10.3.1/../../../../arm-none-eabi/lib/thumb/v7e-m+dp/hard\libc_nano.a(lib_a-findfp.o)
                0x0000000008010da8                __sf_fake_stdout
 .rodata._svfprintf_r.str1.1
                0x0000000008010dc8       0x11 c:/st/stm32cubeide_1.9.0/stm32cubeide/plugins/com.st.stm32cube.ide.mcu.externaltools.gnu-tools-for-stm32.10.3-2021.10.win32_1.0.0.202111181127/tools/bin/../lib/gcc/arm-none-eabi/10.3.1/../../../../arm-none-eabi/lib/thumb/v7e-m+dp/hard\libc_nano.a(lib_a-nano-svfprintf.o)
 .rodata._vfprintf_r.str1.1
                0x0000000008010dd9       0x11 c:/st/stm32cubeide_1.9.0/stm32cubeide/plugins/com.st.stm32cube.ide.mcu.externaltools.gnu-tools-for-stm32.10.3-2021.10.win32_1.0.0.202111181127/tools/bin/../lib/gcc/arm-none-eabi/10.3.1/../../../../arm-none-eabi/lib/thumb/v7e-m+dp/hard\libc_nano.a(lib_a-nano-vfprintf.o)
 .rodata._printf_i.str1.1
                0x0000000008010dd9       0x22 c:/st/stm32cubeide_1.9.0/stm32cubeide/plugins/com.st.stm32cube.ide.mcu.externaltools.gnu-tools-for-stm32.10.3-2021.10.win32_1.0.0.202111181127/tools/bin/../lib/gcc/arm-none-eabi/10.3.1/../../../../arm-none-eabi/lib/thumb/v7e-m+dp/hard\libc_nano.a(lib_a-nano-vfprintf_i.o)
                0x0000000008010dfc                . = ALIGN (0x4)
 *fill*         0x0000000008010dfb        0x1 

.ARM.extab
 *(.ARM.extab* .gnu.linkonce.armextab.*)

.ARM            0x0000000008010dfc        0x8
                0x0000000008010dfc                __exidx_start = .
 *(.ARM.exidx*)
 .ARM.exidx     0x0000000008010dfc        0x8 c:/st/stm32cubeide_1.9.0/stm32cubeide/plugins/com.st.stm32cube.ide.mcu.externaltools.gnu-tools-for-stm32.10.3-2021.10.win32_1.0.0.202111181127/tools/bin/../lib/gcc/arm-none-eabi/10.3.1/thumb/v7e-m+dp/hard\libgcc.a(_udivmoddi4.o)
                0x0000000008010e04                __exidx_end = .

.rel.dyn        0x0000000008010e04        0x0
 .rel.iplt      0x0000000008010e04        0x0 c:/st/stm32cubeide_1.9.0/stm32cubeide/plugins/com.st.stm32cube.ide.mcu.externaltools.gnu-tools-for-stm32.10.3-2021.10.win32_1.0.0.202111181127/tools/bin/../lib/gcc/arm-none-eabi/10.3.1/thumb/v7e-m+dp/hard/crtbegin.o

.preinit_array  0x0000000008010e04        0x0
                0x0000000008010e04                PROVIDE (__preinit_array_start = .)
 *(.preinit_array*)
                0x0000000008010e04                PROVIDE (__preinit_array_end = .)

.init_array     0x0000000008010e04        0x4
                0x0000000008010e04                PROVIDE (__init_array_start = .)
 *(SORT_BY_NAME(.init_array.*))
 *(.init_array*)
 .init_array    0x0000000008010e04        0x4 c:/st/stm32cubeide_1.9.0/stm32cubeide/plugins/com.st.stm32cube.ide.mcu.externaltools.gnu-tools-for-stm32.10.3-2021.10.win32_1.0.0.202111181127/tools/bin/../lib/gcc/arm-none-eabi/10.3.1/thumb/v7e-m+dp/hard/crtbegin.o
                0x0000000008010e08                PROVIDE (__init_array_end = .)

.fini_array     0x0000000008010e08        0x4
                [!provide]                        PROVIDE (__fini_array_start = .)
 *(SORT_BY_NAME(.fini_array.*))
 *(.fini_array*)
 .fini_array    0x0000000008010e08        0x4 c:/st/stm32cubeide_1.9.0/stm32cubeide/plugins/com.st.stm32cube.ide.mcu.externaltools.gnu-tools-for-stm32.10.3-2021.10.win32_1.0.0.202111181127/tools/bin/../lib/gcc/arm-none-eabi/10.3.1/thumb/v7e-m+dp/hard/crtbegin.o
                [!provide]                        PROVIDE (__fini_array_end = .)
                0x0000000008010e0c                _sidata = LOADADDR (.data)

.data           0x0000000024000000       0x74 load address 0x0000000008010e0c
                0x0000000024000000                . = ALIGN (0x4)
                0x0000000024000000                _sdata = .
 *(.data)
 *(.data*)
 .data.SystemCoreClock
                0x0000000024000000        0x4 ./Core/Src/system_stm32h7xx.o
                0x0000000024000000                SystemCoreClock
 .data.SystemD2Clock
                0x0000000024000004        0x4 ./Core/Src/system_stm32h7xx.o
                0x0000000024000004                SystemD2Clock
 .data.uwTickPrio
                0x0000000024000008        0x4 ./Drivers/STM32H7xx_HAL_Driver/Src/stm32h7xx_hal.o
                0x0000000024000008                uwTickPrio
 .data.uwTickFreq
                0x000000002400000c        0x1 ./Drivers/STM32H7xx_HAL_Driver/Src/stm32h7xx_hal.o
                0x000000002400000c                uwTickFreq
 .data.Stat     0x000000002400000d        0x1 ./FATFS/Target/sd_diskio.o
 *fill*         0x000000002400000e        0x2 
 .data._impure_ptr
                0x0000000024000010        0x4 c:/st/stm32cubeide_1.9.0/stm32cubeide/plugins/com.st.stm32cube.ide.mcu.externaltools.gnu-tools-for-stm32.10.3-2021.10.win32_1.0.0.202111181127/tools/bin/../lib/gcc/arm-none-eabi/10.3.1/../../../../arm-none-eabi/lib/thumb/v7e-m+dp/hard\libc_nano.a(lib_a-impure.o)
                0x0000000024000010                _impure_ptr
 .data.impure_data