../Core/Src/icm20948.c:33:6:icm20948_init	8	static
../Core/Src/icm20948.c:62:6:ak09916_init	8	static
../Core/Src/icm20948.c:74:6:icm20948_gyro_read	24	static
../Core/Src/icm20948.c:83:6:icm20948_accel_read	24	static
../Core/Src/icm20948.c:93:6:icm20948_accel_gyro_read	24	static
../Core/Src/icm20948.c:106:6:ak09916_mag_read	32	static
../Core/Src/icm20948.c:126:6:icm20948_gyro_read_dps	16	static
../Core/Src/icm20948.c:135:6:icm20948_accel_read_g	16	static
../Core/Src/icm20948.c:144:6:ak09916_mag_read_uT	24	static
../Core/Src/icm20948.c:159:6:icm20948_who_am_i	16	static
../Core/Src/icm20948.c:169:6:ak09916_who_am_i	16	static
../Core/Src/icm20948.c:179:6:icm20948_device_reset	8	static
../Core/Src/icm20948.c:185:6:ak09916_soft_reset	8	static
../Core/Src/icm20948.c:191:6:icm20948_wakeup	16	static
../Core/Src/icm20948.c:200:6:icm20948_sleep	16	static
../Core/Src/icm20948.c:209:6:icm20948_spi_slave_enable	16	static
../Core/Src/icm20948.c:217:6:icm20948_i2c_master_reset	16	static
../Core/Src/icm20948.c:225:6:icm20948_i2c_master_enable	16	static
../Core/Src/icm20948.c:234:6:icm20948_i2c_master_clk_frq	24	static
../Core/Src/icm20948.c:242:6:icm20948_clock_source	24	static
../Core/Src/icm20948.c:250:6:icm20948_odr_align_enable	8	static
../Core/Src/icm20948.c:255:6:icm20948_gyro_low_pass_filter	24	static
../Core/Src/icm20948.c:263:6:icm20948_accel_low_pass_filter	24	static
../Core/Src/icm20948.c:271:6:icm20948_gyro_sample_rate_divider	16	static
../Core/Src/icm20948.c:276:6:icm20948_data_ready_int_enable	16	static
../Core/Src/icm20948.c:281:6:icm20948_accel_sample_rate_divider	24	static
../Core/Src/icm20948.c:290:6:ak09916_operation_mode_setting	16	static
../Core/Src/icm20948.c:296:6:icm20948_gyro_calibration	40	static
../Core/Src/icm20948.c:328:6:icm20948_accel_calibration	72	static
../Core/Src/icm20948.c:386:6:icm20948_gyro_full_scale_select	24	static
../Core/Src/icm20948.c:413:6:icm20948_accel_full_scale_select	24	static
../Core/Src/icm20948.c:442:13:cs_high	8	static
../Core/Src/icm20948.c:447:13:cs_low	8	static
../Core/Src/icm20948.c:452:13:select_user_bank	24	static
../Core/Src/icm20948.c:463:16:read_single_icm20948_reg	24	static
../Core/Src/icm20948.c:477:13:write_single_icm20948_reg	24	static
../Core/Src/icm20948.c:490:17:read_multiple_icm20948_reg	24	static
../Core/Src/icm20948.c:504:13:write_multiple_icm20948_reg	24	static
../Core/Src/icm20948.c:515:16:read_single_ak09916_reg	16	static
../Core/Src/icm20948.c:525:13:write_single_ak09916_reg	16	static
../Core/Src/icm20948.c:533:17:read_multiple_ak09916_reg	16	static
