../Core/Src/icm209482.c:33:6:icm20948_init	8	static
../Core/Src/icm209482.c:58:6:ak09916_init	8	static
../Core/Src/icm209482.c:70:6:icm20948_gyro_read	24	static
../Core/Src/icm209482.c:79:6:icm20948_accel_read	24	static
../Core/Src/icm209482.c:89:6:ak09916_mag_read	32	static
../Core/Src/icm209482.c:109:6:icm20948_gyro_read_dps	16	static
../Core/Src/icm209482.c:118:6:icm20948_accel_read_g	16	static
../Core/Src/icm209482.c:127:6:ak09916_mag_read_uT	24	static
../Core/Src/icm209482.c:142:6:icm20948_who_am_i	16	static
../Core/Src/icm209482.c:152:6:ak09916_who_am_i	16	static
../Core/Src/icm209482.c:162:6:icm20948_device_reset	8	static
../Core/Src/icm209482.c:168:6:ak09916_soft_reset	8	static
../Core/Src/icm209482.c:174:6:icm20948_wakeup	16	static
../Core/Src/icm209482.c:183:6:icm20948_sleep	16	static
../Core/Src/icm209482.c:192:6:icm20948_spi_slave_enable	16	static
../Core/Src/icm209482.c:200:6:icm20948_i2c_master_reset	16	static
../Core/Src/icm209482.c:208:6:icm20948_i2c_master_enable	16	static
../Core/Src/icm209482.c:217:6:icm20948_i2c_master_clk_frq	24	static
../Core/Src/icm209482.c:225:6:icm20948_clock_source	24	static
../Core/Src/icm209482.c:233:6:icm20948_odr_align_enable	8	static
../Core/Src/icm209482.c:238:6:icm20948_gyro_low_pass_filter	24	static
../Core/Src/icm209482.c:246:6:icm20948_accel_low_pass_filter	24	static
../Core/Src/icm209482.c:254:6:icm20948_gyro_sample_rate_divider	16	static
../Core/Src/icm209482.c:259:6:icm20948_accel_sample_rate_divider	24	static
../Core/Src/icm209482.c:268:6:ak09916_operation_mode_setting	16	static
../Core/Src/icm209482.c:274:6:icm20948_gyro_calibration	40	static
../Core/Src/icm209482.c:306:6:icm20948_accel_calibration	72	static
../Core/Src/icm209482.c:364:6:icm20948_gyro_full_scale_select	24	static
../Core/Src/icm209482.c:391:6:icm20948_accel_full_scale_select	24	static
../Core/Src/icm209482.c:420:13:cs_high	8	static
../Core/Src/icm209482.c:425:13:cs_low	8	static
../Core/Src/icm209482.c:430:13:select_user_bank	24	static
../Core/Src/icm209482.c:441:16:read_single_icm20948_reg	24	static
../Core/Src/icm209482.c:455:13:write_single_icm20948_reg	24	static
../Core/Src/icm209482.c:468:17:read_multiple_icm20948_reg	24	static
../Core/Src/icm209482.c:482:13:write_multiple_icm20948_reg	24	static
../Core/Src/icm209482.c:493:16:read_single_ak09916_reg	16	static
../Core/Src/icm209482.c:503:13:write_single_ak09916_reg	16	static
../Core/Src/icm209482.c:511:17:read_multiple_ak09916_reg	16	static
